Archive member included to satisfy reference by file (symbol)

d:/st/stm32cubeide_1.5.1/stm32cubeide/plugins/com.st.stm32cube.ide.mcu.externaltools.gnu-tools-for-stm32.7-2018-q2-update.win32_1.5.0.202011040924/tools/bin/../lib/gcc/arm-none-eabi/7.3.1/../../../../arm-none-eabi/lib/thumb/v7e-m/fpv4-sp/hard\libc_nano.a(lib_a-errno.o)
                              Core/Src/syscalls.o (__errno)
d:/st/stm32cubeide_1.5.1/stm32cubeide/plugins/com.st.stm32cube.ide.mcu.externaltools.gnu-tools-for-stm32.7-2018-q2-update.win32_1.5.0.202011040924/tools/bin/../lib/gcc/arm-none-eabi/7.3.1/../../../../arm-none-eabi/lib/thumb/v7e-m/fpv4-sp/hard\libc_nano.a(lib_a-exit.o)
                              d:/st/stm32cubeide_1.5.1/stm32cubeide/plugins/com.st.stm32cube.ide.mcu.externaltools.gnu-tools-for-stm32.7-2018-q2-update.win32_1.5.0.202011040924/tools/bin/../lib/gcc/arm-none-eabi/7.3.1/../../../../arm-none-eabi/lib/thumb/v7e-m/fpv4-sp/hard/crt0.o (exit)
d:/st/stm32cubeide_1.5.1/stm32cubeide/plugins/com.st.stm32cube.ide.mcu.externaltools.gnu-tools-for-stm32.7-2018-q2-update.win32_1.5.0.202011040924/tools/bin/../lib/gcc/arm-none-eabi/7.3.1/../../../../arm-none-eabi/lib/thumb/v7e-m/fpv4-sp/hard\libc_nano.a(lib_a-impure.o)
                              d:/st/stm32cubeide_1.5.1/stm32cubeide/plugins/com.st.stm32cube.ide.mcu.externaltools.gnu-tools-for-stm32.7-2018-q2-update.win32_1.5.0.202011040924/tools/bin/../lib/gcc/arm-none-eabi/7.3.1/../../../../arm-none-eabi/lib/thumb/v7e-m/fpv4-sp/hard\libc_nano.a(lib_a-exit.o) (_global_impure_ptr)
d:/st/stm32cubeide_1.5.1/stm32cubeide/plugins/com.st.stm32cube.ide.mcu.externaltools.gnu-tools-for-stm32.7-2018-q2-update.win32_1.5.0.202011040924/tools/bin/../lib/gcc/arm-none-eabi/7.3.1/../../../../arm-none-eabi/lib/thumb/v7e-m/fpv4-sp/hard\libc_nano.a(lib_a-init.o)
                              d:/st/stm32cubeide_1.5.1/stm32cubeide/plugins/com.st.stm32cube.ide.mcu.externaltools.gnu-tools-for-stm32.7-2018-q2-update.win32_1.5.0.202011040924/tools/bin/../lib/gcc/arm-none-eabi/7.3.1/../../../../arm-none-eabi/lib/thumb/v7e-m/fpv4-sp/hard/crt0.o (__libc_init_array)
d:/st/stm32cubeide_1.5.1/stm32cubeide/plugins/com.st.stm32cube.ide.mcu.externaltools.gnu-tools-for-stm32.7-2018-q2-update.win32_1.5.0.202011040924/tools/bin/../lib/gcc/arm-none-eabi/7.3.1/../../../../arm-none-eabi/lib/thumb/v7e-m/fpv4-sp/hard\libc_nano.a(lib_a-memset.o)
                              d:/st/stm32cubeide_1.5.1/stm32cubeide/plugins/com.st.stm32cube.ide.mcu.externaltools.gnu-tools-for-stm32.7-2018-q2-update.win32_1.5.0.202011040924/tools/bin/../lib/gcc/arm-none-eabi/7.3.1/../../../../arm-none-eabi/lib/thumb/v7e-m/fpv4-sp/hard/crt0.o (memset)
d:/st/stm32cubeide_1.5.1/stm32cubeide/plugins/com.st.stm32cube.ide.mcu.externaltools.gnu-tools-for-stm32.7-2018-q2-update.win32_1.5.0.202011040924/tools/bin/../lib/gcc/arm-none-eabi/7.3.1/thumb/v7e-m/fpv4-sp/hard\libgcc.a(_aeabi_uldivmod.o)
                              Drivers/STM32F4xx_HAL_Driver/Src/stm32f4xx_hal_rcc.o (__aeabi_uldivmod)
d:/st/stm32cubeide_1.5.1/stm32cubeide/plugins/com.st.stm32cube.ide.mcu.externaltools.gnu-tools-for-stm32.7-2018-q2-update.win32_1.5.0.202011040924/tools/bin/../lib/gcc/arm-none-eabi/7.3.1/thumb/v7e-m/fpv4-sp/hard\libgcc.a(_udivmoddi4.o)
                              d:/st/stm32cubeide_1.5.1/stm32cubeide/plugins/com.st.stm32cube.ide.mcu.externaltools.gnu-tools-for-stm32.7-2018-q2-update.win32_1.5.0.202011040924/tools/bin/../lib/gcc/arm-none-eabi/7.3.1/thumb/v7e-m/fpv4-sp/hard\libgcc.a(_aeabi_uldivmod.o) (__udivmoddi4)
d:/st/stm32cubeide_1.5.1/stm32cubeide/plugins/com.st.stm32cube.ide.mcu.externaltools.gnu-tools-for-stm32.7-2018-q2-update.win32_1.5.0.202011040924/tools/bin/../lib/gcc/arm-none-eabi/7.3.1/thumb/v7e-m/fpv4-sp/hard\libgcc.a(_dvmd_tls.o)
                              d:/st/stm32cubeide_1.5.1/stm32cubeide/plugins/com.st.stm32cube.ide.mcu.externaltools.gnu-tools-for-stm32.7-2018-q2-update.win32_1.5.0.202011040924/tools/bin/../lib/gcc/arm-none-eabi/7.3.1/thumb/v7e-m/fpv4-sp/hard\libgcc.a(_aeabi_uldivmod.o) (__aeabi_ldiv0)

Allocating common symbols
Common symbol       size              file

hspi5               0x58              Core/Src/spi.o
uwTick              0x4               Drivers/STM32F4xx_HAL_Driver/Src/stm32f4xx_hal.o
pFlash              0x20              Drivers/STM32F4xx_HAL_Driver/Src/stm32f4xx_hal_flash.o
hltdc               0xa8              Core/Src/ltdc.o

Discarded input sections

 .text          0x0000000000000000        0x0 d:/st/stm32cubeide_1.5.1/stm32cubeide/plugins/com.st.stm32cube.ide.mcu.externaltools.gnu-tools-for-stm32.7-2018-q2-update.win32_1.5.0.202011040924/tools/bin/../lib/gcc/arm-none-eabi/7.3.1/thumb/v7e-m/fpv4-sp/hard/crti.o
 .data          0x0000000000000000        0x0 d:/st/stm32cubeide_1.5.1/stm32cubeide/plugins/com.st.stm32cube.ide.mcu.externaltools.gnu-tools-for-stm32.7-2018-q2-update.win32_1.5.0.202011040924/tools/bin/../lib/gcc/arm-none-eabi/7.3.1/thumb/v7e-m/fpv4-sp/hard/crti.o
[...]
Memory Configuration

Name             Origin             Length             Attributes
CCMRAM           0x0000000010000000 0x0000000000010000 xrw
RAM              0x0000000020000000 0x0000000000030000 xrw
FLASH            0x0000000008000000 0x0000000000200000 xr
*default*        0x0000000000000000 0xffffffffffffffff

Linker script and memory map

LOAD d:/st/stm32cubeide_1.5.1/stm32cubeide/plugins/com.st.stm32cube.ide.mcu.externaltools.gnu-tools-for-stm32.7-2018-q2-update.win32_1.5.0.202011040924/tools/bin/../lib/gcc/arm-none-eabi/7.3.1/thumb/v7e-m/fpv4-sp/hard/crti.o
LOAD d:/st/stm32cubeide_1.5.1/stm32cubeide/plugins/com.st.stm32cube.ide.mcu.externaltools.gnu-tools-for-stm32.7-2018-q2-update.win32_1.5.0.202011040924/tools/bin/../lib/gcc/arm-none-eabi/7.3.1/thumb/v7e-m/fpv4-sp/hard/crtbegin.o
LOAD d:/st/stm32cubeide_1.5.1/stm32cubeide/plugins/com.st.stm32cube.ide.mcu.externaltools.gnu-tools-for-stm32.7-2018-q2-update.win32_1.5.0.202011040924/tools/bin/../lib/gcc/arm-none-eabi/7.3.1/../../../../arm-none-eabi/lib/thumb/v7e-m/fpv4-sp/hard/crt0.o
LOAD Core/Src/gpio.o
LOAD Core/Src/graphic.o
LOAD Core/Src/lcd.o
LOAD Core/Src/ltdc.o
LOAD Core/Src/main.o
LOAD Core/Src/spi.o
LOAD Core/Src/stm32f4xx_hal_msp.o
LOAD Core/Src/stm32f4xx_it.o
LOAD Core/Src/syscalls.o
LOAD Core/Src/sysmem.o
LOAD Core/Src/system_stm32f4xx.o
LOAD Core/Startup/startup_stm32f429zitx.o
LOAD Drivers/STM32F4xx_HAL_Driver/Src/stm32f4xx_hal.o
LOAD Drivers/STM32F4xx_HAL_Driver/Src/stm32f4xx_hal_cortex.o
LOAD Drivers/STM32F4xx_HAL_Driver/Src/stm32f4xx_hal_dma.o
LOAD Drivers/STM32F4xx_HAL_Driver/Src/stm32f4xx_hal_dma_ex.o
LOAD Drivers/STM32F4xx_HAL_Driver/Src/stm32f4xx_hal_dsi.o
LOAD Drivers/STM32F4xx_HAL_Driver/Src/stm32f4xx_hal_exti.o
LOAD Drivers/STM32F4xx_HAL_Driver/Src/stm32f4xx_hal_flash.o
LOAD Drivers/STM32F4xx_HAL_Driver/Src/stm32f4xx_hal_flash_ex.o
LOAD Drivers/STM32F4xx_HAL_Driver/Src/stm32f4xx_hal_flash_ramfunc.o
LOAD Drivers/STM32F4xx_HAL_Driver/Src/stm32f4xx_hal_gpio.o
LOAD Drivers/STM32F4xx_HAL_Driver/Src/stm32f4xx_hal_ltdc.o
LOAD Drivers/STM32F4xx_HAL_Driver/Src/stm32f4xx_hal_ltdc_ex.o
LOAD Drivers/STM32F4xx_HAL_Driver/Src/stm32f4xx_hal_pwr.o
LOAD Drivers/STM32F4xx_HAL_Driver/Src/stm32f4xx_hal_pwr_ex.o
LOAD Drivers/STM32F4xx_HAL_Driver/Src/stm32f4xx_hal_rcc.o
LOAD Drivers/STM32F4xx_HAL_Driver/Src/stm32f4xx_hal_rcc_ex.o
LOAD Drivers/STM32F4xx_HAL_Driver/Src/stm32f4xx_hal_spi.o
LOAD Drivers/STM32F4xx_HAL_Driver/Src/stm32f4xx_hal_tim.o
LOAD Drivers/STM32F4xx_HAL_Driver/Src/stm32f4xx_hal_tim_ex.o
START GROUP
LOAD d:/st/stm32cubeide_1.5.1/stm32cubeide/plugins/com.st.stm32cube.ide.mcu.externaltools.gnu-tools-for-stm32.7-2018-q2-update.win32_1.5.0.202011040924/tools/bin/../lib/gcc/arm-none-eabi/7.3.1/../../../../arm-none-eabi/lib/thumb/v7e-m/fpv4-sp/hard\libc_nano.a
LOAD d:/st/stm32cubeide_1.5.1/stm32cubeide/plugins/com.st.stm32cube.ide.mcu.externaltools.gnu-tools-for-stm32.7-2018-q2-update.win32_1.5.0.202011040924/tools/bin/../lib/gcc/arm-none-eabi/7.3.1/../../../../arm-none-eabi/lib/thumb/v7e-m/fpv4-sp/hard\libm.a
END GROUP
START GROUP
LOAD d:/st/stm32cubeide_1.5.1/stm32cubeide/plugins/com.st.stm32cube.ide.mcu.externaltools.gnu-tools-for-stm32.7-2018-q2-update.win32_1.5.0.202011040924/tools/bin/../lib/gcc/arm-none-eabi/7.3.1/thumb/v7e-m/fpv4-sp/hard\libgcc.a
LOAD d:/st/stm32cubeide_1.5.1/stm32cubeide/plugins/com.st.stm32cube.ide.mcu.externaltools.gnu-tools-for-stm32.7-2018-q2-update.win32_1.5.0.202011040924/tools/bin/../lib/gcc/arm-none-eabi/7.3.1/../../../../arm-none-eabi/lib/thumb/v7e-m/fpv4-sp/hard\libc_nano.a
END GROUP
START GROUP
LOAD d:/st/stm32cubeide_1.5.1/stm32cubeide/plugins/com.st.stm32cube.ide.mcu.externaltools.gnu-tools-for-stm32.7-2018-q2-update.win32_1.5.0.202011040924/tools/bin/../lib/gcc/arm-none-eabi/7.3.1/thumb/v7e-m/fpv4-sp/hard\libgcc.a
LOAD d:/st/stm32cubeide_1.5.1/stm32cubeide/plugins/com.st.stm32cube.ide.mcu.externaltools.gnu-tools-for-stm32.7-2018-q2-update.win32_1.5.0.202011040924/tools/bin/../lib/gcc/arm-none-eabi/7.3.1/../../../../arm-none-eabi/lib/thumb/v7e-m/fpv4-sp/hard\libc_nano.a
LOAD d:/st/stm32cubeide_1.5.1/stm32cubeide/plugins/com.st.stm32cube.ide.mcu.externaltools.gnu-tools-for-stm32.7-2018-q2-update.win32_1.5.0.202011040924/tools/bin/../lib/gcc/arm-none-eabi/7.3.1/../../../../arm-none-eabi/lib/thumb/v7e-m/fpv4-sp/hard\libnosys.a
END GROUP
START GROUP
LOAD d:/st/stm32cubeide_1.5.1/stm32cubeide/plugins/com.st.stm32cube.ide.mcu.externaltools.gnu-tools-for-stm32.7-2018-q2-update.win32_1.5.0.202011040924/tools/bin/../lib/gcc/arm-none-eabi/7.3.1/thumb/v7e-m/fpv4-sp/hard\libgcc.a
LOAD d:/st/stm32cubeide_1.5.1/stm32cubeide/plugins/com.st.stm32cube.ide.mcu.externaltools.gnu-tools-for-stm32.7-2018-q2-update.win32_1.5.0.202011040924/tools/bin/../lib/gcc/arm-none-eabi/7.3.1/../../../../arm-none-eabi/lib/thumb/v7e-m/fpv4-sp/hard\libc_nano.a
LOAD d:/st/stm32cubeide_1.5.1/stm32cubeide/plugins/com.st.stm32cube.ide.mcu.externaltools.gnu-tools-for-stm32.7-2018-q2-update.win32_1.5.0.202011040924/tools/bin/../lib/gcc/arm-none-eabi/7.3.1/../../../../arm-none-eabi/lib/thumb/v7e-m/fpv4-sp/hard\libnosys.a
END GROUP
LOAD d:/st/stm32cubeide_1.5.1/stm32cubeide/plugins/com.st.stm32cube.ide.mcu.externaltools.gnu-tools-for-stm32.7-2018-q2-update.win32_1.5.0.202011040924/tools/bin/../lib/gcc/arm-none-eabi/7.3.1/thumb/v7e-m/fpv4-sp/hard/crtend.o
LOAD d:/st/stm32cubeide_1.5.1/stm32cubeide/plugins/com.st.stm32cube.ide.mcu.externaltools.gnu-tools-for-stm32.7-2018-q2-update.win32_1.5.0.202011040924/tools/bin/../lib/gcc/arm-none-eabi/7.3.1/thumb/v7e-m/fpv4-sp/hard/crtn.o
                0x0000000020030000                _estack = (ORIGIN (RAM) + LENGTH (RAM))
                0x0000000000000200                _Min_Heap_Size = 0x200
                0x0000000000000400                _Min_Stack_Size = 0x400

.isr_vector     0x0000000008000000      0x1ac
                0x0000000008000000                . = ALIGN (0x4)
 *(.isr_vector)
 .isr_vector    0x0000000008000000      0x1ac Core/Startup/startup_stm32f429zitx.o
                0x0000000008000000                g_pfnVectors
                0x00000000080001ac                . = ALIGN (0x4)

.text           0x00000000080001ac     0x3fc8
                0x00000000080001ac                . = ALIGN (0x4)
 *(.text)
 .text          0x00000000080001ac       0x40 d:/st/stm32cubeide_1.5.1/stm32cubeide/plugins/com.st.stm32cube.ide.mcu.externaltools.gnu-tools-for-stm32.7-2018-q2-update.win32_1.5.0.202011040924/tools/bin/../lib/gcc/arm-none-eabi/7.3.1/thumb/v7e-m/fpv4-sp/hard/crtbegin.o
 .text          0x00000000080001ec       0x30 d:/st/stm32cubeide_1.5.1/stm32cubeide/plugins/com.st.stm32cube.ide.mcu.externaltools.gnu-tools-for-stm32.7-2018-q2-update.win32_1.5.0.202011040924/tools/bin/../lib/gcc/arm-none-eabi/7.3.1/thumb/v7e-m/fpv4-sp/hard\libgcc.a(_aeabi_uldivmod.o)
                0x00000000080001ec                __aeabi_uldivmod
 .text          0x000000000800021c      0x2cc d:/st/stm32cubeide_1.5.1/stm32cubeide/plugins/com.st.stm32cube.ide.mcu.externaltools.gnu-tools-for-stm32.7-2018-q2-update.win32_1.5.0.202011040924/tools/bin/../lib/gcc/arm-none-eabi/7.3.1/thumb/v7e-m/fpv4-sp/hard\libgcc.a(_udivmoddi4.o)
                0x000000000800021c                __udivmoddi4
 .text          0x00000000080004e8        0x4 d:/st/stm32cubeide_1.5.1/stm32cubeide/plugins/com.st.stm32cube.ide.mcu.externaltools.gnu-tools-for-stm32.7-2018-q2-update.win32_1.5.0.202011040924/tools/bin/../lib/gcc/arm-none-eabi/7.3.1/thumb/v7e-m/fpv4-sp/hard\libgcc.a(_dvmd_tls.o)
                0x00000000080004e8                __aeabi_idiv0
                0x00000000080004e8                __aeabi_ldiv0
 *(.text*)
 .text.MX_GPIO_Init
                0x00000000080004ec       0xc0 Core/Src/gpio.o
                0x00000000080004ec                MX_GPIO_Init
 .text.LCD_SetColorLtdc
                0x00000000080005ac       0x20 Core/Src/graphic.o
                0x00000000080005ac                LCD_SetColorLtdc
 .text.LCD_DrawBBig
                0x00000000080005cc       0xc8 Core/Src/graphic.o
                0x00000000080005cc                LCD_DrawBBig
 .text.LCD_DrawCBig
                0x0000000008000694       0x84 Core/Src/graphic.o
                0x0000000008000694                LCD_DrawCBig
 .text.LCD_DrawDBig
                0x0000000008000718       0xa4 Core/Src/graphic.o
                0x0000000008000718                LCD_DrawDBig
 .text.LCD_DrawEBig
                0x00000000080007bc       0x9c Core/Src/graphic.o
                0x00000000080007bc                LCD_DrawEBig
 .text.LCD_DrawHBig
                0x0000000008000858       0x98 Core/Src/graphic.o
                0x0000000008000858                LCD_DrawHBig
 .text.LCD_DrawLBig
                0x00000000080008f0       0x80 Core/Src/graphic.o
                0x00000000080008f0                LCD_DrawLBig
 .text.LCD_DrawMBig
                0x0000000008000970       0xc8 Core/Src/graphic.o
                0x0000000008000970                LCD_DrawMBig
 .text.LCD_DrawNBig
                0x0000000008000a38       0xc8 Core/Src/graphic.o
                0x0000000008000a38                LCD_DrawNBig
 .text.LCD_DrawOBig
                0x0000000008000b00       0x8c Core/Src/graphic.o
                0x0000000008000b00                LCD_DrawOBig
 .text.LCD_DrawPBig
                0x0000000008000b8c       0xa8 Core/Src/graphic.o
                0x0000000008000b8c                LCD_DrawPBig
 .text.LCD_DrawSBig
                0x0000000008000c34       0xb0 Core/Src/graphic.o
                0x0000000008000c34                LCD_DrawSBig
 .text.LCD_DrawTBig
                0x0000000008000ce4       0x84 Core/Src/graphic.o
                0x0000000008000ce4                LCD_DrawTBig
 .text.LCD_DrawUBig
                0x0000000008000d68       0x84 Core/Src/graphic.o
                0x0000000008000d68                LCD_DrawUBig
 .text.LCD_Draw1Big
                0x0000000008000dec       0x80 Core/Src/graphic.o
                0x0000000008000dec                LCD_Draw1Big
 .text.LCD_Draw2Big
                0x0000000008000e6c       0xa4 Core/Src/graphic.o
                0x0000000008000e6c                LCD_Draw2Big
 .text.LCD_GpioInit
                0x0000000008000f10       0x9c Core/Src/lcd.o
                0x0000000008000f10                LCD_GpioInit
 .text.LCD_LtdcInit
                0x0000000008000fac       0x44 Core/Src/lcd.o
                0x0000000008000fac                LCD_LtdcInit
 .text.LCD_DispInit_Spi
                0x0000000008000ff0      0x208 Core/Src/lcd.o
                0x0000000008000ff0                LCD_DispInit_Spi
 .text.LCD_DispInit_Ltdc
                0x00000000080011f8      0x290 Core/Src/lcd.o
                0x00000000080011f8                LCD_DispInit_Ltdc
 .text.LCD_WriteCommand
                0x0000000008001488       0x5c Core/Src/lcd.o
                0x0000000008001488                LCD_WriteCommand
 .text.LCD_WriteData
                0x00000000080014e4       0x5c Core/Src/lcd.o
                0x00000000080014e4                LCD_WriteData
 .text.LCD_WriteGRAM
                0x0000000008001540       0x30 Core/Src/lcd.o
                0x0000000008001540                LCD_WriteGRAM
 .text.LCD_ClearScreenLtdc
                0x0000000008001570       0x18 Core/Src/lcd.o
                0x0000000008001570                LCD_ClearScreenLtdc
 .text.MX_LTDC_Init
                0x0000000008001588      0x100 Core/Src/ltdc.o
                0x0000000008001588                MX_LTDC_Init
 .text.HAL_LTDC_MspInit
                0x0000000008001688      0x214 Core/Src/ltdc.o
                0x0000000008001688                HAL_LTDC_MspInit
 .text.main     0x000000000800189c      0x654 Core/Src/main.o
                0x000000000800189c                main
 .text.SystemClock_Config
                0x0000000008001ef0      0x118 Core/Src/main.o
                0x0000000008001ef0                SystemClock_Config
 .text.Error_Handler
                0x0000000008002008        0xe Core/Src/main.o
                0x0000000008002008                Error_Handler
 *fill*         0x0000000008002016        0x2 
 .text.MX_SPI5_Init
                0x0000000008002018       0x70 Core/Src/spi.o
                0x0000000008002018                MX_SPI5_Init
 .text.HAL_SPI_MspInit
                0x0000000008002088       0x90 Core/Src/spi.o
                0x0000000008002088                HAL_SPI_MspInit
 .text.HAL_MspInit
                0x0000000008002118       0x50 Core/Src/stm32f4xx_hal_msp.o
                0x0000000008002118                HAL_MspInit
 .text.NMI_Handler
                0x0000000008002168        0x6 Core/Src/stm32f4xx_it.o
                0x0000000008002168                NMI_Handler
 .text.HardFault_Handler
                0x000000000800216e        0x6 Core/Src/stm32f4xx_it.o
                0x000000000800216e                HardFault_Handler
 .text.MemManage_Handler
                0x0000000008002174        0x6 Core/Src/stm32f4xx_it.o
                0x0000000008002174                MemManage_Handler
 .text.BusFault_Handler
                0x000000000800217a        0x6 Core/Src/stm32f4xx_it.o
                0x000000000800217a                BusFault_Handler
 .text.UsageFault_Handler
                0x0000000008002180        0x6 Core/Src/stm32f4xx_it.o
                0x0000000008002180                UsageFault_Handler
 .text.SVC_Handler
                0x0000000008002186        0xe Core/Src/stm32f4xx_it.o
                0x0000000008002186                SVC_Handler
 .text.DebugMon_Handler
                0x0000000008002194        0xe Core/Src/stm32f4xx_it.o
                0x0000000008002194                DebugMon_Handler
 .text.PendSV_Handler
                0x00000000080021a2        0xe Core/Src/stm32f4xx_it.o
                0x00000000080021a2                PendSV_Handler
 .text.SysTick_Handler
                0x00000000080021b0        0xc Core/Src/stm32f4xx_it.o
                0x00000000080021b0                SysTick_Handler
 .text.SystemInit
                0x00000000080021bc       0x2c Core/Src/system_stm32f4xx.o
                0x00000000080021bc                SystemInit
 .text.Reset_Handler
                0x00000000080021e8       0x50 Core/Startup/startup_stm32f429zitx.o
                0x00000000080021e8                Reset_Handler
 .text.Default_Handler
                0x0000000008002238        0x2 Core/Startup/startup_stm32f429zitx.o
                0x0000000008002238                RTC_Alarm_IRQHandler
                0x0000000008002238                HASH_RNG_IRQHandler
                0x0000000008002238                EXTI2_IRQHandler
                0x0000000008002238                TIM8_CC_IRQHandler
                0x0000000008002238                UART8_IRQHandler
                0x0000000008002238                SPI4_IRQHandler
                0x0000000008002238                TIM1_CC_IRQHandler
                0x0000000008002238                DMA2_Stream5_IRQHandler
                0x0000000008002238                DMA1_Stream5_IRQHandler
                0x0000000008002238                PVD_IRQHandler
                0x0000000008002238                SDIO_IRQHandler
                0x0000000008002238                TAMP_STAMP_IRQHandler
                0x0000000008002238                CAN2_RX1_IRQHandler
                0x0000000008002238                EXTI3_IRQHandler
                0x0000000008002238                TIM8_TRG_COM_TIM14_IRQHandler
                0x0000000008002238                TIM1_UP_TIM10_IRQHandler
                0x0000000008002238                TIM8_UP_TIM13_IRQHandler
                0x0000000008002238                I2C3_ER_IRQHandler
                0x0000000008002238                EXTI0_IRQHandler
                0x0000000008002238                I2C2_EV_IRQHandler
                0x0000000008002238                DMA1_Stream2_IRQHandler
                0x0000000008002238                CAN1_RX0_IRQHandler
                0x0000000008002238                FPU_IRQHandler
                0x0000000008002238                OTG_HS_WKUP_IRQHandler
                0x0000000008002238                LTDC_ER_IRQHandler
                0x0000000008002238                CAN2_SCE_IRQHandler
                0x0000000008002238                DMA2_Stream2_IRQHandler
                0x0000000008002238                SPI1_IRQHandler
                0x0000000008002238                TIM6_DAC_IRQHandler
                0x0000000008002238                TIM1_BRK_TIM9_IRQHandler
                0x0000000008002238                DCMI_IRQHandler
                0x0000000008002238                CAN2_RX0_IRQHandler
                0x0000000008002238                DMA2_Stream3_IRQHandler
                0x0000000008002238                USART6_IRQHandler
                0x0000000008002238                USART3_IRQHandler
                0x0000000008002238                CAN1_RX1_IRQHandler
                0x0000000008002238                UART5_IRQHandler
                0x0000000008002238                DMA2_Stream0_IRQHandler
                0x0000000008002238                TIM4_IRQHandler
                0x0000000008002238                I2C1_EV_IRQHandler
                0x0000000008002238                DMA1_Stream6_IRQHandler
                0x0000000008002238                DMA1_Stream1_IRQHandler
                0x0000000008002238                UART4_IRQHandler
                0x0000000008002238                TIM3_IRQHandler
                0x0000000008002238                RCC_IRQHandler
                0x0000000008002238                TIM8_BRK_TIM12_IRQHandler
                0x0000000008002238                Default_Handler
                0x0000000008002238                EXTI15_10_IRQHandler
                0x0000000008002238                ADC_IRQHandler
                0x0000000008002238                DMA1_Stream7_IRQHandler
                0x0000000008002238                SPI5_IRQHandler
                0x0000000008002238                TIM7_IRQHandler
                0x0000000008002238                CAN2_TX_IRQHandler
                0x0000000008002238                TIM5_IRQHandler
                0x0000000008002238                DMA2_Stream7_IRQHandler
                0x0000000008002238                I2C3_EV_IRQHandler
                0x0000000008002238                EXTI9_5_IRQHandler
                0x0000000008002238                RTC_WKUP_IRQHandler
                0x0000000008002238                LTDC_IRQHandler
                0x0000000008002238                ETH_WKUP_IRQHandler
                0x0000000008002238                SPI2_IRQHandler
                0x0000000008002238                OTG_HS_EP1_IN_IRQHandler
                0x0000000008002238                DMA1_Stream0_IRQHandler
                0x0000000008002238                CAN1_TX_IRQHandler
                0x0000000008002238                EXTI4_IRQHandler
                0x0000000008002238                ETH_IRQHandler
                0x0000000008002238                OTG_HS_EP1_OUT_IRQHandler
                0x0000000008002238                WWDG_IRQHandler
                0x0000000008002238                SPI6_IRQHandler
                0x0000000008002238                TIM2_IRQHandler
                0x0000000008002238                OTG_FS_WKUP_IRQHandler
                0x0000000008002238                TIM1_TRG_COM_TIM11_IRQHandler
                0x0000000008002238                OTG_HS_IRQHandler
                0x0000000008002238                DMA2D_IRQHandler
                0x0000000008002238                EXTI1_IRQHandler
                0x0000000008002238                UART7_IRQHandler
                0x0000000008002238                USART2_IRQHandler
                0x0000000008002238                I2C2_ER_IRQHandler
                0x0000000008002238                DMA2_Stream1_IRQHandler
                0x0000000008002238                CAN1_SCE_IRQHandler
                0x0000000008002238                FLASH_IRQHandler
                0x0000000008002238                DMA2_Stream4_IRQHandler
                0x0000000008002238                USART1_IRQHandler
                0x0000000008002238                OTG_FS_IRQHandler
                0x0000000008002238                SPI3_IRQHandler
                0x0000000008002238                DMA1_Stream4_IRQHandler
                0x0000000008002238                I2C1_ER_IRQHandler
                0x0000000008002238                FMC_IRQHandler
                0x0000000008002238                DMA2_Stream6_IRQHandler
                0x0000000008002238                SAI1_IRQHandler
                0x0000000008002238                DMA1_Stream3_IRQHandler
 *fill*         0x000000000800223a        0x2 
 .text.HAL_Init
                0x000000000800223c       0x44 Drivers/STM32F4xx_HAL_Driver/Src/stm32f4xx_hal.o
                0x000000000800223c                HAL_Init
 .text.HAL_InitTick
                0x0000000008002280       0x60 Drivers/STM32F4xx_HAL_Driver/Src/stm32f4xx_hal.o
                0x0000000008002280                HAL_InitTick
 .text.HAL_IncTick
                0x00000000080022e0       0x28 Drivers/STM32F4xx_HAL_Driver/Src/stm32f4xx_hal.o
                0x00000000080022e0                HAL_IncTick
 .text.HAL_GetTick
                0x0000000008002308       0x18 Drivers/STM32F4xx_HAL_Driver/Src/stm32f4xx_hal.o
                0x0000000008002308                HAL_GetTick
 .text.HAL_Delay
                0x0000000008002320       0x44 Drivers/STM32F4xx_HAL_Driver/Src/stm32f4xx_hal.o
                0x0000000008002320                HAL_Delay
 .text.__NVIC_SetPriorityGrouping
                0x0000000008002364       0x48 Drivers/STM32F4xx_HAL_Driver/Src/stm32f4xx_hal_cortex.o
 .text.__NVIC_GetPriorityGrouping
                0x00000000080023ac       0x1c Drivers/STM32F4xx_HAL_Driver/Src/stm32f4xx_hal_cortex.o
 .text.__NVIC_SetPriority
                0x00000000080023c8       0x54 Drivers/STM32F4xx_HAL_Driver/Src/stm32f4xx_hal_cortex.o
 .text.NVIC_EncodePriority
                0x000000000800241c       0x66 Drivers/STM32F4xx_HAL_Driver/Src/stm32f4xx_hal_cortex.o
 *fill*         0x0000000008002482        0x2 
 .text.SysTick_Config
                0x0000000008002484       0x44 Drivers/STM32F4xx_HAL_Driver/Src/stm32f4xx_hal_cortex.o
 .text.HAL_NVIC_SetPriorityGrouping
                0x00000000080024c8       0x16 Drivers/STM32F4xx_HAL_Driver/Src/stm32f4xx_hal_cortex.o
                0x00000000080024c8                HAL_NVIC_SetPriorityGrouping
 .text.HAL_NVIC_SetPriority
                0x00000000080024de       0x38 Drivers/STM32F4xx_HAL_Driver/Src/stm32f4xx_hal_cortex.o
                0x00000000080024de                HAL_NVIC_SetPriority
 .text.HAL_SYSTICK_Config
                0x0000000008002516       0x18 Drivers/STM32F4xx_HAL_Driver/Src/stm32f4xx_hal_cortex.o
                0x0000000008002516                HAL_SYSTICK_Config
 *fill*         0x000000000800252e        0x2 
 .text.HAL_GPIO_Init
                0x0000000008002530      0x354 Drivers/STM32F4xx_HAL_Driver/Src/stm32f4xx_hal_gpio.o
                0x0000000008002530                HAL_GPIO_Init
 .text.HAL_GPIO_WritePin
                0x0000000008002884       0x32 Drivers/STM32F4xx_HAL_Driver/Src/stm32f4xx_hal_gpio.o
                0x0000000008002884                HAL_GPIO_WritePin
 *fill*         0x00000000080028b6        0x2 
 .text.HAL_LTDC_Init
                0x00000000080028b8      0x1a8 Drivers/STM32F4xx_HAL_Driver/Src/stm32f4xx_hal_ltdc.o
                0x00000000080028b8                HAL_LTDC_Init
 .text.HAL_LTDC_ConfigLayer
                0x0000000008002a60       0x7c Drivers/STM32F4xx_HAL_Driver/Src/stm32f4xx_hal_ltdc.o
                0x0000000008002a60                HAL_LTDC_ConfigLayer
 .text.HAL_LTDC_ConfigCLUT
                0x0000000008002adc       0xe8 Drivers/STM32F4xx_HAL_Driver/Src/stm32f4xx_hal_ltdc.o
                0x0000000008002adc                HAL_LTDC_ConfigCLUT
 .text.HAL_LTDC_EnableCLUT
                0x0000000008002bc4       0x72 Drivers/STM32F4xx_HAL_Driver/Src/stm32f4xx_hal_ltdc.o
                0x0000000008002bc4                HAL_LTDC_EnableCLUT
 .text.HAL_LTDC_SetAddress
                0x0000000008002c36       0x6c Drivers/STM32F4xx_HAL_Driver/Src/stm32f4xx_hal_ltdc.o
                0x0000000008002c36                HAL_LTDC_SetAddress
 .text.HAL_LTDC_Reload
                0x0000000008002ca2       0x5e Drivers/STM32F4xx_HAL_Driver/Src/stm32f4xx_hal_ltdc.o
                0x0000000008002ca2                HAL_LTDC_Reload
 .text.LTDC_SetConfig
                0x0000000008002d00      0x33a Drivers/STM32F4xx_HAL_Driver/Src/stm32f4xx_hal_ltdc.o
 *fill*         0x000000000800303a        0x2 
 .text.HAL_PWREx_EnableOverDrive
                0x000000000800303c       0xa0 Drivers/STM32F4xx_HAL_Driver/Src/stm32f4xx_hal_pwr_ex.o
                0x000000000800303c                HAL_PWREx_EnableOverDrive
 .text.HAL_RCC_OscConfig
                0x00000000080030dc      0x4e0 Drivers/STM32F4xx_HAL_Driver/Src/stm32f4xx_hal_rcc.o
                0x00000000080030dc                HAL_RCC_OscConfig
 .text.HAL_RCC_ClockConfig
                0x00000000080035bc      0x1cc Drivers/STM32F4xx_HAL_Driver/Src/stm32f4xx_hal_rcc.o
                0x00000000080035bc                HAL_RCC_ClockConfig
 .text.HAL_RCC_GetSysClockFreq
                0x0000000008003788      0x1b0 Drivers/STM32F4xx_HAL_Driver/Src/stm32f4xx_hal_rcc.o
                0x0000000008003788                HAL_RCC_GetSysClockFreq
 .text.HAL_RCCEx_PeriphCLKConfig
                0x0000000008003938      0x37c Drivers/STM32F4xx_HAL_Driver/Src/stm32f4xx_hal_rcc_ex.o
                0x0000000008003938                HAL_RCCEx_PeriphCLKConfig
 .text.HAL_SPI_Init
                0x0000000008003cb4       0xc8 Drivers/STM32F4xx_HAL_Driver/Src/stm32f4xx_hal_spi.o
                0x0000000008003cb4                HAL_SPI_Init
 .text.HAL_SPI_Transmit
                0x0000000008003d7c      0x27a Drivers/STM32F4xx_HAL_Driver/Src/stm32f4xx_hal_spi.o
                0x0000000008003d7c                HAL_SPI_Transmit
 .text.SPI_WaitFlagStateUntilTimeout
                0x0000000008003ff6       0xd2 Drivers/STM32F4xx_HAL_Driver/Src/stm32f4xx_hal_spi.o
 .text.SPI_CheckFlag_BSY
                0x00000000080040c8       0x3c Drivers/STM32F4xx_HAL_Driver/Src/stm32f4xx_hal_spi.o
 .text.__libc_init_array
                0x0000000008004104       0x48 d:/st/stm32cubeide_1.5.1/stm32cubeide/plugins/com.st.stm32cube.ide.mcu.externaltools.gnu-tools-for-stm32.7-2018-q2-update.win32_1.5.0.202011040924/tools/bin/../lib/gcc/arm-none-eabi/7.3.1/../../../../arm-none-eabi/lib/thumb/v7e-m/fpv4-sp/hard\libc_nano.a(lib_a-init.o)
                0x0000000008004104                __libc_init_array
 .text.memset   0x000000000800414c       0x10 d:/st/stm32cubeide_1.5.1/stm32cubeide/plugins/com.st.stm32cube.ide.mcu.externaltools.gnu-tools-for-stm32.7-2018-q2-update.win32_1.5.0.202011040924/tools/bin/../lib/gcc/arm-none-eabi/7.3.1/../../../../arm-none-eabi/lib/thumb/v7e-m/fpv4-sp/hard\libc_nano.a(lib_a-memset.o)
                0x000000000800414c                memset
 *(.glue_7)
 .glue_7        0x000000000800415c        0x0 linker stubs
 *(.glue_7t)
 .glue_7t       0x000000000800415c        0x0 linker stubs
 *(.eh_frame)
 .eh_frame      0x000000000800415c        0x0 d:/st/stm32cubeide_1.5.1/stm32cubeide/plugins/com.st.stm32cube.ide.mcu.externaltools.gnu-tools-for-stm32.7-2018-q2-update.win32_1.5.0.202011040924/tools/bin/../lib/gcc/arm-none-eabi/7.3.1/thumb/v7e-m/fpv4-sp/hard/crtbegin.o
 *(.init)
 .init          0x000000000800415c        0x4 d:/st/stm32cubeide_1.5.1/stm32cubeide/plugins/com.st.stm32cube.ide.mcu.externaltools.gnu-tools-for-stm32.7-2018-q2-update.win32_1.5.0.202011040924/tools/bin/../lib/gcc/arm-none-eabi/7.3.1/thumb/v7e-m/fpv4-sp/hard/crti.o
                0x000000000800415c                _init
 .init          0x0000000008004160        0x8 d:/st/stm32cubeide_1.5.1/stm32cubeide/plugins/com.st.stm32cube.ide.mcu.externaltools.gnu-tools-for-stm32.7-2018-q2-update.win32_1.5.0.202011040924/tools/bin/../lib/gcc/arm-none-eabi/7.3.1/thumb/v7e-m/fpv4-sp/hard/crtn.o
 *(.fini)
 .fini          0x0000000008004168        0x4 d:/st/stm32cubeide_1.5.1/stm32cubeide/plugins/com.st.stm32cube.ide.mcu.externaltools.gnu-tools-for-stm32.7-2018-q2-update.win32_1.5.0.202011040924/tools/bin/../lib/gcc/arm-none-eabi/7.3.1/thumb/v7e-m/fpv4-sp/hard/crti.o
                0x0000000008004168                _fini
 .fini          0x000000000800416c        0x8 d:/st/stm32cubeide_1.5.1/stm32cubeide/plugins/com.st.stm32cube.ide.mcu.externaltools.gnu-tools-for-stm32.7-2018-q2-update.win32_1.5.0.202011040924/tools/bin/../lib/gcc/arm-none-eabi/7.3.1/thumb/v7e-m/fpv4-sp/hard/crtn.o
                0x0000000008004174                . = ALIGN (0x4)
                0x0000000008004174                _etext = .

.vfp11_veneer   0x0000000008004174        0x0
 .vfp11_veneer  0x0000000008004174        0x0 linker stubs

.v4_bx          0x0000000008004174        0x0
 .v4_bx         0x0000000008004174        0x0 linker stubs

.iplt           0x0000000008004174        0x0
 .iplt          0x0000000008004174        0x0 d:/st/stm32cubeide_1.5.1/stm32cubeide/plugins/com.st.stm32cube.ide.mcu.externaltools.gnu-tools-for-stm32.7-2018-q2-update.win32_1.5.0.202011040924/tools/bin/../lib/gcc/arm-none-eabi/7.3.1/thumb/v7e-m/fpv4-sp/hard/crtbegin.o

.rodata         0x0000000008004174      0x410
                0x0000000008004174                . = ALIGN (0x4)
 *(.rodata)
 *(.rodata*)
 .rodata.CLUT   0x0000000008004174      0x400 Core/Src/lcd.o
                0x0000000008004174                CLUT
 .rodata.AHBPrescTable
                0x0000000008004574       0x10 Core/Src/system_stm32f4xx.o
                0x0000000008004574                AHBPrescTable
                0x0000000008004584                . = ALIGN (0x4)

.ARM.extab      0x0000000008004584        0x0
                0x0000000008004584                . = ALIGN (0x4)
 *(.ARM.extab* .gnu.linkonce.armextab.*)
                0x0000000008004584                . = ALIGN (0x4)

.ARM            0x0000000008004584        0x8
                0x0000000008004584                . = ALIGN (0x4)
                0x0000000008004584                __exidx_start = .
 *(.ARM.exidx*)
 .ARM.exidx     0x0000000008004584        0x8 d:/st/stm32cubeide_1.5.1/stm32cubeide/plugins/com.st.stm32cube.ide.mcu.externaltools.gnu-tools-for-stm32.7-2018-q2-update.win32_1.5.0.202011040924/tools/bin/../lib/gcc/arm-none-eabi/7.3.1/thumb/v7e-m/fpv4-sp/hard\libgcc.a(_udivmoddi4.o)
                0x000000000800458c                __exidx_end = .
                0x000000000800458c                . = ALIGN (0x4)

.rel.dyn        0x000000000800458c        0x0
 .rel.iplt      0x000000000800458c        0x0 d:/st/stm32cubeide_1.5.1/stm32cubeide/plugins/com.st.stm32cube.ide.mcu.externaltools.gnu-tools-for-stm32.7-2018-q2-update.win32_1.5.0.202011040924/tools/bin/../lib/gcc/arm-none-eabi/7.3.1/thumb/v7e-m/fpv4-sp/hard/crtbegin.o

.preinit_array  0x000000000800458c        0x0
                0x000000000800458c                . = ALIGN (0x4)
                0x000000000800458c                PROVIDE (__preinit_array_start = .)
 *(.preinit_array*)
                0x000000000800458c                PROVIDE (__preinit_array_end = .)
                0x000000000800458c                . = ALIGN (0x4)

.init_array     0x000000000800458c        0x4
                0x000000000800458c                . = ALIGN (0x4)
                0x000000000800458c                PROVIDE (__init_array_start = .)
 *(SORT_BY_NAME(.init_array.*))
 *(.init_array*)
 .init_array    0x000000000800458c        0x4 d:/st/stm32cubeide_1.5.1/stm32cubeide/plugins/com.st.stm32cube.ide.mcu.externaltools.gnu-tools-for-stm32.7-2018-q2-update.win32_1.5.0.202011040924/tools/bin/../lib/gcc/arm-none-eabi/7.3.1/thumb/v7e-m/fpv4-sp/hard/crtbegin.o
                0x0000000008004590                PROVIDE (__init_array_end = .)
                0x0000000008004590                . = ALIGN (0x4)

.fini_array     0x0000000008004590        0x4
                0x0000000008004590                . = ALIGN (0x4)
                [!provide]                        PROVIDE (__fini_array_start = .)
 *(SORT_BY_NAME(.fini_array.*))
 *(.fini_array*)
 .fini_array    0x0000000008004590        0x4 d:/st/stm32cubeide_1.5.1/stm32cubeide/plugins/com.st.stm32cube.ide.mcu.externaltools.gnu-tools-for-stm32.7-2018-q2-update.win32_1.5.0.202011040924/tools/bin/../lib/gcc/arm-none-eabi/7.3.1/thumb/v7e-m/fpv4-sp/hard/crtbegin.o
                [!provide]                        PROVIDE (__fini_array_end = .)
                0x0000000008004594                . = ALIGN (0x4)
                0x0000000008004594                _sidata = LOADADDR (.data)

.data           0x0000000020000000    0x12c10 load address 0x0000000008004594
                0x0000000020000000                . = ALIGN (0x4)
                0x0000000020000000                _sdata = .
 *(.data)
 *(.data*)
 .data.COLOR_LTDC
                0x0000000020000000        0x1 Core/Src/graphic.o
                0x0000000020000000                COLOR_LTDC
 *fill*         0x0000000020000001        0x3 
 .data.GRAM     0x0000000020000004    0x12c00 Core/Src/lcd.o
                0x0000000020000004                GRAM
 .data.SystemCoreClock
                0x0000000020012c04        0x4 Core/Src/system_stm32f4xx.o
                0x0000000020012c04                SystemCoreClock
 .data.uwTickPrio
                0x0000000020012c08        0x4 Drivers/STM32F4xx_HAL_Driver/Src/stm32f4xx_hal.o
                0x0000000020012c08                uwTickPrio
 .data.uwTickFreq
                0x0000000020012c0c        0x1 Drivers/STM32F4xx_HAL_Driver/Src/stm32f4xx_hal.o
                0x0000000020012c0c                uwTickFreq
 *(.RamFunc)
 *(.RamFunc*)
                0x0000000020012c10                . = ALIGN (0x4)
 *fill*         0x0000000020012c0d        0x3 
                0x0000000020012c10                _edata = .

.igot.plt       0x0000000020012c10        0x0 load address 0x00000000080171a4
 .igot.plt      0x0000000020012c10        0x0 d:/st/stm32cubeide_1.5.1/stm32cubeide/plugins/com.st.stm32cube.ide.mcu.externaltools.gnu-tools-for-stm32.7-2018-q2-update.win32_1.5.0.202011040924/tools/bin/../lib/gcc/arm-none-eabi/7.3.1/thumb/v7e-m/fpv4-sp/hard/crtbegin.o
                0x0000000020012c10                . = ALIGN (0x4)

.bss            0x0000000020012c10      0x120 load address 0x00000000080171a4
                0x0000000020012c10                _sbss = .
                0x0000000020012c10                __bss_start__ = _sbss
 *(.bss)
 .bss           0x0000000020012c10       0x1c d:/st/stm32cubeide_1.5.1/stm32cubeide/plugins/com.st.stm32cube.ide.mcu.externaltools.gnu-tools-for-stm32.7-2018-q2-update.win32_1.5.0.202011040924/tools/bin/../lib/gcc/arm-none-eabi/7.3.1/thumb/v7e-m/fpv4-sp/hard/crtbegin.o
 *(.bss*)
 *(COMMON)
 COMMON         0x0000000020012c2c       0xa8 Core/Src/ltdc.o
                0x0000000020012c2c                hltdc
 COMMON         0x0000000020012cd4       0x58 Core/Src/spi.o
                0x0000000020012cd4                hspi5
 COMMON         0x0000000020012d2c        0x4 Drivers/STM32F4xx_HAL_Driver/Src/stm32f4xx_hal.o
                0x0000000020012d2c                uwTick
                0x0000000020012d30                . = ALIGN (0x4)
                0x0000000020012d30                _ebss = .
                0x0000000020012d30                __bss_end__ = _ebss

._user_heap_stack
                0x0000000020012d30      0x600 load address 0x00000000080171a4
                0x0000000020012d30                . = ALIGN (0x8)
                [!provide]                        PROVIDE (end = .)
                0x0000000020012d30                PROVIDE (_end = .)
                0x0000000020012f30                . = (. + _Min_Heap_Size)
 *fill*         0x0000000020012d30      0x200 
                0x0000000020013330                . = (. + _Min_Stack_Size)
 *fill*         0x0000000020012f30      0x400 
                0x0000000020013330                . = ALIGN (0x8)

/DISCARD/
 libc.a(*)
 libm.a(*)
 libgcc.a(*)

.ARM.attributes
                0x0000000000000000       0x30
 *(.ARM.attributes)
 .ARM.attributes
                0x0000000000000000       0x22 d:/st/stm32cubeide_1.5.1/stm32cubeide/plugins/com.st.stm32cube.ide.mcu.externaltools.gnu-tools-for-stm32.7-2018-q2-update.win32_1.5.0.202011040924/tools/bin/../lib/gcc/arm-none-eabi/7.3.1/thumb/v7e-m/fpv4-sp/hard/crti.o
 .ARM.attributes
                0x0000000000000022       0x34 d:/st/stm32cubeide_1.5.1/stm32cubeide/plugins/com.st.stm32cube.ide.mcu.externaltools.gnu-tools-for-stm32.7-2018-q2-update.win32_1.5.0.202011040924/tools/bin/../lib/gcc/arm-none-eabi/7.3.1/thumb/v7e-m/fpv4-sp/hard/crtbegin.o
 .ARM.attributes
                0x0000000000000056       0x39 Core/Src/gpio.o
 .ARM.attributes
                0x000000000000008f       0x39 Core/Src/graphic.o
 .ARM.attributes
                0x00000000000000c8       0x39 Core/Src/lcd.o
 .ARM.attributes
                0x0000000000000101       0x39 Core/Src/ltdc.o
 .ARM.attributes
                0x000000000000013a       0x39 Core/Src/main.o
 .ARM.attributes
                0x0000000000000173       0x39 Core/Src/spi.o
 .ARM.attributes
                0x00000000000001ac       0x39 Core/Src/stm32f4xx_hal_msp.o
 .ARM.attributes
                0x00000000000001e5       0x39 Core/Src/stm32f4xx_it.o
 .ARM.attributes
                0x000000000000021e       0x39 Core/Src/system_stm32f4xx.o
 .ARM.attributes
                0x0000000000000257       0x21 Core/Startup/startup_stm32f429zitx.o
 .ARM.attributes
                0x0000000000000278       0x39 Drivers/STM32F4xx_HAL_Driver/Src/stm32f4xx_hal.o
 .ARM.attributes
                0x00000000000002b1       0x39 Drivers/STM32F4xx_HAL_Driver/Src/stm32f4xx_hal_cortex.o
 .ARM.attributes
                0x00000000000002ea       0x39 Drivers/STM32F4xx_HAL_Driver/Src/stm32f4xx_hal_gpio.o
 .ARM.attributes
                0x0000000000000323       0x39 Drivers/STM32F4xx_HAL_Driver/Src/stm32f4xx_hal_ltdc.o
 .ARM.attributes
                0x000000000000035c       0x39 Drivers/STM32F4xx_HAL_Driver/Src/stm32f4xx_hal_pwr_ex.o
 .ARM.attributes
                0x0000000000000395       0x39 Drivers/STM32F4xx_HAL_Driver/Src/stm32f4xx_hal_rcc.o
 .ARM.attributes
                0x00000000000003ce       0x39 Drivers/STM32F4xx_HAL_Driver/Src/stm32f4xx_hal_rcc_ex.o
 .ARM.attributes
                0x0000000000000407       0x39 Drivers/STM32F4xx_HAL_Driver/Src/stm32f4xx_hal_spi.o
 .ARM.attributes
                0x0000000000000440       0x34 d:/st/stm32cubeide_1.5.1/stm32cubeide/plugins/com.st.stm32cube.ide.mcu.externaltools.gnu-tools-for-stm32.7-2018-q2-update.win32_1.5.0.202011040924/tools/bin/../lib/gcc/arm-none-eabi/7.3.1/../../../../arm-none-eabi/lib/thumb/v7e-m/fpv4-sp/hard\libc_nano.a(lib_a-init.o)
 .ARM.attributes
                0x0000000000000474       0x34 d:/st/stm32cubeide_1.5.1/stm32cubeide/plugins/com.st.stm32cube.ide.mcu.externaltools.gnu-tools-for-stm32.7-2018-q2-update.win32_1.5.0.202011040924/tools/bin/../lib/gcc/arm-none-eabi/7.3.1/../../../../arm-none-eabi/lib/thumb/v7e-m/fpv4-sp/hard\libc_nano.a(lib_a-memset.o)
 .ARM.attributes
                0x00000000000004a8       0x22 d:/st/stm32cubeide_1.5.1/stm32cubeide/plugins/com.st.stm32cube.ide.mcu.externaltools.gnu-tools-for-stm32.7-2018-q2-update.win32_1.5.0.202011040924/tools/bin/../lib/gcc/arm-none-eabi/7.3.1/thumb/v7e-m/fpv4-sp/hard\libgcc.a(_aeabi_uldivmod.o)
 .ARM.attributes
                0x00000000000004ca       0x34 d:/st/stm32cubeide_1.5.1/stm32cubeide/plugins/com.st.stm32cube.ide.mcu.externaltools.gnu-tools-for-stm32.7-2018-q2-update.win32_1.5.0.202011040924/tools/bin/../lib/gcc/arm-none-eabi/7.3.1/thumb/v7e-m/fpv4-sp/hard\libgcc.a(_udivmoddi4.o)
 .ARM.attributes
                0x00000000000004fe       0x22 d:/st/stm32cubeide_1.5.1/stm32cubeide/plugins/com.st.stm32cube.ide.mcu.externaltools.gnu-tools-for-stm32.7-2018-q2-update.win32_1.5.0.202011040924/tools/bin/../lib/gcc/arm-none-eabi/7.3.1/thumb/v7e-m/fpv4-sp/hard\libgcc.a(_dvmd_tls.o)
 .ARM.attributes
                0x0000000000000520       0x22 d:/st/stm32cubeide_1.5.1/stm32cubeide/plugins/com.st.stm32cube.ide.mcu.externaltools.gnu-tools-for-stm32.7-2018-q2-update.win32_1.5.0.202011040924/tools/bin/../lib/gcc/arm-none-eabi/7.3.1/thumb/v7e-m/fpv4-sp/hard/crtn.o
OUTPUT(BoningTest.elf elf32-littlearm)

.debug_info     0x0000000000000000     0xb29c
 .debug_info    0x0000000000000000      0x3ec Core/Src/gpio.o
 .debug_info    0x00000000000003ec      0xde3 Core/Src/graphic.o
 .debug_info    0x00000000000011cf     0x16b5 Core/Src/lcd.o
 .debug_info    0x0000000000002884      0x94d Core/Src/ltdc.o
 .debug_info    0x00000000000031d1      0xe8a Core/Src/main.o
 .debug_info    0x000000000000405b      0x9cb Core/Src/spi.o
 .debug_info    0x0000000000004a26      0x37c Core/Src/stm32f4xx_hal_msp.o
 .debug_info    0x0000000000004da2      0x20a Core/Src/stm32f4xx_it.o
 .debug_info    0x0000000000004fac      0x56e Core/Src/system_stm32f4xx.o
 .debug_info    0x000000000000551a       0x22 Core/Startup/startup_stm32f429zitx.o
 .debug_info    0x000000000000553c      0x9b9 Drivers/STM32F4xx_HAL_Driver/Src/stm32f4xx_hal.o
 .debug_info    0x0000000000005ef5      0xe5e Drivers/STM32F4xx_HAL_Driver/Src/stm32f4xx_hal_cortex.o
 .debug_info    0x0000000000006d53      0x7cf Drivers/STM32F4xx_HAL_Driver/Src/stm32f4xx_hal_gpio.o
 .debug_info    0x0000000000007522     0x111c Drivers/STM32F4xx_HAL_Driver/Src/stm32f4xx_hal_ltdc.o
 .debug_info    0x000000000000863e      0x747 Drivers/STM32F4xx_HAL_Driver/Src/stm32f4xx_hal_pwr_ex.o
 .debug_info    0x0000000000008d85      0x91e Drivers/STM32F4xx_HAL_Driver/Src/stm32f4xx_hal_rcc.o
 .debug_info    0x00000000000096a3      0x6bc Drivers/STM32F4xx_HAL_Driver/Src/stm32f4xx_hal_rcc_ex.o
 .debug_info    0x0000000000009d5f     0x153d Drivers/STM32F4xx_HAL_Driver/Src/stm32f4xx_hal_spi.o

.debug_abbrev   0x0000000000000000     0x1cfa
 .debug_abbrev  0x0000000000000000      0x109 Core/Src/gpio.o
 .debug_abbrev  0x0000000000000109      0x170 Core/Src/graphic.o
 .debug_abbrev  0x0000000000000279      0x24c Core/Src/lcd.o
 .debug_abbrev  0x00000000000004c5      0x173 Core/Src/ltdc.o
 .debug_abbrev  0x0000000000000638      0x1a6 Core/Src/main.o
 .debug_abbrev  0x00000000000007de      0x199 Core/Src/spi.o
 .debug_abbrev  0x0000000000000977      0x109 Core/Src/stm32f4xx_hal_msp.o
 .debug_abbrev  0x0000000000000a80       0xc6 Core/Src/stm32f4xx_it.o
 .debug_abbrev  0x0000000000000b46      0x12b Core/Src/system_stm32f4xx.o
 .debug_abbrev  0x0000000000000c71       0x12 Core/Startup/startup_stm32f429zitx.o
 .debug_abbrev  0x0000000000000c83      0x1c7 Drivers/STM32F4xx_HAL_Driver/Src/stm32f4xx_hal.o
 .debug_abbrev  0x0000000000000e4a      0x2fa Drivers/STM32F4xx_HAL_Driver/Src/stm32f4xx_hal_cortex.o
 .debug_abbrev  0x0000000000001144      0x1c9 Drivers/STM32F4xx_HAL_Driver/Src/stm32f4xx_hal_gpio.o
 .debug_abbrev  0x000000000000130d      0x22e Drivers/STM32F4xx_HAL_Driver/Src/stm32f4xx_hal_ltdc.o
 .debug_abbrev  0x000000000000153b      0x1b8 Drivers/STM32F4xx_HAL_Driver/Src/stm32f4xx_hal_pwr_ex.o
 .debug_abbrev  0x00000000000016f3      0x245 Drivers/STM32F4xx_HAL_Driver/Src/stm32f4xx_hal_rcc.o
 .debug_abbrev  0x0000000000001938      0x173 Drivers/STM32F4xx_HAL_Driver/Src/stm32f4xx_hal_rcc_ex.o
 .debug_abbrev  0x0000000000001aab      0x24f Drivers/STM32F4xx_HAL_Driver/Src/stm32f4xx_hal_spi.o

.debug_aranges  0x0000000000000000      0x998
 .debug_aranges
                0x0000000000000000       0x20 Core/Src/gpio.o
 .debug_aranges
                0x0000000000000020       0xd8 Core/Src/graphic.o
 .debug_aranges
                0x00000000000000f8       0x70 Core/Src/lcd.o
 .debug_aranges
                0x0000000000000168       0x30 Core/Src/ltdc.o
 .debug_aranges
                0x0000000000000198       0x30 Core/Src/main.o
 .debug_aranges
                0x00000000000001c8       0x30 Core/Src/spi.o
 .debug_aranges
                0x00000000000001f8       0x20 Core/Src/stm32f4xx_hal_msp.o
 .debug_aranges
                0x0000000000000218       0x60 Core/Src/stm32f4xx_it.o
 .debug_aranges
                0x0000000000000278       0x28 Core/Src/system_stm32f4xx.o
 .debug_aranges
                0x00000000000002a0       0x28 Core/Startup/startup_stm32f429zitx.o
 .debug_aranges
                0x00000000000002c8      0x100 Drivers/STM32F4xx_HAL_Driver/Src/stm32f4xx_hal.o
 .debug_aranges
                0x00000000000003c8      0x118 Drivers/STM32F4xx_HAL_Driver/Src/stm32f4xx_hal_cortex.o
 .debug_aranges
                0x00000000000004e0       0x58 Drivers/STM32F4xx_HAL_Driver/Src/stm32f4xx_hal_gpio.o
 .debug_aranges
                0x0000000000000538      0x158 Drivers/STM32F4xx_HAL_Driver/Src/stm32f4xx_hal_ltdc.o
 .debug_aranges
                0x0000000000000690       0x60 Drivers/STM32F4xx_HAL_Driver/Src/stm32f4xx_hal_pwr_ex.o
 .debug_aranges
                0x00000000000006f0       0x88 Drivers/STM32F4xx_HAL_Driver/Src/stm32f4xx_hal_rcc.o
 .debug_aranges
                0x0000000000000778       0x58 Drivers/STM32F4xx_HAL_Driver/Src/stm32f4xx_hal_rcc_ex.o
 .debug_aranges
                0x00000000000007d0      0x1c8 Drivers/STM32F4xx_HAL_Driver/Src/stm32f4xx_hal_spi.o

.debug_ranges   0x0000000000000000      0x880
 .debug_ranges  0x0000000000000000       0x10 Core/Src/gpio.o
 .debug_ranges  0x0000000000000010       0xc8 Core/Src/graphic.o
 .debug_ranges  0x00000000000000d8       0x60 Core/Src/lcd.o
 .debug_ranges  0x0000000000000138       0x20 Core/Src/ltdc.o
 .debug_ranges  0x0000000000000158       0x20 Core/Src/main.o
 .debug_ranges  0x0000000000000178       0x20 Core/Src/spi.o
 .debug_ranges  0x0000000000000198       0x10 Core/Src/stm32f4xx_hal_msp.o
 .debug_ranges  0x00000000000001a8       0x50 Core/Src/stm32f4xx_it.o
 .debug_ranges  0x00000000000001f8       0x18 Core/Src/system_stm32f4xx.o
 .debug_ranges  0x0000000000000210       0x20 Core/Startup/startup_stm32f429zitx.o
 .debug_ranges  0x0000000000000230       0xf0 Drivers/STM32F4xx_HAL_Driver/Src/stm32f4xx_hal.o
 .debug_ranges  0x0000000000000320      0x108 Drivers/STM32F4xx_HAL_Driver/Src/stm32f4xx_hal_cortex.o
 .debug_ranges  0x0000000000000428       0x48 Drivers/STM32F4xx_HAL_Driver/Src/stm32f4xx_hal_gpio.o
 .debug_ranges  0x0000000000000470      0x148 Drivers/STM32F4xx_HAL_Driver/Src/stm32f4xx_hal_ltdc.o
 .debug_ranges  0x00000000000005b8       0x50 Drivers/STM32F4xx_HAL_Driver/Src/stm32f4xx_hal_pwr_ex.o
 .debug_ranges  0x0000000000000608       0x78 Drivers/STM32F4xx_HAL_Driver/Src/stm32f4xx_hal_rcc.o
 .debug_ranges  0x0000000000000680       0x48 Drivers/STM32F4xx_HAL_Driver/Src/stm32f4xx_hal_rcc_ex.o
 .debug_ranges  0x00000000000006c8      0x1b8 Drivers/STM32F4xx_HAL_Driver/Src/stm32f4xx_hal_spi.o

.debug_macro    0x0000000000000000    0x23dbd
 .debug_macro   0x0000000000000000      0x1ed Core/Src/gpio.o
 .debug_macro   0x00000000000001ed      0xa5a Core/Src/gpio.o
 .debug_macro   0x0000000000000c47      0x294 Core/Src/gpio.o
 .debug_macro   0x0000000000000edb       0x2e Core/Src/gpio.o
 .debug_macro   0x0000000000000f09       0x28 Core/Src/gpio.o
 .debug_macro   0x0000000000000f31       0x22 Core/Src/gpio.o
 .debug_macro   0x0000000000000f53       0x8e Core/Src/gpio.o
 .debug_macro   0x0000000000000fe1       0x51 Core/Src/gpio.o
 .debug_macro   0x0000000000001032       0xef Core/Src/gpio.o
 .debug_macro   0x0000000000001121       0x6a Core/Src/gpio.o
 .debug_macro   0x000000000000118b      0x1df Core/Src/gpio.o
 .debug_macro   0x000000000000136a       0x1c Core/Src/gpio.o
 .debug_macro   0x0000000000001386       0x22 Core/Src/gpio.o
 .debug_macro   0x00000000000013a8       0xdf Core/Src/gpio.o
 .debug_macro   0x0000000000001487     0x102d Core/Src/gpio.o
 .debug_macro   0x00000000000024b4      0x11f Core/Src/gpio.o
 .debug_macro   0x00000000000025d3    0x17f69 Core/Src/gpio.o
 .debug_macro   0x000000000001a53c       0x43 Core/Src/gpio.o
 .debug_macro   0x000000000001a57f     0x36c9 Core/Src/gpio.o
 .debug_macro   0x000000000001dc48      0x174 Core/Src/gpio.o
 .debug_macro   0x000000000001ddbc       0x5a Core/Src/gpio.o
 .debug_macro   0x000000000001de16      0xca5 Core/Src/gpio.o
 .debug_macro   0x000000000001eabb      0x9fe Core/Src/gpio.o
 .debug_macro   0x000000000001f4b9      0x117 Core/Src/gpio.o
 .debug_macro   0x000000000001f5d0      0x157 Core/Src/gpio.o
 .debug_macro   0x000000000001f727       0x27 Core/Src/gpio.o
 .debug_macro   0x000000000001f74e      0x182 Core/Src/gpio.o
 .debug_macro   0x000000000001f8d0      0x287 Core/Src/gpio.o
 .debug_macro   0x000000000001fb57       0x5f Core/Src/gpio.o
 .debug_macro   0x000000000001fbb6      0x236 Core/Src/gpio.o
 .debug_macro   0x000000000001fdec      0x132 Core/Src/gpio.o
 .debug_macro   0x000000000001ff1e      0x41d Core/Src/gpio.o
 .debug_macro   0x000000000002033b       0x2e Core/Src/gpio.o
 .debug_macro   0x0000000000020369      0x198 Core/Src/gpio.o
 .debug_macro   0x0000000000020501       0xd6 Core/Src/gpio.o
 .debug_macro   0x00000000000205d7      0x11a Core/Src/gpio.o
 .debug_macro   0x00000000000206f1       0xe2 Core/Src/gpio.o
 .debug_macro   0x00000000000207d3       0x89 Core/Src/gpio.o
 .debug_macro   0x000000000002085c      0x202 Core/Src/gpio.o
 .debug_macro   0x0000000000020a5e      0x134 Core/Src/gpio.o
 .debug_macro   0x0000000000020b92      0x4c9 Core/Src/gpio.o
 .debug_macro   0x000000000002105b      0x1ec Core/Src/graphic.o
 .debug_macro   0x0000000000021247       0x2e Core/Src/graphic.o
 .debug_macro   0x0000000000021275      0x39d Core/Src/lcd.o
 .debug_macro   0x0000000000021612      0x1fc Core/Src/lcd.o
 .debug_macro   0x000000000002180e       0x46 Core/Src/lcd.o
 .debug_macro   0x0000000000021854       0x18 Core/Src/lcd.o
 .debug_macro   0x000000000002186c       0x3c Core/Src/lcd.o
 .debug_macro   0x00000000000218a8       0x34 Core/Src/lcd.o
 .debug_macro   0x00000000000218dc       0x16 Core/Src/lcd.o
 .debug_macro   0x00000000000218f2       0x35 Core/Src/lcd.o
 .debug_macro   0x0000000000021927      0x32a Core/Src/lcd.o
 .debug_macro   0x0000000000021c51       0x10 Core/Src/lcd.o
 .debug_macro   0x0000000000021c61       0x52 Core/Src/lcd.o
 .debug_macro   0x0000000000021cb3       0x1f Core/Src/lcd.o
 .debug_macro   0x0000000000021cd2       0x43 Core/Src/lcd.o
 .debug_macro   0x0000000000021d15       0x20 Core/Src/lcd.o
 .debug_macro   0x0000000000021d35      0x1a3 Core/Src/lcd.o
 .debug_macro   0x0000000000021ed8       0x10 Core/Src/lcd.o
 .debug_macro   0x0000000000021ee8       0x1c Core/Src/lcd.o
 .debug_macro   0x0000000000021f04       0x52 Core/Src/lcd.o
 .debug_macro   0x0000000000021f56       0x40 Core/Src/lcd.o
 .debug_macro   0x0000000000021f96       0x10 Core/Src/lcd.o
 .debug_macro   0x0000000000021fa6       0x40 Core/Src/lcd.o
 .debug_macro   0x0000000000021fe6       0xd7 Core/Src/lcd.o
 .debug_macro   0x00000000000220bd       0x1c Core/Src/lcd.o
 .debug_macro   0x00000000000220d9       0x3d Core/Src/lcd.o
 .debug_macro   0x0000000000022116       0x16 Core/Src/lcd.o
 .debug_macro   0x000000000002212c      0x145 Core/Src/lcd.o
 .debug_macro   0x0000000000022271       0x16 Core/Src/lcd.o
 .debug_macro   0x0000000000022287       0x20 Core/Src/lcd.o
 .debug_macro   0x00000000000222a7      0x1ed Core/Src/ltdc.o
 .debug_macro   0x0000000000022494      0x218 Core/Src/main.o
 .debug_macro   0x00000000000226ac      0x1ed Core/Src/spi.o
 .debug_macro   0x0000000000022899      0x1e3 Core/Src/stm32f4xx_hal_msp.o
 .debug_macro   0x0000000000022a7c      0x1ed Core/Src/stm32f4xx_it.o
 .debug_macro   0x0000000000022c69      0x1da Core/Src/system_stm32f4xx.o
 .debug_macro   0x0000000000022e43      0x234 Drivers/STM32F4xx_HAL_Driver/Src/stm32f4xx_hal.o
 .debug_macro   0x0000000000023077      0x1d4 Drivers/STM32F4xx_HAL_Driver/Src/stm32f4xx_hal_cortex.o
 .debug_macro   0x000000000002324b      0x20a Drivers/STM32F4xx_HAL_Driver/Src/stm32f4xx_hal_gpio.o
 .debug_macro   0x0000000000023455      0x1d4 Drivers/STM32F4xx_HAL_Driver/Src/stm32f4xx_hal_ltdc.o
 .debug_macro   0x0000000000023629      0x1ec Drivers/STM32F4xx_HAL_Driver/Src/stm32f4xx_hal_pwr_ex.o
 .debug_macro   0x0000000000023815      0x1f8 Drivers/STM32F4xx_HAL_Driver/Src/stm32f4xx_hal_rcc.o
 .debug_macro   0x0000000000023a0d      0x1d4 Drivers/STM32F4xx_HAL_Driver/Src/stm32f4xx_hal_rcc_ex.o
 .debug_macro   0x0000000000023be1      0x1dc Drivers/STM32F4xx_HAL_Driver/Src/stm32f4xx_hal_spi.o

.debug_line     0x0000000000000000     0x9fe1
 .debug_line    0x0000000000000000      0x6c2 Core/Src/gpio.o
 .debug_line    0x00000000000006c2      0xd33 Core/Src/graphic.o
 .debug_line    0x00000000000013f5      0xa8f Core/Src/lcd.o
 .debug_line    0x0000000000001e84      0x742 Core/Src/ltdc.o
 .debug_line    0x00000000000025c6      0x8dd Core/Src/main.o
 .debug_line    0x0000000000002ea3      0x6f7 Core/Src/spi.o
 .debug_line    0x000000000000359a      0x6c3 Core/Src/stm32f4xx_hal_msp.o
 .debug_line    0x0000000000003c5d      0x76a Core/Src/stm32f4xx_it.o
 .debug_line    0x00000000000043c7      0x6dd Core/Src/system_stm32f4xx.o
 .debug_line    0x0000000000004aa4       0x85 Core/Startup/startup_stm32f429zitx.o
 .debug_line    0x0000000000004b29      0x8eb Drivers/STM32F4xx_HAL_Driver/Src/stm32f4xx_hal.o
 .debug_line    0x0000000000005414      0x9eb Drivers/STM32F4xx_HAL_Driver/Src/stm32f4xx_hal_cortex.o
 .debug_line    0x0000000000005dff      0x8ce Drivers/STM32F4xx_HAL_Driver/Src/stm32f4xx_hal_gpio.o
 .debug_line    0x00000000000066cd      0xfa4 Drivers/STM32F4xx_HAL_Driver/Src/stm32f4xx_hal_ltdc.o
 .debug_line    0x0000000000007671      0x7b9 Drivers/STM32F4xx_HAL_Driver/Src/stm32f4xx_hal_pwr_ex.o
 .debug_line    0x0000000000007e2a      0x91f Drivers/STM32F4xx_HAL_Driver/Src/stm32f4xx_hal_rcc.o
 .debug_line    0x0000000000008749      0x866 Drivers/STM32F4xx_HAL_Driver/Src/stm32f4xx_hal_rcc_ex.o
 .debug_line    0x0000000000008faf     0x1032 Drivers/STM32F4xx_HAL_Driver/Src/stm32f4xx_hal_spi.o

.debug_str      0x0000000000000000    0xd3870
 .debug_str     0x0000000000000000    0xcc43a Core/Src/gpio.o
                                      0xcc6c0 (size before relaxing)
 .debug_str     0x00000000000cc43a      0x1fe Core/Src/graphic.o
                                      0xcc787 (size before relaxing)
 .debug_str     0x00000000000cc638     0x4e2d Core/Src/lcd.o
                                      0xd163d (size before relaxing)
 .debug_str     0x00000000000d1465       0x8f Core/Src/ltdc.o
                                      0xcca42 (size before relaxing)
 .debug_str     0x00000000000d14f4      0x234 Core/Src/main.o
                                      0xcd02c (size before relaxing)
 .debug_str     0x00000000000d1728       0x4b Core/Src/spi.o
                                      0xccba6 (size before relaxing)
 .debug_str     0x00000000000d1773       0x2c Core/Src/stm32f4xx_hal_msp.o
                                      0xcc6c2 (size before relaxing)
 .debug_str     0x00000000000d179f       0xbd Core/Src/stm32f4xx_it.o
                                      0xcc63d (size before relaxing)
 .debug_str     0x00000000000d185c       0xc4 Core/Src/system_stm32f4xx.o
                                      0xcb80e (size before relaxing)
 .debug_str     0x00000000000d1920       0x36 Core/Startup/startup_stm32f429zitx.o
                                         0x73 (size before relaxing)
 .debug_str     0x00000000000d1956      0xb07 Drivers/STM32F4xx_HAL_Driver/Src/stm32f4xx_hal.o
                                      0xcc37a (size before relaxing)
 .debug_str     0x00000000000d245d      0x399 Drivers/STM32F4xx_HAL_Driver/Src/stm32f4xx_hal_cortex.o
                                      0xcc11b (size before relaxing)
 .debug_str     0x00000000000d27f6      0x20c Drivers/STM32F4xx_HAL_Driver/Src/stm32f4xx_hal_gpio.o
                                      0xcba4d (size before relaxing)
 .debug_str     0x00000000000d2a02      0x4a3 Drivers/STM32F4xx_HAL_Driver/Src/stm32f4xx_hal_ltdc.o
                                      0xcbe54 (size before relaxing)
 .debug_str     0x00000000000d2ea5      0x135 Drivers/STM32F4xx_HAL_Driver/Src/stm32f4xx_hal_pwr_ex.o
                                      0xcb9f1 (size before relaxing)
 .debug_str     0x00000000000d2fda      0x259 Drivers/STM32F4xx_HAL_Driver/Src/stm32f4xx_hal_rcc.o
                                      0xcbbfb (size before relaxing)
 .debug_str     0x00000000000d3233      0x145 Drivers/STM32F4xx_HAL_Driver/Src/stm32f4xx_hal_rcc_ex.o
                                      0xcb9ec (size before relaxing)
 .debug_str     0x00000000000d3378      0x4f8 Drivers/STM32F4xx_HAL_Driver/Src/stm32f4xx_hal_spi.o
                                      0xcbfe4 (size before relaxing)

.comment        0x0000000000000000       0x7b
 .comment       0x0000000000000000       0x7b Core/Src/gpio.o
                                         0x7c (size before relaxing)
 .comment       0x000000000000007b       0x7c Core/Src/graphic.o
 .comment       0x000000000000007b       0x7c Core/Src/lcd.o
 .comment       0x000000000000007b       0x7c Core/Src/ltdc.o
 .comment       0x000000000000007b       0x7c Core/Src/main.o
 .comment       0x000000000000007b       0x7c Core/Src/spi.o
 .comment       0x000000000000007b       0x7c Core/Src/stm32f4xx_hal_msp.o
 .comment       0x000000000000007b       0x7c Core/Src/stm32f4xx_it.o
 .comment       0x000000000000007b       0x7c Core/Src/system_stm32f4xx.o
 .comment       0x000000000000007b       0x7c Drivers/STM32F4xx_HAL_Driver/Src/stm32f4xx_hal.o
 .comment       0x000000000000007b       0x7c Drivers/STM32F4xx_HAL_Driver/Src/stm32f4xx_hal_cortex.o
 .comment       0x000000000000007b       0x7c Drivers/STM32F4xx_HAL_Driver/Src/stm32f4xx_hal_gpio.o
 .comment       0x000000000000007b       0x7c Drivers/STM32F4xx_HAL_Driver/Src/stm32f4xx_hal_ltdc.o
 .comment       0x000000000000007b       0x7c Drivers/STM32F4xx_HAL_Driver/Src/stm32f4xx_hal_pwr_ex.o
 .comment       0x000000000000007b       0x7c Drivers/STM32F4xx_HAL_Driver/Src/stm32f4xx_hal_rcc.o
 .comment       0x000000000000007b       0x7c Drivers/STM32F4xx_HAL_Driver/Src/stm32f4xx_hal_rcc_ex.o
 .comment       0x000000000000007b       0x7c Drivers/STM32F4xx_HAL_Driver/Src/stm32f4xx_hal_spi.o

.debug_frame    0x0000000000000000     0x2508
 .debug_frame   0x0000000000000000       0x38 Core/Src/gpio.o
 .debug_frame   0x0000000000000038      0x384 Core/Src/graphic.o
 .debug_frame   0x00000000000003bc      0x180 Core/Src/lcd.o
 .debug_frame   0x000000000000053c       0x7c Core/Src/ltdc.o
 .debug_frame   0x00000000000005b8       0x78 Core/Src/main.o
 .debug_frame   0x0000000000000630       0x74 Core/Src/spi.o
 .debug_frame   0x00000000000006a4       0x34 Core/Src/stm32f4xx_hal_msp.o
 .debug_frame   0x00000000000006d8      0x104 Core/Src/stm32f4xx_it.o
 .debug_frame   0x00000000000007dc       0x58 Core/Src/system_stm32f4xx.o
 .debug_frame   0x0000000000000834      0x3b4 Drivers/STM32F4xx_HAL_Driver/Src/stm32f4xx_hal.o
 .debug_frame   0x0000000000000be8      0x498 Drivers/STM32F4xx_HAL_Driver/Src/stm32f4xx_hal_cortex.o
 .debug_frame   0x0000000000001080      0x14c Drivers/STM32F4xx_HAL_Driver/Src/stm32f4xx_hal_gpio.o
 .debug_frame   0x00000000000011cc      0x61c Drivers/STM32F4xx_HAL_Driver/Src/stm32f4xx_hal_ltdc.o
 .debug_frame   0x00000000000017e8      0x14c Drivers/STM32F4xx_HAL_Driver/Src/stm32f4xx_hal_pwr_ex.o
 .debug_frame   0x0000000000001934      0x1f0 Drivers/STM32F4xx_HAL_Driver/Src/stm32f4xx_hal_rcc.o
 .debug_frame   0x0000000000001b24      0x13c Drivers/STM32F4xx_HAL_Driver/Src/stm32f4xx_hal_rcc_ex.o
 .debug_frame   0x0000000000001c60      0x7fc Drivers/STM32F4xx_HAL_Driver/Src/stm32f4xx_hal_spi.o
 .debug_frame   0x000000000000245c       0x2c d:/st/stm32cubeide_1.5.1/stm32cubeide/plugins/com.st.stm32cube.ide.mcu.externaltools.gnu-tools-for-stm32.7-2018-q2-update.win32_1.5.0.202011040924/tools/bin/../lib/gcc/arm-none-eabi/7.3.1/../../../../arm-none-eabi/lib/thumb/v7e-m/fpv4-sp/hard\libc_nano.a(lib_a-init.o)
 .debug_frame   0x0000000000002488       0x20 d:/st/stm32cubeide_1.5.1/stm32cubeide/plugins/com.st.stm32cube.ide.mcu.externaltools.gnu-tools-for-stm32.7-2018-q2-update.win32_1.5.0.202011040924/tools/bin/../lib/gcc/arm-none-eabi/7.3.1/../../../../arm-none-eabi/lib/thumb/v7e-m/fpv4-sp/hard\libc_nano.a(lib_a-memset.o)
 .debug_frame   0x00000000000024a8       0x2c d:/st/stm32cubeide_1.5.1/stm32cubeide/plugins/com.st.stm32cube.ide.mcu.externaltools.gnu-tools-for-stm32.7-2018-q2-update.win32_1.5.0.202011040924/tools/bin/../lib/gcc/arm-none-eabi/7.3.1/thumb/v7e-m/fpv4-sp/hard\libgcc.a(_aeabi_uldivmod.o)
 .debug_frame   0x00000000000024d4       0x34 d:/st/stm32cubeide_1.5.1/stm32cubeide/plugins/com.st.stm32cube.ide.mcu.externaltools.gnu-tools-for-stm32.7-2018-q2-update.win32_1.5.0.202011040924/tools/bin/../lib/gcc/arm-none-eabi/7.3.1/thumb/v7e-m/fpv4-sp/hard\libgcc.a(_udivmoddi4.o)
