Archive member included to satisfy reference by file (symbol)

d:/st/stm32cubeide_1.5.1/stm32cubeide/plugins/com.st.stm32cube.ide.mcu.externaltools.gnu-tools-for-stm32.9-2020-q2-update.win32_1.5.0.202011040924/tools/bin/../lib/gcc/arm-none-eabi/9.3.1/../../../../arm-none-eabi/lib/thumb/v7e-m+fp/hard\libc_nano.a(lib_a-errno.o)
                              Core/Src/syscalls.o (__errno)
d:/st/stm32cubeide_1.5.1/stm32cubeide/plugins/com.st.stm32cube.ide.mcu.externaltools.gnu-tools-for-stm32.9-2020-q2-update.win32_1.5.0.202011040924/tools/bin/../lib/gcc/arm-none-eabi/9.3.1/../../../../arm-none-eabi/lib/thumb/v7e-m+fp/hard\libc_nano.a(lib_a-exit.o)
                              d:/st/stm32cubeide_1.5.1/stm32cubeide/plugins/com.st.stm32cube.ide.mcu.externaltools.gnu-tools-for-stm32.9-2020-q2-update.win32_1.5.0.202011040924/tools/bin/../lib/gcc/arm-none-eabi/9.3.1/../../../../arm-none-eabi/lib/thumb/v7e-m+fp/hard/crt0.o (exit)
d:/st/stm32cubeide_1.5.1/stm32cubeide/plugins/com.st.stm32cube.ide.mcu.externaltools.gnu-tools-for-stm32.9-2020-q2-update.win32_1.5.0.202011040924/tools/bin/../lib/gcc/arm-none-eabi/9.3.1/../../../../arm-none-eabi/lib/thumb/v7e-m+fp/hard\libc_nano.a(lib_a-impure.o)
                              d:/st/stm32cubeide_1.5.1/stm32cubeide/plugins/com.st.stm32cube.ide.mcu.externaltools.gnu-tools-for-stm32.9-2020-q2-update.win32_1.5.0.202011040924/tools/bin/../lib/gcc/arm-none-eabi/9.3.1/../../../../arm-none-eabi/lib/thumb/v7e-m+fp/hard\libc_nano.a(lib_a-exit.o) (_global_impure_ptr)
d:/st/stm32cubeide_1.5.1/stm32cubeide/plugins/com.st.stm32cube.ide.mcu.externaltools.gnu-tools-for-stm32.9-2020-q2-update.win32_1.5.0.202011040924/tools/bin/../lib/gcc/arm-none-eabi/9.3.1/../../../../arm-none-eabi/lib/thumb/v7e-m+fp/hard\libc_nano.a(lib_a-init.o)
                              d:/st/stm32cubeide_1.5.1/stm32cubeide/plugins/com.st.stm32cube.ide.mcu.externaltools.gnu-tools-for-stm32.9-2020-q2-update.win32_1.5.0.202011040924/tools/bin/../lib/gcc/arm-none-eabi/9.3.1/../../../../arm-none-eabi/lib/thumb/v7e-m+fp/hard/crt0.o (__libc_init_array)
d:/st/stm32cubeide_1.5.1/stm32cubeide/plugins/com.st.stm32cube.ide.mcu.externaltools.gnu-tools-for-stm32.9-2020-q2-update.win32_1.5.0.202011040924/tools/bin/../lib/gcc/arm-none-eabi/9.3.1/../../../../arm-none-eabi/lib/thumb/v7e-m+fp/hard\libc_nano.a(lib_a-memset.o)
                              d:/st/stm32cubeide_1.5.1/stm32cubeide/plugins/com.st.stm32cube.ide.mcu.externaltools.gnu-tools-for-stm32.9-2020-q2-update.win32_1.5.0.202011040924/tools/bin/../lib/gcc/arm-none-eabi/9.3.1/../../../../arm-none-eabi/lib/thumb/v7e-m+fp/hard/crt0.o (memset)
d:/st/stm32cubeide_1.5.1/stm32cubeide/plugins/com.st.stm32cube.ide.mcu.externaltools.gnu-tools-for-stm32.9-2020-q2-update.win32_1.5.0.202011040924/tools/bin/../lib/gcc/arm-none-eabi/9.3.1/../../../../arm-none-eabi/lib/thumb/v7e-m+fp/hard\libc_nano.a(lib_a-strlen.o)
                              Core/Src/screens.o (strlen)
d:/st/stm32cubeide_1.5.1/stm32cubeide/plugins/com.st.stm32cube.ide.mcu.externaltools.gnu-tools-for-stm32.9-2020-q2-update.win32_1.5.0.202011040924/tools/bin/../lib/gcc/arm-none-eabi/9.3.1/thumb/v7e-m+fp/hard\libgcc.a(_aeabi_uldivmod.o)
                              Drivers/STM32F4xx_HAL_Driver/Src/stm32f4xx_hal_rcc.o (__aeabi_uldivmod)
d:/st/stm32cubeide_1.5.1/stm32cubeide/plugins/com.st.stm32cube.ide.mcu.externaltools.gnu-tools-for-stm32.9-2020-q2-update.win32_1.5.0.202011040924/tools/bin/../lib/gcc/arm-none-eabi/9.3.1/thumb/v7e-m+fp/hard\libgcc.a(_udivmoddi4.o)
                              d:/st/stm32cubeide_1.5.1/stm32cubeide/plugins/com.st.stm32cube.ide.mcu.externaltools.gnu-tools-for-stm32.9-2020-q2-update.win32_1.5.0.202011040924/tools/bin/../lib/gcc/arm-none-eabi/9.3.1/thumb/v7e-m+fp/hard\libgcc.a(_aeabi_uldivmod.o) (__udivmoddi4)
d:/st/stm32cubeide_1.5.1/stm32cubeide/plugins/com.st.stm32cube.ide.mcu.externaltools.gnu-tools-for-stm32.9-2020-q2-update.win32_1.5.0.202011040924/tools/bin/../lib/gcc/arm-none-eabi/9.3.1/thumb/v7e-m+fp/hard\libgcc.a(_dvmd_tls.o)
                              d:/st/stm32cubeide_1.5.1/stm32cubeide/plugins/com.st.stm32cube.ide.mcu.externaltools.gnu-tools-for-stm32.9-2020-q2-update.win32_1.5.0.202011040924/tools/bin/../lib/gcc/arm-none-eabi/9.3.1/thumb/v7e-m+fp/hard\libgcc.a(_aeabi_uldivmod.o) (__aeabi_ldiv0)

Allocating common symbols
Common symbol       size              file

hspi5               0x58              Core/Src/spi.o
uwTick              0x4               Drivers/STM32F4xx_HAL_Driver/Src/stm32f4xx_hal.o
pFlash              0x20              Drivers/STM32F4xx_HAL_Driver/Src/stm32f4xx_hal_flash.o
hltdc               0xa8              Core/Src/ltdc.o

Discarded input sections

 .text          0x0000000000000000        0x0 d:/st/stm32cubeide_1.5.1/stm32cubeide/plugins/com.st.stm32cube.ide.mcu.externaltools.gnu-tools-for-stm32.9-2020-q2-update.win32_1.5.0.202011040924/tools/bin/../lib/gcc/arm-none-eabi/9.3.1/thumb/v7e-m+fp/hard/crti.o
[...]
Memory Configuration

Name             Origin             Length             Attributes
CCMRAM           0x0000000010000000 0x0000000000010000 xrw
RAM              0x0000000020000000 0x0000000000030000 xrw
FLASH            0x0000000008000000 0x0000000000200000 xr
*default*        0x0000000000000000 0xffffffffffffffff

Linker script and memory map

LOAD d:/st/stm32cubeide_1.5.1/stm32cubeide/plugins/com.st.stm32cube.ide.mcu.externaltools.gnu-tools-for-stm32.9-2020-q2-update.win32_1.5.0.202011040924/tools/bin/../lib/gcc/arm-none-eabi/9.3.1/thumb/v7e-m+fp/hard/crti.o
LOAD d:/st/stm32cubeide_1.5.1/stm32cubeide/plugins/com.st.stm32cube.ide.mcu.externaltools.gnu-tools-for-stm32.9-2020-q2-update.win32_1.5.0.202011040924/tools/bin/../lib/gcc/arm-none-eabi/9.3.1/thumb/v7e-m+fp/hard/crtbegin.o
LOAD d:/st/stm32cubeide_1.5.1/stm32cubeide/plugins/com.st.stm32cube.ide.mcu.externaltools.gnu-tools-for-stm32.9-2020-q2-update.win32_1.5.0.202011040924/tools/bin/../lib/gcc/arm-none-eabi/9.3.1/../../../../arm-none-eabi/lib/thumb/v7e-m+fp/hard/crt0.o
LOAD Core/Src/gpio.o
LOAD Core/Src/graphic.o
LOAD Core/Src/lcd.o
LOAD Core/Src/ltdc.o
LOAD Core/Src/main.o
LOAD Core/Src/screens.o
LOAD Core/Src/spi.o
LOAD Core/Src/stm32f4xx_hal_msp.o
LOAD Core/Src/stm32f4xx_it.o
LOAD Core/Src/syscalls.o
LOAD Core/Src/sysmem.o
LOAD Core/Src/system_stm32f4xx.o
LOAD Core/Startup/startup_stm32f429zitx.o
LOAD Drivers/STM32F4xx_HAL_Driver/Src/stm32f4xx_hal.o
LOAD Drivers/STM32F4xx_HAL_Driver/Src/stm32f4xx_hal_cortex.o
LOAD Drivers/STM32F4xx_HAL_Driver/Src/stm32f4xx_hal_dma.o
LOAD Drivers/STM32F4xx_HAL_Driver/Src/stm32f4xx_hal_dma_ex.o
LOAD Drivers/STM32F4xx_HAL_Driver/Src/stm32f4xx_hal_dsi.o
LOAD Drivers/STM32F4xx_HAL_Driver/Src/stm32f4xx_hal_exti.o
LOAD Drivers/STM32F4xx_HAL_Driver/Src/stm32f4xx_hal_flash.o
LOAD Drivers/STM32F4xx_HAL_Driver/Src/stm32f4xx_hal_flash_ex.o
LOAD Drivers/STM32F4xx_HAL_Driver/Src/stm32f4xx_hal_flash_ramfunc.o
LOAD Drivers/STM32F4xx_HAL_Driver/Src/stm32f4xx_hal_gpio.o
LOAD Drivers/STM32F4xx_HAL_Driver/Src/stm32f4xx_hal_ltdc.o
LOAD Drivers/STM32F4xx_HAL_Driver/Src/stm32f4xx_hal_ltdc_ex.o
LOAD Drivers/STM32F4xx_HAL_Driver/Src/stm32f4xx_hal_pwr.o
LOAD Drivers/STM32F4xx_HAL_Driver/Src/stm32f4xx_hal_pwr_ex.o
LOAD Drivers/STM32F4xx_HAL_Driver/Src/stm32f4xx_hal_rcc.o
LOAD Drivers/STM32F4xx_HAL_Driver/Src/stm32f4xx_hal_rcc_ex.o
LOAD Drivers/STM32F4xx_HAL_Driver/Src/stm32f4xx_hal_spi.o
LOAD Drivers/STM32F4xx_HAL_Driver/Src/stm32f4xx_hal_tim.o
LOAD Drivers/STM32F4xx_HAL_Driver/Src/stm32f4xx_hal_tim_ex.o
START GROUP
LOAD d:/st/stm32cubeide_1.5.1/stm32cubeide/plugins/com.st.stm32cube.ide.mcu.externaltools.gnu-tools-for-stm32.9-2020-q2-update.win32_1.5.0.202011040924/tools/bin/../lib/gcc/arm-none-eabi/9.3.1/../../../../arm-none-eabi/lib/thumb/v7e-m+fp/hard\libc_nano.a
LOAD d:/st/stm32cubeide_1.5.1/stm32cubeide/plugins/com.st.stm32cube.ide.mcu.externaltools.gnu-tools-for-stm32.9-2020-q2-update.win32_1.5.0.202011040924/tools/bin/../lib/gcc/arm-none-eabi/9.3.1/../../../../arm-none-eabi/lib/thumb/v7e-m+fp/hard\libm.a
END GROUP
START GROUP
LOAD d:/st/stm32cubeide_1.5.1/stm32cubeide/plugins/com.st.stm32cube.ide.mcu.externaltools.gnu-tools-for-stm32.9-2020-q2-update.win32_1.5.0.202011040924/tools/bin/../lib/gcc/arm-none-eabi/9.3.1/thumb/v7e-m+fp/hard\libgcc.a
LOAD d:/st/stm32cubeide_1.5.1/stm32cubeide/plugins/com.st.stm32cube.ide.mcu.externaltools.gnu-tools-for-stm32.9-2020-q2-update.win32_1.5.0.202011040924/tools/bin/../lib/gcc/arm-none-eabi/9.3.1/../../../../arm-none-eabi/lib/thumb/v7e-m+fp/hard\libc_nano.a
END GROUP
START GROUP
LOAD d:/st/stm32cubeide_1.5.1/stm32cubeide/plugins/com.st.stm32cube.ide.mcu.externaltools.gnu-tools-for-stm32.9-2020-q2-update.win32_1.5.0.202011040924/tools/bin/../lib/gcc/arm-none-eabi/9.3.1/thumb/v7e-m+fp/hard\libgcc.a
LOAD d:/st/stm32cubeide_1.5.1/stm32cubeide/plugins/com.st.stm32cube.ide.mcu.externaltools.gnu-tools-for-stm32.9-2020-q2-update.win32_1.5.0.202011040924/tools/bin/../lib/gcc/arm-none-eabi/9.3.1/../../../../arm-none-eabi/lib/thumb/v7e-m+fp/hard\libc_nano.a
LOAD d:/st/stm32cubeide_1.5.1/stm32cubeide/plugins/com.st.stm32cube.ide.mcu.externaltools.gnu-tools-for-stm32.9-2020-q2-update.win32_1.5.0.202011040924/tools/bin/../lib/gcc/arm-none-eabi/9.3.1/../../../../arm-none-eabi/lib/thumb/v7e-m+fp/hard\libnosys.a
END GROUP
START GROUP
LOAD d:/st/stm32cubeide_1.5.1/stm32cubeide/plugins/com.st.stm32cube.ide.mcu.externaltools.gnu-tools-for-stm32.9-2020-q2-update.win32_1.5.0.202011040924/tools/bin/../lib/gcc/arm-none-eabi/9.3.1/thumb/v7e-m+fp/hard\libgcc.a
LOAD d:/st/stm32cubeide_1.5.1/stm32cubeide/plugins/com.st.stm32cube.ide.mcu.externaltools.gnu-tools-for-stm32.9-2020-q2-update.win32_1.5.0.202011040924/tools/bin/../lib/gcc/arm-none-eabi/9.3.1/../../../../arm-none-eabi/lib/thumb/v7e-m+fp/hard\libc_nano.a
LOAD d:/st/stm32cubeide_1.5.1/stm32cubeide/plugins/com.st.stm32cube.ide.mcu.externaltools.gnu-tools-for-stm32.9-2020-q2-update.win32_1.5.0.202011040924/tools/bin/../lib/gcc/arm-none-eabi/9.3.1/../../../../arm-none-eabi/lib/thumb/v7e-m+fp/hard\libnosys.a
END GROUP
LOAD d:/st/stm32cubeide_1.5.1/stm32cubeide/plugins/com.st.stm32cube.ide.mcu.externaltools.gnu-tools-for-stm32.9-2020-q2-update.win32_1.5.0.202011040924/tools/bin/../lib/gcc/arm-none-eabi/9.3.1/thumb/v7e-m+fp/hard/crtend.o
LOAD d:/st/stm32cubeide_1.5.1/stm32cubeide/plugins/com.st.stm32cube.ide.mcu.externaltools.gnu-tools-for-stm32.9-2020-q2-update.win32_1.5.0.202011040924/tools/bin/../lib/gcc/arm-none-eabi/9.3.1/thumb/v7e-m+fp/hard/crtn.o
                0x0000000020030000                _estack = (ORIGIN (RAM) + LENGTH (RAM))
                0x0000000000000200                _Min_Heap_Size = 0x200
                0x0000000000000400                _Min_Stack_Size = 0x400

.isr_vector     0x0000000008000000      0x1ac
                0x0000000008000000                . = ALIGN (0x4)
 *(.isr_vector)
 .isr_vector    0x0000000008000000      0x1ac Core/Startup/startup_stm32f429zitx.o
                0x0000000008000000                g_pfnVectors
                0x00000000080001ac                . = ALIGN (0x4)

.text           0x00000000080001ac     0x4eb4
                0x00000000080001ac                . = ALIGN (0x4)
 *(.text)
 .text          0x00000000080001ac       0x40 d:/st/stm32cubeide_1.5.1/stm32cubeide/plugins/com.st.stm32cube.ide.mcu.externaltools.gnu-tools-for-stm32.9-2020-q2-update.win32_1.5.0.202011040924/tools/bin/../lib/gcc/arm-none-eabi/9.3.1/thumb/v7e-m+fp/hard/crtbegin.o
 .text          0x00000000080001ec       0x10 d:/st/stm32cubeide_1.5.1/stm32cubeide/plugins/com.st.stm32cube.ide.mcu.externaltools.gnu-tools-for-stm32.9-2020-q2-update.win32_1.5.0.202011040924/tools/bin/../lib/gcc/arm-none-eabi/9.3.1/../../../../arm-none-eabi/lib/thumb/v7e-m+fp/hard\libc_nano.a(lib_a-strlen.o)
                0x00000000080001ec                strlen
 .text          0x00000000080001fc       0x30 d:/st/stm32cubeide_1.5.1/stm32cubeide/plugins/com.st.stm32cube.ide.mcu.externaltools.gnu-tools-for-stm32.9-2020-q2-update.win32_1.5.0.202011040924/tools/bin/../lib/gcc/arm-none-eabi/9.3.1/thumb/v7e-m+fp/hard\libgcc.a(_aeabi_uldivmod.o)
                0x00000000080001fc                __aeabi_uldivmod
 .text          0x000000000800022c      0x2c4 d:/st/stm32cubeide_1.5.1/stm32cubeide/plugins/com.st.stm32cube.ide.mcu.externaltools.gnu-tools-for-stm32.9-2020-q2-update.win32_1.5.0.202011040924/tools/bin/../lib/gcc/arm-none-eabi/9.3.1/thumb/v7e-m+fp/hard\libgcc.a(_udivmoddi4.o)
                0x000000000800022c                __udivmoddi4
 .text          0x00000000080004f0        0x4 d:/st/stm32cubeide_1.5.1/stm32cubeide/plugins/com.st.stm32cube.ide.mcu.externaltools.gnu-tools-for-stm32.9-2020-q2-update.win32_1.5.0.202011040924/tools/bin/../lib/gcc/arm-none-eabi/9.3.1/thumb/v7e-m+fp/hard\libgcc.a(_dvmd_tls.o)
                0x00000000080004f0                __aeabi_idiv0
                0x00000000080004f0                __aeabi_ldiv0
 *(.text*)
 .text.LCD_DrawABig
                0x00000000080004f4       0x94 Core/Src/graphic.o
                0x00000000080004f4                LCD_DrawABig
 .text.LCD_DrawBBig
                0x0000000008000588       0xc8 Core/Src/graphic.o
                0x0000000008000588                LCD_DrawBBig
 .text.LCD_DrawCBig
                0x0000000008000650       0x88 Core/Src/graphic.o
                0x0000000008000650                LCD_DrawCBig
 .text.LCD_DrawDBig
                0x00000000080006d8       0xa4 Core/Src/graphic.o
                0x00000000080006d8                LCD_DrawDBig
 .text.LCD_DrawEBig
                0x000000000800077c       0xa0 Core/Src/graphic.o
                0x000000000800077c                LCD_DrawEBig
 .text.LCD_DrawFBig
                0x000000000800081c       0x94 Core/Src/graphic.o
                0x000000000800081c                LCD_DrawFBig
 .text.LCD_DrawGBig
                0x00000000080008b0       0xa4 Core/Src/graphic.o
                0x00000000080008b0                LCD_DrawGBig
 .text.LCD_DrawHBig
                0x0000000008000954       0x98 Core/Src/graphic.o
                0x0000000008000954                LCD_DrawHBig
 .text.LCD_DrawIBig
                0x00000000080009ec       0x8c Core/Src/graphic.o
                0x00000000080009ec                LCD_DrawIBig
 .text.LCD_DrawJBig
                0x0000000008000a78       0x94 Core/Src/graphic.o
                0x0000000008000a78                LCD_DrawJBig
 .text.LCD_DrawKBig
                0x0000000008000b0c       0xdc Core/Src/graphic.o
                0x0000000008000b0c                LCD_DrawKBig
 .text.LCD_DrawLBig
                0x0000000008000be8       0x80 Core/Src/graphic.o
                0x0000000008000be8                LCD_DrawLBig
 .text.LCD_DrawMBig
                0x0000000008000c68       0xc8 Core/Src/graphic.o
                0x0000000008000c68                LCD_DrawMBig
 .text.LCD_DrawNBig
                0x0000000008000d30       0xc8 Core/Src/graphic.o
                0x0000000008000d30                LCD_DrawNBig
 .text.LCD_DrawOBig
                0x0000000008000df8       0x8c Core/Src/graphic.o
                0x0000000008000df8                LCD_DrawOBig
 .text.LCD_DrawPBig
                0x0000000008000e84       0xac Core/Src/graphic.o
                0x0000000008000e84                LCD_DrawPBig
 .text.LCD_DrawQBig
                0x0000000008000f30       0xa4 Core/Src/graphic.o
                0x0000000008000f30                LCD_DrawQBig
 .text.LCD_DrawRBig
                0x0000000008000fd4       0xd0 Core/Src/graphic.o
                0x0000000008000fd4                LCD_DrawRBig
 .text.LCD_DrawSBig
                0x00000000080010a4       0xb0 Core/Src/graphic.o
                0x00000000080010a4                LCD_DrawSBig
 .text.LCD_DrawTBig
                0x0000000008001154       0x88 Core/Src/graphic.o
                0x0000000008001154                LCD_DrawTBig
 .text.LCD_DrawUBig
                0x00000000080011dc       0x88 Core/Src/graphic.o
                0x00000000080011dc                LCD_DrawUBig
 .text.LCD_DrawVBig
                0x0000000008001264      0x100 Core/Src/graphic.o
                0x0000000008001264                LCD_DrawVBig
 .text.LCD_DrawWBig
                0x0000000008001364      0x138 Core/Src/graphic.o
                0x0000000008001364                LCD_DrawWBig
 .text.LCD_DrawXBig
                0x000000000800149c       0xbc Core/Src/graphic.o
                0x000000000800149c                LCD_DrawXBig
 .text.LCD_DrawYBig
                0x0000000008001558       0xd0 Core/Src/graphic.o
                0x0000000008001558                LCD_DrawYBig
 .text.LCD_DrawZBig
                0x0000000008001628       0xb0 Core/Src/graphic.o
                0x0000000008001628                LCD_DrawZBig
 .text.LCD_Draw0Big
                0x00000000080016d8       0x8c Core/Src/graphic.o
                0x00000000080016d8                LCD_Draw0Big
 .text.LCD_Draw1Big
                0x0000000008001764       0x80 Core/Src/graphic.o
                0x0000000008001764                LCD_Draw1Big
 .text.LCD_Draw2Big
                0x00000000080017e4       0xa4 Core/Src/graphic.o
                0x00000000080017e4                LCD_Draw2Big
 .text.LCD_Draw3Big
                0x0000000008001888       0x94 Core/Src/graphic.o
                0x0000000008001888                LCD_Draw3Big
 .text.LCD_Draw4Big
                0x000000000800191c       0x98 Core/Src/graphic.o
                0x000000000800191c                LCD_Draw4Big
 .text.LCD_Draw5Big
                0x00000000080019b4       0xa4 Core/Src/graphic.o
                0x00000000080019b4                LCD_Draw5Big
 .text.LCD_Draw6Big
                0x0000000008001a58       0xa0 Core/Src/graphic.o
                0x0000000008001a58                LCD_Draw6Big
 .text.LCD_Draw7Big
                0x0000000008001af8       0xb8 Core/Src/graphic.o
                0x0000000008001af8                LCD_Draw7Big
 .text.LCD_Draw8Big
                0x0000000008001bb0       0x98 Core/Src/graphic.o
                0x0000000008001bb0                LCD_Draw8Big
 .text.LCD_Draw9Big
                0x0000000008001c48       0xa0 Core/Src/graphic.o
                0x0000000008001c48                LCD_Draw9Big
 .text.LCD_GpioInit
                0x0000000008001ce8       0x9c Core/Src/lcd.o
                0x0000000008001ce8                LCD_GpioInit
 .text.LCD_LtdcInit
                0x0000000008001d84       0x44 Core/Src/lcd.o
                0x0000000008001d84                LCD_LtdcInit
 .text.LCD_DispInit_Spi
                0x0000000008001dc8      0x208 Core/Src/lcd.o
                0x0000000008001dc8                LCD_DispInit_Spi
 .text.LCD_DispInit_Ltdc
                0x0000000008001fd0      0x290 Core/Src/lcd.o
                0x0000000008001fd0                LCD_DispInit_Ltdc
 .text.LCD_WriteCommand
                0x0000000008002260       0x5c Core/Src/lcd.o
                0x0000000008002260                LCD_WriteCommand
 .text.LCD_WriteData
                0x00000000080022bc       0x5c Core/Src/lcd.o
                0x00000000080022bc                LCD_WriteData
 .text.LCD_WriteGRAM
                0x0000000008002318       0x30 Core/Src/lcd.o
                0x0000000008002318                LCD_WriteGRAM
 .text.LCD_ClearScreenLtdc
                0x0000000008002348       0x24 Core/Src/lcd.o
                0x0000000008002348                LCD_ClearScreenLtdc
 .text.MX_LTDC_Init
                0x000000000800236c      0x100 Core/Src/ltdc.o
                0x000000000800236c                MX_LTDC_Init
 .text.HAL_LTDC_MspInit
                0x000000000800246c      0x214 Core/Src/ltdc.o
                0x000000000800246c                HAL_LTDC_MspInit
 .text.main     0x0000000008002680       0x2a Core/Src/main.o
                0x0000000008002680                main
 *fill*         0x00000000080026aa        0x2 
 .text.SystemClock_Config
                0x00000000080026ac      0x118 Core/Src/main.o
                0x00000000080026ac                SystemClock_Config
 .text.Error_Handler
                0x00000000080027c4        0xe Core/Src/main.o
                0x00000000080027c4                Error_Handler
 *fill*         0x00000000080027d2        0x2 
 .text.initializeGPIONVIC
                0x00000000080027d4       0xe8 Core/Src/main.o
                0x00000000080027d4                initializeGPIONVIC
 .text.EXTI0_IRQHandler
                0x00000000080028bc       0x60 Core/Src/main.o
                0x00000000080028bc                EXTI0_IRQHandler
 .text.EXTI1_IRQHandler
                0x000000000800291c       0x12 Core/Src/main.o
                0x000000000800291c                EXTI1_IRQHandler
 .text.EXTI2_IRQHandler
                0x000000000800292e       0x12 Core/Src/main.o
                0x000000000800292e                EXTI2_IRQHandler
 .text.EXTI3_IRQHandler
                0x0000000008002940       0x12 Core/Src/main.o
                0x0000000008002940                EXTI3_IRQHandler
 .text.EXTI4_IRQHandler
                0x0000000008002952       0x12 Core/Src/main.o
                0x0000000008002952                EXTI4_IRQHandler
 .text.letterselect
                0x0000000008002964      0x36e Core/Src/screens.o
                0x0000000008002964                letterselect
 *fill*         0x0000000008002cd2        0x2 
 .text.type     0x0000000008002cd4       0x68 Core/Src/screens.o
                0x0000000008002cd4                type
 .text.InitialScreen
                0x0000000008002d3c       0x3c Core/Src/screens.o
                0x0000000008002d3c                InitialScreen
 .text.MenuScreen
                0x0000000008002d78       0x2c Core/Src/screens.o
                0x0000000008002d78                MenuScreen
 .text.BluetoothScreen
                0x0000000008002da4       0x3c Core/Src/screens.o
                0x0000000008002da4                BluetoothScreen
 .text.ScheduleScreen
                0x0000000008002de0       0x2c Core/Src/screens.o
                0x0000000008002de0                ScheduleScreen
 .text.DispensedScreen
                0x0000000008002e0c       0x2c Core/Src/screens.o
                0x0000000008002e0c                DispensedScreen
 .text.MX_SPI5_Init
                0x0000000008002e38       0x70 Core/Src/spi.o
                0x0000000008002e38                MX_SPI5_Init
 .text.HAL_SPI_MspInit
                0x0000000008002ea8       0x90 Core/Src/spi.o
                0x0000000008002ea8                HAL_SPI_MspInit
 .text.HAL_MspInit
                0x0000000008002f38       0x50 Core/Src/stm32f4xx_hal_msp.o
                0x0000000008002f38                HAL_MspInit
 .text.NMI_Handler
                0x0000000008002f88        0x6 Core/Src/stm32f4xx_it.o
                0x0000000008002f88                NMI_Handler
 .text.HardFault_Handler
                0x0000000008002f8e        0x6 Core/Src/stm32f4xx_it.o
                0x0000000008002f8e                HardFault_Handler
 .text.MemManage_Handler
                0x0000000008002f94        0x6 Core/Src/stm32f4xx_it.o
                0x0000000008002f94                MemManage_Handler
 .text.BusFault_Handler
                0x0000000008002f9a        0x6 Core/Src/stm32f4xx_it.o
                0x0000000008002f9a                BusFault_Handler
 .text.UsageFault_Handler
                0x0000000008002fa0        0x6 Core/Src/stm32f4xx_it.o
                0x0000000008002fa0                UsageFault_Handler
 .text.SVC_Handler
                0x0000000008002fa6        0xe Core/Src/stm32f4xx_it.o
                0x0000000008002fa6                SVC_Handler
 .text.DebugMon_Handler
                0x0000000008002fb4        0xe Core/Src/stm32f4xx_it.o
                0x0000000008002fb4                DebugMon_Handler
 .text.PendSV_Handler
                0x0000000008002fc2        0xe Core/Src/stm32f4xx_it.o
                0x0000000008002fc2                PendSV_Handler
 .text.SysTick_Handler
                0x0000000008002fd0        0xc Core/Src/stm32f4xx_it.o
                0x0000000008002fd0                SysTick_Handler
 .text.SystemInit
                0x0000000008002fdc       0x2c Core/Src/system_stm32f4xx.o
                0x0000000008002fdc                SystemInit
 .text.Reset_Handler
                0x0000000008003008       0x50 Core/Startup/startup_stm32f429zitx.o
                0x0000000008003008                Reset_Handler
 .text.Default_Handler
                0x0000000008003058        0x2 Core/Startup/startup_stm32f429zitx.o
                0x0000000008003058                RTC_Alarm_IRQHandler
                0x0000000008003058                HASH_RNG_IRQHandler
                0x0000000008003058                TIM8_CC_IRQHandler
                0x0000000008003058                UART8_IRQHandler
                0x0000000008003058                SPI4_IRQHandler
                0x0000000008003058                TIM1_CC_IRQHandler
                0x0000000008003058                DMA2_Stream5_IRQHandler
                0x0000000008003058                DMA1_Stream5_IRQHandler
                0x0000000008003058                PVD_IRQHandler
                0x0000000008003058                SDIO_IRQHandler
                0x0000000008003058                TAMP_STAMP_IRQHandler
                0x0000000008003058                CAN2_RX1_IRQHandler
                0x0000000008003058                TIM8_TRG_COM_TIM14_IRQHandler
                0x0000000008003058                TIM1_UP_TIM10_IRQHandler
                0x0000000008003058                TIM8_UP_TIM13_IRQHandler
                0x0000000008003058                I2C3_ER_IRQHandler
                0x0000000008003058                I2C2_EV_IRQHandler
                0x0000000008003058                DMA1_Stream2_IRQHandler
                0x0000000008003058                CAN1_RX0_IRQHandler
                0x0000000008003058                FPU_IRQHandler
                0x0000000008003058                OTG_HS_WKUP_IRQHandler
                0x0000000008003058                LTDC_ER_IRQHandler
                0x0000000008003058                CAN2_SCE_IRQHandler
                0x0000000008003058                DMA2_Stream2_IRQHandler
                0x0000000008003058                SPI1_IRQHandler
                0x0000000008003058                TIM6_DAC_IRQHandler
                0x0000000008003058                TIM1_BRK_TIM9_IRQHandler
                0x0000000008003058                DCMI_IRQHandler
                0x0000000008003058                CAN2_RX0_IRQHandler
                0x0000000008003058                DMA2_Stream3_IRQHandler
                0x0000000008003058                USART6_IRQHandler
                0x0000000008003058                USART3_IRQHandler
                0x0000000008003058                CAN1_RX1_IRQHandler
                0x0000000008003058                UART5_IRQHandler
                0x0000000008003058                DMA2_Stream0_IRQHandler
                0x0000000008003058                TIM4_IRQHandler
                0x0000000008003058                I2C1_EV_IRQHandler
                0x0000000008003058                DMA1_Stream6_IRQHandler
                0x0000000008003058                DMA1_Stream1_IRQHandler
                0x0000000008003058                UART4_IRQHandler
                0x0000000008003058                TIM3_IRQHandler
                0x0000000008003058                RCC_IRQHandler
                0x0000000008003058                TIM8_BRK_TIM12_IRQHandler
                0x0000000008003058                Default_Handler
                0x0000000008003058                EXTI15_10_IRQHandler
                0x0000000008003058                ADC_IRQHandler
                0x0000000008003058                DMA1_Stream7_IRQHandler
                0x0000000008003058                SPI5_IRQHandler
                0x0000000008003058                TIM7_IRQHandler
                0x0000000008003058                CAN2_TX_IRQHandler
                0x0000000008003058                TIM5_IRQHandler
                0x0000000008003058                DMA2_Stream7_IRQHandler
                0x0000000008003058                I2C3_EV_IRQHandler
                0x0000000008003058                EXTI9_5_IRQHandler
                0x0000000008003058                RTC_WKUP_IRQHandler
                0x0000000008003058                LTDC_IRQHandler
                0x0000000008003058                ETH_WKUP_IRQHandler
                0x0000000008003058                SPI2_IRQHandler
                0x0000000008003058                OTG_HS_EP1_IN_IRQHandler
                0x0000000008003058                DMA1_Stream0_IRQHandler
                0x0000000008003058                CAN1_TX_IRQHandler
                0x0000000008003058                ETH_IRQHandler
                0x0000000008003058                OTG_HS_EP1_OUT_IRQHandler
                0x0000000008003058                WWDG_IRQHandler
                0x0000000008003058                SPI6_IRQHandler
                0x0000000008003058                TIM2_IRQHandler
                0x0000000008003058                OTG_FS_WKUP_IRQHandler
                0x0000000008003058                TIM1_TRG_COM_TIM11_IRQHandler
                0x0000000008003058                OTG_HS_IRQHandler
                0x0000000008003058                DMA2D_IRQHandler
                0x0000000008003058                UART7_IRQHandler
                0x0000000008003058                USART2_IRQHandler
                0x0000000008003058                I2C2_ER_IRQHandler
                0x0000000008003058                DMA2_Stream1_IRQHandler
                0x0000000008003058                CAN1_SCE_IRQHandler
                0x0000000008003058                FLASH_IRQHandler
                0x0000000008003058                DMA2_Stream4_IRQHandler
                0x0000000008003058                USART1_IRQHandler
                0x0000000008003058                OTG_FS_IRQHandler
                0x0000000008003058                SPI3_IRQHandler
                0x0000000008003058                DMA1_Stream4_IRQHandler
                0x0000000008003058                I2C1_ER_IRQHandler
                0x0000000008003058                FMC_IRQHandler
                0x0000000008003058                DMA2_Stream6_IRQHandler
                0x0000000008003058                SAI1_IRQHandler
                0x0000000008003058                DMA1_Stream3_IRQHandler
 *fill*         0x000000000800305a        0x2 
 .text.HAL_Init
                0x000000000800305c       0x44 Drivers/STM32F4xx_HAL_Driver/Src/stm32f4xx_hal.o
                0x000000000800305c                HAL_Init
 .text.HAL_InitTick
                0x00000000080030a0       0x60 Drivers/STM32F4xx_HAL_Driver/Src/stm32f4xx_hal.o
                0x00000000080030a0                HAL_InitTick
 .text.HAL_IncTick
                0x0000000008003100       0x28 Drivers/STM32F4xx_HAL_Driver/Src/stm32f4xx_hal.o
                0x0000000008003100                HAL_IncTick
 .text.HAL_GetTick
                0x0000000008003128       0x18 Drivers/STM32F4xx_HAL_Driver/Src/stm32f4xx_hal.o
                0x0000000008003128                HAL_GetTick
 .text.HAL_Delay
                0x0000000008003140       0x48 Drivers/STM32F4xx_HAL_Driver/Src/stm32f4xx_hal.o
                0x0000000008003140                HAL_Delay
 .text.__NVIC_SetPriorityGrouping
                0x0000000008003188       0x48 Drivers/STM32F4xx_HAL_Driver/Src/stm32f4xx_hal_cortex.o
 .text.__NVIC_GetPriorityGrouping
                0x00000000080031d0       0x1c Drivers/STM32F4xx_HAL_Driver/Src/stm32f4xx_hal_cortex.o
 .text.__NVIC_EnableIRQ
                0x00000000080031ec       0x3c Drivers/STM32F4xx_HAL_Driver/Src/stm32f4xx_hal_cortex.o
 .text.__NVIC_SetPriority
                0x0000000008003228       0x54 Drivers/STM32F4xx_HAL_Driver/Src/stm32f4xx_hal_cortex.o
 .text.NVIC_EncodePriority
                0x000000000800327c       0x66 Drivers/STM32F4xx_HAL_Driver/Src/stm32f4xx_hal_cortex.o
 *fill*         0x00000000080032e2        0x2 
 .text.SysTick_Config
                0x00000000080032e4       0x44 Drivers/STM32F4xx_HAL_Driver/Src/stm32f4xx_hal_cortex.o
 .text.HAL_NVIC_SetPriorityGrouping
                0x0000000008003328       0x16 Drivers/STM32F4xx_HAL_Driver/Src/stm32f4xx_hal_cortex.o
                0x0000000008003328                HAL_NVIC_SetPriorityGrouping
 .text.HAL_NVIC_SetPriority
                0x000000000800333e       0x38 Drivers/STM32F4xx_HAL_Driver/Src/stm32f4xx_hal_cortex.o
                0x000000000800333e                HAL_NVIC_SetPriority
 .text.HAL_NVIC_EnableIRQ
                0x0000000008003376       0x1c Drivers/STM32F4xx_HAL_Driver/Src/stm32f4xx_hal_cortex.o
                0x0000000008003376                HAL_NVIC_EnableIRQ
 .text.HAL_SYSTICK_Config
                0x0000000008003392       0x18 Drivers/STM32F4xx_HAL_Driver/Src/stm32f4xx_hal_cortex.o
                0x0000000008003392                HAL_SYSTICK_Config
 *fill*         0x00000000080033aa        0x2 
 .text.HAL_GPIO_Init
                0x00000000080033ac      0x358 Drivers/STM32F4xx_HAL_Driver/Src/stm32f4xx_hal_gpio.o
                0x00000000080033ac                HAL_GPIO_Init
 .text.HAL_GPIO_WritePin
                0x0000000008003704       0x32 Drivers/STM32F4xx_HAL_Driver/Src/stm32f4xx_hal_gpio.o
                0x0000000008003704                HAL_GPIO_WritePin
 *fill*         0x0000000008003736        0x2 
 .text.HAL_GPIO_EXTI_IRQHandler
                0x0000000008003738       0x30 Drivers/STM32F4xx_HAL_Driver/Src/stm32f4xx_hal_gpio.o
                0x0000000008003738                HAL_GPIO_EXTI_IRQHandler
 .text.HAL_GPIO_EXTI_Callback
                0x0000000008003768       0x16 Drivers/STM32F4xx_HAL_Driver/Src/stm32f4xx_hal_gpio.o
                0x0000000008003768                HAL_GPIO_EXTI_Callback
 *fill*         0x000000000800377e        0x2 
 .text.HAL_LTDC_Init
                0x0000000008003780      0x1a8 Drivers/STM32F4xx_HAL_Driver/Src/stm32f4xx_hal_ltdc.o
                0x0000000008003780                HAL_LTDC_Init
 .text.HAL_LTDC_ConfigLayer
                0x0000000008003928       0x7c Drivers/STM32F4xx_HAL_Driver/Src/stm32f4xx_hal_ltdc.o
                0x0000000008003928                HAL_LTDC_ConfigLayer
 .text.HAL_LTDC_ConfigCLUT
                0x00000000080039a4       0xe8 Drivers/STM32F4xx_HAL_Driver/Src/stm32f4xx_hal_ltdc.o
                0x00000000080039a4                HAL_LTDC_ConfigCLUT
 .text.HAL_LTDC_EnableCLUT
                0x0000000008003a8c       0x72 Drivers/STM32F4xx_HAL_Driver/Src/stm32f4xx_hal_ltdc.o
                0x0000000008003a8c                HAL_LTDC_EnableCLUT
 .text.HAL_LTDC_SetAddress
                0x0000000008003afe       0x6c Drivers/STM32F4xx_HAL_Driver/Src/stm32f4xx_hal_ltdc.o
                0x0000000008003afe                HAL_LTDC_SetAddress
 .text.HAL_LTDC_Reload
                0x0000000008003b6a       0x5e Drivers/STM32F4xx_HAL_Driver/Src/stm32f4xx_hal_ltdc.o
                0x0000000008003b6a                HAL_LTDC_Reload
 .text.LTDC_SetConfig
                0x0000000008003bc8      0x33a Drivers/STM32F4xx_HAL_Driver/Src/stm32f4xx_hal_ltdc.o
 *fill*         0x0000000008003f02        0x2 
 .text.HAL_PWREx_EnableOverDrive
                0x0000000008003f04       0xa0 Drivers/STM32F4xx_HAL_Driver/Src/stm32f4xx_hal_pwr_ex.o
                0x0000000008003f04                HAL_PWREx_EnableOverDrive
 .text.HAL_RCC_OscConfig
                0x0000000008003fa4      0x4f0 Drivers/STM32F4xx_HAL_Driver/Src/stm32f4xx_hal_rcc.o
                0x0000000008003fa4                HAL_RCC_OscConfig
 .text.HAL_RCC_ClockConfig
                0x0000000008004494      0x1cc Drivers/STM32F4xx_HAL_Driver/Src/stm32f4xx_hal_rcc.o
                0x0000000008004494                HAL_RCC_ClockConfig
 .text.HAL_RCC_GetSysClockFreq
                0x0000000008004660      0x1c4 Drivers/STM32F4xx_HAL_Driver/Src/stm32f4xx_hal_rcc.o
                0x0000000008004660                HAL_RCC_GetSysClockFreq
 .text.HAL_RCCEx_PeriphCLKConfig
                0x0000000008004824      0x37c Drivers/STM32F4xx_HAL_Driver/Src/stm32f4xx_hal_rcc_ex.o
                0x0000000008004824                HAL_RCCEx_PeriphCLKConfig
 .text.HAL_SPI_Init
                0x0000000008004ba0       0xc8 Drivers/STM32F4xx_HAL_Driver/Src/stm32f4xx_hal_spi.o
                0x0000000008004ba0                HAL_SPI_Init
 .text.HAL_SPI_Transmit
                0x0000000008004c68      0x27a Drivers/STM32F4xx_HAL_Driver/Src/stm32f4xx_hal_spi.o
                0x0000000008004c68                HAL_SPI_Transmit
 .text.SPI_WaitFlagStateUntilTimeout
                0x0000000008004ee2       0xd2 Drivers/STM32F4xx_HAL_Driver/Src/stm32f4xx_hal_spi.o
 .text.SPI_CheckFlag_BSY
                0x0000000008004fb4       0x3c Drivers/STM32F4xx_HAL_Driver/Src/stm32f4xx_hal_spi.o
 .text.__libc_init_array
                0x0000000008004ff0       0x48 d:/st/stm32cubeide_1.5.1/stm32cubeide/plugins/com.st.stm32cube.ide.mcu.externaltools.gnu-tools-for-stm32.9-2020-q2-update.win32_1.5.0.202011040924/tools/bin/../lib/gcc/arm-none-eabi/9.3.1/../../../../arm-none-eabi/lib/thumb/v7e-m+fp/hard\libc_nano.a(lib_a-init.o)
                0x0000000008004ff0                __libc_init_array
 .text.memset   0x0000000008005038       0x10 d:/st/stm32cubeide_1.5.1/stm32cubeide/plugins/com.st.stm32cube.ide.mcu.externaltools.gnu-tools-for-stm32.9-2020-q2-update.win32_1.5.0.202011040924/tools/bin/../lib/gcc/arm-none-eabi/9.3.1/../../../../arm-none-eabi/lib/thumb/v7e-m+fp/hard\libc_nano.a(lib_a-memset.o)
                0x0000000008005038                memset
 *(.glue_7)
 .glue_7        0x0000000008005048        0x0 linker stubs
 *(.glue_7t)
 .glue_7t       0x0000000008005048        0x0 linker stubs
 *(.eh_frame)
 .eh_frame      0x0000000008005048        0x0 d:/st/stm32cubeide_1.5.1/stm32cubeide/plugins/com.st.stm32cube.ide.mcu.externaltools.gnu-tools-for-stm32.9-2020-q2-update.win32_1.5.0.202011040924/tools/bin/../lib/gcc/arm-none-eabi/9.3.1/thumb/v7e-m+fp/hard/crtbegin.o
 *(.init)
 .init          0x0000000008005048        0x4 d:/st/stm32cubeide_1.5.1/stm32cubeide/plugins/com.st.stm32cube.ide.mcu.externaltools.gnu-tools-for-stm32.9-2020-q2-update.win32_1.5.0.202011040924/tools/bin/../lib/gcc/arm-none-eabi/9.3.1/thumb/v7e-m+fp/hard/crti.o
                0x0000000008005048                _init
 .init          0x000000000800504c        0x8 d:/st/stm32cubeide_1.5.1/stm32cubeide/plugins/com.st.stm32cube.ide.mcu.externaltools.gnu-tools-for-stm32.9-2020-q2-update.win32_1.5.0.202011040924/tools/bin/../lib/gcc/arm-none-eabi/9.3.1/thumb/v7e-m+fp/hard/crtn.o
 *(.fini)
 .fini          0x0000000008005054        0x4 d:/st/stm32cubeide_1.5.1/stm32cubeide/plugins/com.st.stm32cube.ide.mcu.externaltools.gnu-tools-for-stm32.9-2020-q2-update.win32_1.5.0.202011040924/tools/bin/../lib/gcc/arm-none-eabi/9.3.1/thumb/v7e-m+fp/hard/crti.o
                0x0000000008005054                _fini
 .fini          0x0000000008005058        0x8 d:/st/stm32cubeide_1.5.1/stm32cubeide/plugins/com.st.stm32cube.ide.mcu.externaltools.gnu-tools-for-stm32.9-2020-q2-update.win32_1.5.0.202011040924/tools/bin/../lib/gcc/arm-none-eabi/9.3.1/thumb/v7e-m+fp/hard/crtn.o
                0x0000000008005060                . = ALIGN (0x4)
                0x0000000008005060                _etext = .

.vfp11_veneer   0x0000000008005060        0x0
 .vfp11_veneer  0x0000000008005060        0x0 linker stubs

.v4_bx          0x0000000008005060        0x0
 .v4_bx         0x0000000008005060        0x0 linker stubs

.iplt           0x0000000008005060        0x0
 .iplt          0x0000000008005060        0x0 d:/st/stm32cubeide_1.5.1/stm32cubeide/plugins/com.st.stm32cube.ide.mcu.externaltools.gnu-tools-for-stm32.9-2020-q2-update.win32_1.5.0.202011040924/tools/bin/../lib/gcc/arm-none-eabi/9.3.1/thumb/v7e-m+fp/hard/crtbegin.o

.rodata         0x0000000008005060      0x454
                0x0000000008005060                . = ALIGN (0x4)
 *(.rodata)
 .rodata        0x0000000008005060       0x42 Core/Src/screens.o
 *(.rodata*)
 *fill*         0x00000000080050a2        0x2 
 .rodata.CLUT   0x00000000080050a4      0x400 Core/Src/lcd.o
                0x00000000080050a4                CLUT
 .rodata.AHBPrescTable
                0x00000000080054a4       0x10 Core/Src/system_stm32f4xx.o
                0x00000000080054a4                AHBPrescTable
                0x00000000080054b4                . = ALIGN (0x4)

.ARM.extab      0x00000000080054b4        0x0
                0x00000000080054b4                . = ALIGN (0x4)
 *(.ARM.extab* .gnu.linkonce.armextab.*)
                0x00000000080054b4                . = ALIGN (0x4)

.ARM            0x00000000080054b4        0x8
                0x00000000080054b4                . = ALIGN (0x4)
                0x00000000080054b4                __exidx_start = .
 *(.ARM.exidx*)
 .ARM.exidx     0x00000000080054b4        0x8 d:/st/stm32cubeide_1.5.1/stm32cubeide/plugins/com.st.stm32cube.ide.mcu.externaltools.gnu-tools-for-stm32.9-2020-q2-update.win32_1.5.0.202011040924/tools/bin/../lib/gcc/arm-none-eabi/9.3.1/thumb/v7e-m+fp/hard\libgcc.a(_udivmoddi4.o)
                0x00000000080054bc                __exidx_end = .
                0x00000000080054bc                . = ALIGN (0x4)

.rel.dyn        0x00000000080054bc        0x0
 .rel.iplt      0x00000000080054bc        0x0 d:/st/stm32cubeide_1.5.1/stm32cubeide/plugins/com.st.stm32cube.ide.mcu.externaltools.gnu-tools-for-stm32.9-2020-q2-update.win32_1.5.0.202011040924/tools/bin/../lib/gcc/arm-none-eabi/9.3.1/thumb/v7e-m+fp/hard/crtbegin.o

.preinit_array  0x00000000080054bc        0x0
                0x00000000080054bc                . = ALIGN (0x4)
                0x00000000080054bc                PROVIDE (__preinit_array_start = .)
 *(.preinit_array*)
                0x00000000080054bc                PROVIDE (__preinit_array_end = .)
                0x00000000080054bc                . = ALIGN (0x4)

.init_array     0x00000000080054bc        0x4
                0x00000000080054bc                . = ALIGN (0x4)
                0x00000000080054bc                PROVIDE (__init_array_start = .)
 *(SORT_BY_NAME(.init_array.*))
 *(.init_array*)
 .init_array    0x00000000080054bc        0x4 d:/st/stm32cubeide_1.5.1/stm32cubeide/plugins/com.st.stm32cube.ide.mcu.externaltools.gnu-tools-for-stm32.9-2020-q2-update.win32_1.5.0.202011040924/tools/bin/../lib/gcc/arm-none-eabi/9.3.1/thumb/v7e-m+fp/hard/crtbegin.o
                0x00000000080054c0                PROVIDE (__init_array_end = .)
                0x00000000080054c0                . = ALIGN (0x4)

.fini_array     0x00000000080054c0        0x4
                0x00000000080054c0                . = ALIGN (0x4)
                [!provide]                        PROVIDE (__fini_array_start = .)
 *(SORT_BY_NAME(.fini_array.*))
 *(.fini_array*)
 .fini_array    0x00000000080054c0        0x4 d:/st/stm32cubeide_1.5.1/stm32cubeide/plugins/com.st.stm32cube.ide.mcu.externaltools.gnu-tools-for-stm32.9-2020-q2-update.win32_1.5.0.202011040924/tools/bin/../lib/gcc/arm-none-eabi/9.3.1/thumb/v7e-m+fp/hard/crtbegin.o
                [!provide]                        PROVIDE (__fini_array_end = .)
                0x00000000080054c4                . = ALIGN (0x4)
                0x00000000080054c4                _sidata = LOADADDR (.data)

.data           0x0000000020000000    0x12c10 load address 0x00000000080054c4
                0x0000000020000000                . = ALIGN (0x4)
                0x0000000020000000                _sdata = .
 *(.data)
 *(.data*)
 .data.COLOR_LTDC
                0x0000000020000000        0x1 Core/Src/graphic.o
                0x0000000020000000                COLOR_LTDC
 *fill*         0x0000000020000001        0x3 
 .data.GRAM     0x0000000020000004    0x12c00 Core/Src/lcd.o
                0x0000000020000004                GRAM
 .data.SystemCoreClock
                0x0000000020012c04        0x4 Core/Src/system_stm32f4xx.o
                0x0000000020012c04                SystemCoreClock
 .data.uwTickPrio
                0x0000000020012c08        0x4 Drivers/STM32F4xx_HAL_Driver/Src/stm32f4xx_hal.o
                0x0000000020012c08                uwTickPrio
 .data.uwTickFreq
                0x0000000020012c0c        0x1 Drivers/STM32F4xx_HAL_Driver/Src/stm32f4xx_hal.o
                0x0000000020012c0c                uwTickFreq
 *(.RamFunc)
 *(.RamFunc*)
                0x0000000020012c10                . = ALIGN (0x4)
 *fill*         0x0000000020012c0d        0x3 
                0x0000000020012c10                _edata = .

.igot.plt       0x0000000020012c10        0x0 load address 0x00000000080180d4
 .igot.plt      0x0000000020012c10        0x0 d:/st/stm32cubeide_1.5.1/stm32cubeide/plugins/com.st.stm32cube.ide.mcu.externaltools.gnu-tools-for-stm32.9-2020-q2-update.win32_1.5.0.202011040924/tools/bin/../lib/gcc/arm-none-eabi/9.3.1/thumb/v7e-m+fp/hard/crtbegin.o
                0x0000000020012c10                . = ALIGN (0x4)

.bss            0x0000000020012c10      0x124 load address 0x00000000080180d4
                0x0000000020012c10                _sbss = .
                0x0000000020012c10                __bss_start__ = _sbss
 *(.bss)
 .bss           0x0000000020012c10       0x1c d:/st/stm32cubeide_1.5.1/stm32cubeide/plugins/com.st.stm32cube.ide.mcu.externaltools.gnu-tools-for-stm32.9-2020-q2-update.win32_1.5.0.202011040924/tools/bin/../lib/gcc/arm-none-eabi/9.3.1/thumb/v7e-m+fp/hard/crtbegin.o
 *(.bss*)
 .bss.view_index
                0x0000000020012c2c        0x4 Core/Src/main.o
                0x0000000020012c2c                view_index
 *(COMMON)
 COMMON         0x0000000020012c30       0xa8 Core/Src/ltdc.o
                0x0000000020012c30                hltdc
 COMMON         0x0000000020012cd8       0x58 Core/Src/spi.o
                0x0000000020012cd8                hspi5
 COMMON         0x0000000020012d30        0x4 Drivers/STM32F4xx_HAL_Driver/Src/stm32f4xx_hal.o
                0x0000000020012d30                uwTick
                0x0000000020012d34                . = ALIGN (0x4)
                0x0000000020012d34                _ebss = .
                0x0000000020012d34                __bss_end__ = _ebss

._user_heap_stack
                0x0000000020012d34      0x604 load address 0x00000000080180d4
                0x0000000020012d38                . = ALIGN (0x8)
 *fill*         0x0000000020012d34        0x4 
                [!provide]                        PROVIDE (end = .)
                0x0000000020012d38                PROVIDE (_end = .)
                0x0000000020012f38                . = (. + _Min_Heap_Size)
 *fill*         0x0000000020012d38      0x200 
                0x0000000020013338                . = (. + _Min_Stack_Size)
 *fill*         0x0000000020012f38      0x400 
                0x0000000020013338                . = ALIGN (0x8)

/DISCARD/
 libc.a(*)
 libm.a(*)
 libgcc.a(*)

.ARM.attributes
                0x0000000000000000       0x30
 *(.ARM.attributes)
 .ARM.attributes
                0x0000000000000000       0x1e d:/st/stm32cubeide_1.5.1/stm32cubeide/plugins/com.st.stm32cube.ide.mcu.externaltools.gnu-tools-for-stm32.9-2020-q2-update.win32_1.5.0.202011040924/tools/bin/../lib/gcc/arm-none-eabi/9.3.1/thumb/v7e-m+fp/hard/crti.o
 .ARM.attributes
                0x000000000000001e       0x34 d:/st/stm32cubeide_1.5.1/stm32cubeide/plugins/com.st.stm32cube.ide.mcu.externaltools.gnu-tools-for-stm32.9-2020-q2-update.win32_1.5.0.202011040924/tools/bin/../lib/gcc/arm-none-eabi/9.3.1/thumb/v7e-m+fp/hard/crtbegin.o
 .ARM.attributes
                0x0000000000000052       0x34 Core/Src/graphic.o
 .ARM.attributes
                0x0000000000000086       0x34 Core/Src/lcd.o
 .ARM.attributes
                0x00000000000000ba       0x34 Core/Src/ltdc.o
 .ARM.attributes
                0x00000000000000ee       0x34 Core/Src/main.o
 .ARM.attributes
                0x0000000000000122       0x34 Core/Src/screens.o
 .ARM.attributes
                0x0000000000000156       0x34 Core/Src/spi.o
 .ARM.attributes
                0x000000000000018a       0x34 Core/Src/stm32f4xx_hal_msp.o
 .ARM.attributes
                0x00000000000001be       0x34 Core/Src/stm32f4xx_it.o
 .ARM.attributes
                0x00000000000001f2       0x34 Core/Src/system_stm32f4xx.o
 .ARM.attributes
                0x0000000000000226       0x21 Core/Startup/startup_stm32f429zitx.o
 .ARM.attributes
                0x0000000000000247       0x34 Drivers/STM32F4xx_HAL_Driver/Src/stm32f4xx_hal.o
 .ARM.attributes
                0x000000000000027b       0x34 Drivers/STM32F4xx_HAL_Driver/Src/stm32f4xx_hal_cortex.o
 .ARM.attributes
                0x00000000000002af       0x34 Drivers/STM32F4xx_HAL_Driver/Src/stm32f4xx_hal_gpio.o
 .ARM.attributes
                0x00000000000002e3       0x34 Drivers/STM32F4xx_HAL_Driver/Src/stm32f4xx_hal_ltdc.o
 .ARM.attributes
                0x0000000000000317       0x34 Drivers/STM32F4xx_HAL_Driver/Src/stm32f4xx_hal_pwr_ex.o
 .ARM.attributes
                0x000000000000034b       0x34 Drivers/STM32F4xx_HAL_Driver/Src/stm32f4xx_hal_rcc.o
 .ARM.attributes
                0x000000000000037f       0x34 Drivers/STM32F4xx_HAL_Driver/Src/stm32f4xx_hal_rcc_ex.o
 .ARM.attributes
                0x00000000000003b3       0x34 Drivers/STM32F4xx_HAL_Driver/Src/stm32f4xx_hal_spi.o
 .ARM.attributes
                0x00000000000003e7       0x34 d:/st/stm32cubeide_1.5.1/stm32cubeide/plugins/com.st.stm32cube.ide.mcu.externaltools.gnu-tools-for-stm32.9-2020-q2-update.win32_1.5.0.202011040924/tools/bin/../lib/gcc/arm-none-eabi/9.3.1/../../../../arm-none-eabi/lib/thumb/v7e-m+fp/hard\libc_nano.a(lib_a-init.o)
 .ARM.attributes
                0x000000000000041b       0x34 d:/st/stm32cubeide_1.5.1/stm32cubeide/plugins/com.st.stm32cube.ide.mcu.externaltools.gnu-tools-for-stm32.9-2020-q2-update.win32_1.5.0.202011040924/tools/bin/../lib/gcc/arm-none-eabi/9.3.1/../../../../arm-none-eabi/lib/thumb/v7e-m+fp/hard\libc_nano.a(lib_a-memset.o)
 .ARM.attributes
                0x000000000000044f       0x17 d:/st/stm32cubeide_1.5.1/stm32cubeide/plugins/com.st.stm32cube.ide.mcu.externaltools.gnu-tools-for-stm32.9-2020-q2-update.win32_1.5.0.202011040924/tools/bin/../lib/gcc/arm-none-eabi/9.3.1/../../../../arm-none-eabi/lib/thumb/v7e-m+fp/hard\libc_nano.a(lib_a-strlen.o)
 .ARM.attributes
                0x0000000000000466       0x1e d:/st/stm32cubeide_1.5.1/stm32cubeide/plugins/com.st.stm32cube.ide.mcu.externaltools.gnu-tools-for-stm32.9-2020-q2-update.win32_1.5.0.202011040924/tools/bin/../lib/gcc/arm-none-eabi/9.3.1/thumb/v7e-m+fp/hard\libgcc.a(_aeabi_uldivmod.o)
 .ARM.attributes
                0x0000000000000484       0x34 d:/st/stm32cubeide_1.5.1/stm32cubeide/plugins/com.st.stm32cube.ide.mcu.externaltools.gnu-tools-for-stm32.9-2020-q2-update.win32_1.5.0.202011040924/tools/bin/../lib/gcc/arm-none-eabi/9.3.1/thumb/v7e-m+fp/hard\libgcc.a(_udivmoddi4.o)
 .ARM.attributes
                0x00000000000004b8       0x1e d:/st/stm32cubeide_1.5.1/stm32cubeide/plugins/com.st.stm32cube.ide.mcu.externaltools.gnu-tools-for-stm32.9-2020-q2-update.win32_1.5.0.202011040924/tools/bin/../lib/gcc/arm-none-eabi/9.3.1/thumb/v7e-m+fp/hard\libgcc.a(_dvmd_tls.o)
 .ARM.attributes
                0x00000000000004d6       0x1e d:/st/stm32cubeide_1.5.1/stm32cubeide/plugins/com.st.stm32cube.ide.mcu.externaltools.gnu-tools-for-stm32.9-2020-q2-update.win32_1.5.0.202011040924/tools/bin/../lib/gcc/arm-none-eabi/9.3.1/thumb/v7e-m+fp/hard/crtn.o
OUTPUT(PAMA_LCD.elf elf32-littlearm)
LOAD linker stubs
LOAD d:/st/stm32cubeide_1.5.1/stm32cubeide/plugins/com.st.stm32cube.ide.mcu.externaltools.gnu-tools-for-stm32.9-2020-q2-update.win32_1.5.0.202011040924/tools/bin/../lib/gcc/arm-none-eabi/9.3.1/../../../../arm-none-eabi/lib/thumb/v7e-m+fp/hard\libc.a
LOAD d:/st/stm32cubeide_1.5.1/stm32cubeide/plugins/com.st.stm32cube.ide.mcu.externaltools.gnu-tools-for-stm32.9-2020-q2-update.win32_1.5.0.202011040924/tools/bin/../lib/gcc/arm-none-eabi/9.3.1/../../../../arm-none-eabi/lib/thumb/v7e-m+fp/hard\libm.a
LOAD d:/st/stm32cubeide_1.5.1/stm32cubeide/plugins/com.st.stm32cube.ide.mcu.externaltools.gnu-tools-for-stm32.9-2020-q2-update.win32_1.5.0.202011040924/tools/bin/../lib/gcc/arm-none-eabi/9.3.1/thumb/v7e-m+fp/hard\libgcc.a

.debug_info     0x0000000000000000     0xd339
 .debug_info    0x0000000000000000     0x19c2 Core/Src/graphic.o
 .debug_info    0x00000000000019c2     0x1852 Core/Src/lcd.o
 .debug_info    0x0000000000003214      0x9e7 Core/Src/ltdc.o
 .debug_info    0x0000000000003bfb     0x1365 Core/Src/main.o
 .debug_info    0x0000000000004f60      0xb0f Core/Src/screens.o
 .debug_info    0x0000000000005a6f      0xa70 Core/Src/spi.o
 .debug_info    0x00000000000064df      0x3b0 Core/Src/stm32f4xx_hal_msp.o
 .debug_info    0x000000000000688f      0x222 Core/Src/stm32f4xx_it.o
 .debug_info    0x0000000000006ab1      0x5c0 Core/Src/system_stm32f4xx.o
 .debug_info    0x0000000000007071       0x22 Core/Startup/startup_stm32f429zitx.o
 .debug_info    0x0000000000007093      0xa2a Drivers/STM32F4xx_HAL_Driver/Src/stm32f4xx_hal.o
 .debug_info    0x0000000000007abd      0xf0d Drivers/STM32F4xx_HAL_Driver/Src/stm32f4xx_hal_cortex.o
 .debug_info    0x00000000000089ca      0x85a Drivers/STM32F4xx_HAL_Driver/Src/stm32f4xx_hal_gpio.o
 .debug_info    0x0000000000009224     0x121e Drivers/STM32F4xx_HAL_Driver/Src/stm32f4xx_hal_ltdc.o
 .debug_info    0x000000000000a442      0x7ae Drivers/STM32F4xx_HAL_Driver/Src/stm32f4xx_hal_pwr_ex.o
 .debug_info    0x000000000000abf0      0x9b2 Drivers/STM32F4xx_HAL_Driver/Src/stm32f4xx_hal_rcc.o
 .debug_info    0x000000000000b5a2      0x723 Drivers/STM32F4xx_HAL_Driver/Src/stm32f4xx_hal_rcc_ex.o
 .debug_info    0x000000000000bcc5     0x1674 Drivers/STM32F4xx_HAL_Driver/Src/stm32f4xx_hal_spi.o

.debug_abbrev   0x0000000000000000     0x209e
 .debug_abbrev  0x0000000000000000      0x18e Core/Src/graphic.o
 .debug_abbrev  0x000000000000018e      0x277 Core/Src/lcd.o
 .debug_abbrev  0x0000000000000405      0x193 Core/Src/ltdc.o
 .debug_abbrev  0x0000000000000598      0x1ed Core/Src/main.o
 .debug_abbrev  0x0000000000000785      0x241 Core/Src/screens.o
 .debug_abbrev  0x00000000000009c6      0x1bb Core/Src/spi.o
 .debug_abbrev  0x0000000000000b81      0x11d Core/Src/stm32f4xx_hal_msp.o
 .debug_abbrev  0x0000000000000c9e       0xd2 Core/Src/stm32f4xx_it.o
 .debug_abbrev  0x0000000000000d70      0x145 Core/Src/system_stm32f4xx.o
 .debug_abbrev  0x0000000000000eb5       0x12 Core/Startup/startup_stm32f429zitx.o
 .debug_abbrev  0x0000000000000ec7      0x1ed Drivers/STM32F4xx_HAL_Driver/Src/stm32f4xx_hal.o
 .debug_abbrev  0x00000000000010b4      0x33c Drivers/STM32F4xx_HAL_Driver/Src/stm32f4xx_hal_cortex.o
 .debug_abbrev  0x00000000000013f0      0x1f1 Drivers/STM32F4xx_HAL_Driver/Src/stm32f4xx_hal_gpio.o
 .debug_abbrev  0x00000000000015e1      0x260 Drivers/STM32F4xx_HAL_Driver/Src/stm32f4xx_hal_ltdc.o
 .debug_abbrev  0x0000000000001841      0x1da Drivers/STM32F4xx_HAL_Driver/Src/stm32f4xx_hal_pwr_ex.o
 .debug_abbrev  0x0000000000001a1b      0x275 Drivers/STM32F4xx_HAL_Driver/Src/stm32f4xx_hal_rcc.o
 .debug_abbrev  0x0000000000001c90      0x18f Drivers/STM32F4xx_HAL_Driver/Src/stm32f4xx_hal_rcc_ex.o
 .debug_abbrev  0x0000000000001e1f      0x27f Drivers/STM32F4xx_HAL_Driver/Src/stm32f4xx_hal_spi.o

.debug_aranges  0x0000000000000000      0xa88
 .debug_aranges
                0x0000000000000000      0x168 Core/Src/graphic.o
 .debug_aranges
                0x0000000000000168       0x70 Core/Src/lcd.o
 .debug_aranges
                0x00000000000001d8       0x30 Core/Src/ltdc.o
 .debug_aranges
                0x0000000000000208       0x60 Core/Src/main.o
 .debug_aranges
                0x0000000000000268       0x50 Core/Src/screens.o
 .debug_aranges
                0x00000000000002b8       0x30 Core/Src/spi.o
 .debug_aranges
                0x00000000000002e8       0x20 Core/Src/stm32f4xx_hal_msp.o
 .debug_aranges
                0x0000000000000308       0x60 Core/Src/stm32f4xx_it.o
 .debug_aranges
                0x0000000000000368       0x28 Core/Src/system_stm32f4xx.o
 .debug_aranges
                0x0000000000000390       0x28 Core/Startup/startup_stm32f429zitx.o
 .debug_aranges
                0x00000000000003b8      0x100 Drivers/STM32F4xx_HAL_Driver/Src/stm32f4xx_hal.o
 .debug_aranges
                0x00000000000004b8      0x118 Drivers/STM32F4xx_HAL_Driver/Src/stm32f4xx_hal_cortex.o
 .debug_aranges
                0x00000000000005d0       0x58 Drivers/STM32F4xx_HAL_Driver/Src/stm32f4xx_hal_gpio.o
 .debug_aranges
                0x0000000000000628      0x158 Drivers/STM32F4xx_HAL_Driver/Src/stm32f4xx_hal_ltdc.o
 .debug_aranges
                0x0000000000000780       0x60 Drivers/STM32F4xx_HAL_Driver/Src/stm32f4xx_hal_pwr_ex.o
 .debug_aranges
                0x00000000000007e0       0x88 Drivers/STM32F4xx_HAL_Driver/Src/stm32f4xx_hal_rcc.o
 .debug_aranges
                0x0000000000000868       0x58 Drivers/STM32F4xx_HAL_Driver/Src/stm32f4xx_hal_rcc_ex.o
 .debug_aranges
                0x00000000000008c0      0x1c8 Drivers/STM32F4xx_HAL_Driver/Src/stm32f4xx_hal_spi.o

.debug_ranges   0x0000000000000000      0x970
 .debug_ranges  0x0000000000000000      0x158 Core/Src/graphic.o
 .debug_ranges  0x0000000000000158       0x60 Core/Src/lcd.o
 .debug_ranges  0x00000000000001b8       0x20 Core/Src/ltdc.o
 .debug_ranges  0x00000000000001d8       0x50 Core/Src/main.o
 .debug_ranges  0x0000000000000228       0x40 Core/Src/screens.o
 .debug_ranges  0x0000000000000268       0x20 Core/Src/spi.o
 .debug_ranges  0x0000000000000288       0x10 Core/Src/stm32f4xx_hal_msp.o
 .debug_ranges  0x0000000000000298       0x50 Core/Src/stm32f4xx_it.o
 .debug_ranges  0x00000000000002e8       0x18 Core/Src/system_stm32f4xx.o
 .debug_ranges  0x0000000000000300       0x20 Core/Startup/startup_stm32f429zitx.o
 .debug_ranges  0x0000000000000320       0xf0 Drivers/STM32F4xx_HAL_Driver/Src/stm32f4xx_hal.o
 .debug_ranges  0x0000000000000410      0x108 Drivers/STM32F4xx_HAL_Driver/Src/stm32f4xx_hal_cortex.o
 .debug_ranges  0x0000000000000518       0x48 Drivers/STM32F4xx_HAL_Driver/Src/stm32f4xx_hal_gpio.o
 .debug_ranges  0x0000000000000560      0x148 Drivers/STM32F4xx_HAL_Driver/Src/stm32f4xx_hal_ltdc.o
 .debug_ranges  0x00000000000006a8       0x50 Drivers/STM32F4xx_HAL_Driver/Src/stm32f4xx_hal_pwr_ex.o
 .debug_ranges  0x00000000000006f8       0x78 Drivers/STM32F4xx_HAL_Driver/Src/stm32f4xx_hal_rcc.o
 .debug_ranges  0x0000000000000770       0x48 Drivers/STM32F4xx_HAL_Driver/Src/stm32f4xx_hal_rcc_ex.o
 .debug_ranges  0x00000000000007b8      0x1b8 Drivers/STM32F4xx_HAL_Driver/Src/stm32f4xx_hal_spi.o

.debug_macro    0x0000000000000000     0x3043
 .debug_macro   0x0000000000000000      0x1ec Core/Src/graphic.o
 .debug_macro   0x00000000000001ec       0x2e Core/Src/graphic.o
 .debug_macro   0x000000000000021a      0x3a6 Core/Src/lcd.o
 .debug_macro   0x00000000000005c0      0x1fc Core/Src/lcd.o
 .debug_macro   0x00000000000007bc       0x52 Core/Src/lcd.o
 .debug_macro   0x000000000000080e       0x18 Core/Src/lcd.o
 .debug_macro   0x0000000000000826       0x3c Core/Src/lcd.o
 .debug_macro   0x0000000000000862       0x34 Core/Src/lcd.o
 .debug_macro   0x0000000000000896       0x16 Core/Src/lcd.o
 .debug_macro   0x00000000000008ac       0x35 Core/Src/lcd.o
 .debug_macro   0x00000000000008e1      0x333 Core/Src/lcd.o
 .debug_macro   0x0000000000000c14       0x10 Core/Src/lcd.o
 .debug_macro   0x0000000000000c24       0x16 Core/Src/lcd.o
 .debug_macro   0x0000000000000c3a       0x43 Core/Src/lcd.o
 .debug_macro   0x0000000000000c7d       0x34 Core/Src/lcd.o
 .debug_macro   0x0000000000000cb1       0x10 Core/Src/lcd.o
 .debug_macro   0x0000000000000cc1       0x58 Core/Src/lcd.o
 .debug_macro   0x0000000000000d19       0x71 Core/Src/lcd.o
 .debug_macro   0x0000000000000d8a       0x1c Core/Src/lcd.o
 .debug_macro   0x0000000000000da6      0x12a Core/Src/lcd.o
 .debug_macro   0x0000000000000ed0       0x10 Core/Src/lcd.o
 .debug_macro   0x0000000000000ee0       0x1c Core/Src/lcd.o
 .debug_macro   0x0000000000000efc       0x52 Core/Src/lcd.o
 .debug_macro   0x0000000000000f4e       0x22 Core/Src/lcd.o
 .debug_macro   0x0000000000000f70       0x10 Core/Src/lcd.o
 .debug_macro   0x0000000000000f80       0x40 Core/Src/lcd.o
 .debug_macro   0x0000000000000fc0       0xd5 Core/Src/lcd.o
 .debug_macro   0x0000000000001095       0x1c Core/Src/lcd.o
 .debug_macro   0x00000000000010b1       0x3d Core/Src/lcd.o
 .debug_macro   0x00000000000010ee       0x16 Core/Src/lcd.o
 .debug_macro   0x0000000000001104      0x145 Core/Src/lcd.o
 .debug_macro   0x0000000000001249       0x16 Core/Src/lcd.o
 .debug_macro   0x000000000000125f       0x20 Core/Src/lcd.o
 .debug_macro   0x000000000000127f      0x1ed Core/Src/ltdc.o
 .debug_macro   0x000000000000146c      0x222 Core/Src/main.o
 .debug_macro   0x000000000000168e      0x2c4 Core/Src/screens.o
 .debug_macro   0x0000000000001952       0x10 Core/Src/screens.o
 .debug_macro   0x0000000000001962      0x1ed Core/Src/spi.o
 .debug_macro   0x0000000000001b4f      0x1e3 Core/Src/stm32f4xx_hal_msp.o
 .debug_macro   0x0000000000001d32      0x1ed Core/Src/stm32f4xx_it.o
 .debug_macro   0x0000000000001f1f      0x1da Core/Src/system_stm32f4xx.o
 .debug_macro   0x00000000000020f9      0x234 Drivers/STM32F4xx_HAL_Driver/Src/stm32f4xx_hal.o
 .debug_macro   0x000000000000232d      0x1d4 Drivers/STM32F4xx_HAL_Driver/Src/stm32f4xx_hal_cortex.o
 .debug_macro   0x0000000000002501      0x1da Drivers/STM32F4xx_HAL_Driver/Src/stm32f4xx_hal_gpio.o
 .debug_macro   0x00000000000026db      0x1d4 Drivers/STM32F4xx_HAL_Driver/Src/stm32f4xx_hal_ltdc.o
 .debug_macro   0x00000000000028af      0x1ec Drivers/STM32F4xx_HAL_Driver/Src/stm32f4xx_hal_pwr_ex.o
 .debug_macro   0x0000000000002a9b      0x1f8 Drivers/STM32F4xx_HAL_Driver/Src/stm32f4xx_hal_rcc.o
 .debug_macro   0x0000000000002c93      0x1d4 Drivers/STM32F4xx_HAL_Driver/Src/stm32f4xx_hal_rcc_ex.o
 .debug_macro   0x0000000000002e67      0x1dc Drivers/STM32F4xx_HAL_Driver/Src/stm32f4xx_hal_spi.o

.debug_line     0x0000000000000000     0xd7e6
 .debug_line    0x0000000000000000     0x1f43 Core/Src/graphic.o
 .debug_line    0x0000000000001f43      0xb38 Core/Src/lcd.o
 .debug_line    0x0000000000002a7b      0x7da Core/Src/ltdc.o
 .debug_line    0x0000000000003255      0x884 Core/Src/main.o
 .debug_line    0x0000000000003ad9      0xae8 Core/Src/screens.o
 .debug_line    0x00000000000045c1      0x738 Core/Src/spi.o
 .debug_line    0x0000000000004cf9      0x6c9 Core/Src/stm32f4xx_hal_msp.o
 .debug_line    0x00000000000053c2      0x78a Core/Src/stm32f4xx_it.o
 .debug_line    0x0000000000005b4c      0x74f Core/Src/system_stm32f4xx.o
 .debug_line    0x000000000000629b       0x88 Core/Startup/startup_stm32f429zitx.o
 .debug_line    0x0000000000006323      0x9e5 Drivers/STM32F4xx_HAL_Driver/Src/stm32f4xx_hal.o
 .debug_line    0x0000000000006d08      0xc5e Drivers/STM32F4xx_HAL_Driver/Src/stm32f4xx_hal_cortex.o
 .debug_line    0x0000000000007966      0xb4f Drivers/STM32F4xx_HAL_Driver/Src/stm32f4xx_hal_gpio.o
 .debug_line    0x00000000000084b5     0x16e4 Drivers/STM32F4xx_HAL_Driver/Src/stm32f4xx_hal_ltdc.o
 .debug_line    0x0000000000009b99      0x8de Drivers/STM32F4xx_HAL_Driver/Src/stm32f4xx_hal_pwr_ex.o
 .debug_line    0x000000000000a477      0xd2b Drivers/STM32F4xx_HAL_Driver/Src/stm32f4xx_hal_rcc.o
 .debug_line    0x000000000000b1a2      0xb80 Drivers/STM32F4xx_HAL_Driver/Src/stm32f4xx_hal_rcc_ex.o
 .debug_line    0x000000000000bd22     0x1ac4 Drivers/STM32F4xx_HAL_Driver/Src/stm32f4xx_hal_spi.o

.debug_str      0x0000000000000000    0xd3cc0
 .debug_str     0x0000000000000000    0xcc933 Core/Src/graphic.o
                                      0xccbbd (size before relaxing)
 .debug_str     0x00000000000cc933     0x4f26 Core/Src/lcd.o
                                      0xd1986 (size before relaxing)
 .debug_str     0x00000000000d1859       0x8f Core/Src/ltdc.o
                                      0xccd8e (size before relaxing)
 .debug_str     0x00000000000d18e8      0x800 Core/Src/main.o
                                      0xcd9b5 (size before relaxing)
 .debug_str     0x00000000000d20e8       0x7c Core/Src/screens.o
                                      0xcfbd7 (size before relaxing)
 .debug_str     0x00000000000d2164       0x4b Core/Src/spi.o
                                      0xccef2 (size before relaxing)
 .debug_str     0x00000000000d21af       0x2c Core/Src/stm32f4xx_hal_msp.o
                                      0xcca0e (size before relaxing)
 .debug_str     0x00000000000d21db       0xbd Core/Src/stm32f4xx_it.o
                                      0xcc989 (size before relaxing)
 .debug_str     0x00000000000d2298       0xc4 Core/Src/system_stm32f4xx.o
                                      0xcbb5a (size before relaxing)
 .debug_str     0x00000000000d235c       0x36 Core/Startup/startup_stm32f429zitx.o
                                         0x71 (size before relaxing)
 .debug_str     0x00000000000d2392      0x5c8 Drivers/STM32F4xx_HAL_Driver/Src/stm32f4xx_hal.o
                                      0xcc6c6 (size before relaxing)
 .debug_str     0x00000000000d295a      0x399 Drivers/STM32F4xx_HAL_Driver/Src/stm32f4xx_hal_cortex.o
                                      0xcc467 (size before relaxing)
 .debug_str     0x00000000000d2cf3      0x15f Drivers/STM32F4xx_HAL_Driver/Src/stm32f4xx_hal_gpio.o
                                      0xcbcec (size before relaxing)
 .debug_str     0x00000000000d2e52      0x4a3 Drivers/STM32F4xx_HAL_Driver/Src/stm32f4xx_hal_ltdc.o
                                      0xcc1a0 (size before relaxing)
 .debug_str     0x00000000000d32f5      0x135 Drivers/STM32F4xx_HAL_Driver/Src/stm32f4xx_hal_pwr_ex.o
                                      0xcbd3d (size before relaxing)
 .debug_str     0x00000000000d342a      0x259 Drivers/STM32F4xx_HAL_Driver/Src/stm32f4xx_hal_rcc.o
                                      0xcbf47 (size before relaxing)
 .debug_str     0x00000000000d3683      0x145 Drivers/STM32F4xx_HAL_Driver/Src/stm32f4xx_hal_rcc_ex.o
                                      0xcbd38 (size before relaxing)
 .debug_str     0x00000000000d37c8      0x4f8 Drivers/STM32F4xx_HAL_Driver/Src/stm32f4xx_hal_spi.o
                                      0xcc330 (size before relaxing)

.comment        0x0000000000000000       0x53
 .comment       0x0000000000000000       0x53 Core/Src/graphic.o
                                         0x54 (size before relaxing)
 .comment       0x0000000000000053       0x54 Core/Src/lcd.o
 .comment       0x0000000000000053       0x54 Core/Src/ltdc.o
 .comment       0x0000000000000053       0x54 Core/Src/main.o
 .comment       0x0000000000000053       0x54 Core/Src/screens.o
 .comment       0x0000000000000053       0x54 Core/Src/spi.o
 .comment       0x0000000000000053       0x54 Core/Src/stm32f4xx_hal_msp.o
 .comment       0x0000000000000053       0x54 Core/Src/stm32f4xx_it.o
 .comment       0x0000000000000053       0x54 Core/Src/system_stm32f4xx.o
 .comment       0x0000000000000053       0x54 Drivers/STM32F4xx_HAL_Driver/Src/stm32f4xx_hal.o
 .comment       0x0000000000000053       0x54 Drivers/STM32F4xx_HAL_Driver/Src/stm32f4xx_hal_cortex.o
 .comment       0x0000000000000053       0x54 Drivers/STM32F4xx_HAL_Driver/Src/stm32f4xx_hal_gpio.o
 .comment       0x0000000000000053       0x54 Drivers/STM32F4xx_HAL_Driver/Src/stm32f4xx_hal_ltdc.o
 .comment       0x0000000000000053       0x54 Drivers/STM32F4xx_HAL_Driver/Src/stm32f4xx_hal_pwr_ex.o
 .comment       0x0000000000000053       0x54 Drivers/STM32F4xx_HAL_Driver/Src/stm32f4xx_hal_rcc.o
 .comment       0x0000000000000053       0x54 Drivers/STM32F4xx_HAL_Driver/Src/stm32f4xx_hal_rcc_ex.o
 .comment       0x0000000000000053       0x54 Drivers/STM32F4xx_HAL_Driver/Src/stm32f4xx_hal_spi.o

.debug_frame    0x0000000000000000     0x28f4
 .debug_frame   0x0000000000000000      0x60c Core/Src/graphic.o
 .debug_frame   0x000000000000060c      0x188 Core/Src/lcd.o
 .debug_frame   0x0000000000000794       0x7c Core/Src/ltdc.o
 .debug_frame   0x0000000000000810      0x124 Core/Src/main.o
 .debug_frame   0x0000000000000934       0xe8 Core/Src/screens.o
 .debug_frame   0x0000000000000a1c       0x74 Core/Src/spi.o
 .debug_frame   0x0000000000000a90       0x34 Core/Src/stm32f4xx_hal_msp.o
 .debug_frame   0x0000000000000ac4      0x104 Core/Src/stm32f4xx_it.o
 .debug_frame   0x0000000000000bc8       0x58 Core/Src/system_stm32f4xx.o
 .debug_frame   0x0000000000000c20      0x3b4 Drivers/STM32F4xx_HAL_Driver/Src/stm32f4xx_hal.o
 .debug_frame   0x0000000000000fd4      0x498 Drivers/STM32F4xx_HAL_Driver/Src/stm32f4xx_hal_cortex.o
 .debug_frame   0x000000000000146c      0x14c Drivers/STM32F4xx_HAL_Driver/Src/stm32f4xx_hal_gpio.o
 .debug_frame   0x00000000000015b8      0x61c Drivers/STM32F4xx_HAL_Driver/Src/stm32f4xx_hal_ltdc.o
 .debug_frame   0x0000000000001bd4      0x14c Drivers/STM32F4xx_HAL_Driver/Src/stm32f4xx_hal_pwr_ex.o
 .debug_frame   0x0000000000001d20      0x1f0 Drivers/STM32F4xx_HAL_Driver/Src/stm32f4xx_hal_rcc.o
 .debug_frame   0x0000000000001f10      0x13c Drivers/STM32F4xx_HAL_Driver/Src/stm32f4xx_hal_rcc_ex.o
 .debug_frame   0x000000000000204c      0x7fc Drivers/STM32F4xx_HAL_Driver/Src/stm32f4xx_hal_spi.o
 .debug_frame   0x0000000000002848       0x2c d:/st/stm32cubeide_1.5.1/stm32cubeide/plugins/com.st.stm32cube.ide.mcu.externaltools.gnu-tools-for-stm32.9-2020-q2-update.win32_1.5.0.202011040924/tools/bin/../lib/gcc/arm-none-eabi/9.3.1/../../../../arm-none-eabi/lib/thumb/v7e-m+fp/hard\libc_nano.a(lib_a-init.o)
 .debug_frame   0x0000000000002874       0x20 d:/st/stm32cubeide_1.5.1/stm32cubeide/plugins/com.st.stm32cube.ide.mcu.externaltools.gnu-tools-for-stm32.9-2020-q2-update.win32_1.5.0.202011040924/tools/bin/../lib/gcc/arm-none-eabi/9.3.1/../../../../arm-none-eabi/lib/thumb/v7e-m+fp/hard\libc_nano.a(lib_a-memset.o)
 .debug_frame   0x0000000000002894       0x2c d:/st/stm32cubeide_1.5.1/stm32cubeide/plugins/com.st.stm32cube.ide.mcu.externaltools.gnu-tools-for-stm32.9-2020-q2-update.win32_1.5.0.202011040924/tools/bin/../lib/gcc/arm-none-eabi/9.3.1/thumb/v7e-m+fp/hard\libgcc.a(_aeabi_uldivmod.o)
 .debug_frame   0x00000000000028c0       0x34 d:/st/stm32cubeide_1.5.1/stm32cubeide/plugins/com.st.stm32cube.ide.mcu.externaltools.gnu-tools-for-stm32.9-2020-q2-update.win32_1.5.0.202011040924/tools/bin/../lib/gcc/arm-none-eabi/9.3.1/thumb/v7e-m+fp/hard\libgcc.a(_udivmoddi4.o)
