Archive member included to satisfy reference by file (symbol)

d:/st/stm32cubeide_1.5.1/stm32cubeide/plugins/com.st.stm32cube.ide.mcu.externaltools.gnu-tools-for-stm32.9-2020-q2-update.win32_1.5.0.202011040924/tools/bin/../lib/gcc/arm-none-eabi/9.3.1/../../../../arm-none-eabi/lib/thumb/v7e-m+fp/hard\libc_nano.a(lib_a-errno.o)
                              Core/Src/syscalls.o (__errno)
d:/st/stm32cubeide_1.5.1/stm32cubeide/plugins/com.st.stm32cube.ide.mcu.externaltools.gnu-tools-for-stm32.9-2020-q2-update.win32_1.5.0.202011040924/tools/bin/../lib/gcc/arm-none-eabi/9.3.1/../../../../arm-none-eabi/lib/thumb/v7e-m+fp/hard\libc_nano.a(lib_a-exit.o)
                              d:/st/stm32cubeide_1.5.1/stm32cubeide/plugins/com.st.stm32cube.ide.mcu.externaltools.gnu-tools-for-stm32.9-2020-q2-update.win32_1.5.0.202011040924/tools/bin/../lib/gcc/arm-none-eabi/9.3.1/../../../../arm-none-eabi/lib/thumb/v7e-m+fp/hard/crt0.o (exit)
d:/st/stm32cubeide_1.5.1/stm32cubeide/plugins/com.st.stm32cube.ide.mcu.externaltools.gnu-tools-for-stm32.9-2020-q2-update.win32_1.5.0.202011040924/tools/bin/../lib/gcc/arm-none-eabi/9.3.1/../../../../arm-none-eabi/lib/thumb/v7e-m+fp/hard\libc_nano.a(lib_a-impure.o)
                              d:/st/stm32cubeide_1.5.1/stm32cubeide/plugins/com.st.stm32cube.ide.mcu.externaltools.gnu-tools-for-stm32.9-2020-q2-update.win32_1.5.0.202011040924/tools/bin/../lib/gcc/arm-none-eabi/9.3.1/../../../../arm-none-eabi/lib/thumb/v7e-m+fp/hard\libc_nano.a(lib_a-exit.o) (_global_impure_ptr)
d:/st/stm32cubeide_1.5.1/stm32cubeide/plugins/com.st.stm32cube.ide.mcu.externaltools.gnu-tools-for-stm32.9-2020-q2-update.win32_1.5.0.202011040924/tools/bin/../lib/gcc/arm-none-eabi/9.3.1/../../../../arm-none-eabi/lib/thumb/v7e-m+fp/hard\libc_nano.a(lib_a-init.o)
                              d:/st/stm32cubeide_1.5.1/stm32cubeide/plugins/com.st.stm32cube.ide.mcu.externaltools.gnu-tools-for-stm32.9-2020-q2-update.win32_1.5.0.202011040924/tools/bin/../lib/gcc/arm-none-eabi/9.3.1/../../../../arm-none-eabi/lib/thumb/v7e-m+fp/hard/crt0.o (__libc_init_array)
d:/st/stm32cubeide_1.5.1/stm32cubeide/plugins/com.st.stm32cube.ide.mcu.externaltools.gnu-tools-for-stm32.9-2020-q2-update.win32_1.5.0.202011040924/tools/bin/../lib/gcc/arm-none-eabi/9.3.1/../../../../arm-none-eabi/lib/thumb/v7e-m+fp/hard\libc_nano.a(lib_a-memset.o)
                              d:/st/stm32cubeide_1.5.1/stm32cubeide/plugins/com.st.stm32cube.ide.mcu.externaltools.gnu-tools-for-stm32.9-2020-q2-update.win32_1.5.0.202011040924/tools/bin/../lib/gcc/arm-none-eabi/9.3.1/../../../../arm-none-eabi/lib/thumb/v7e-m+fp/hard/crt0.o (memset)
d:/st/stm32cubeide_1.5.1/stm32cubeide/plugins/com.st.stm32cube.ide.mcu.externaltools.gnu-tools-for-stm32.9-2020-q2-update.win32_1.5.0.202011040924/tools/bin/../lib/gcc/arm-none-eabi/9.3.1/thumb/v7e-m+fp/hard\libgcc.a(_aeabi_uldivmod.o)
                              Drivers/STM32F4xx_HAL_Driver/Src/stm32f4xx_hal_rcc.o (__aeabi_uldivmod)
d:/st/stm32cubeide_1.5.1/stm32cubeide/plugins/com.st.stm32cube.ide.mcu.externaltools.gnu-tools-for-stm32.9-2020-q2-update.win32_1.5.0.202011040924/tools/bin/../lib/gcc/arm-none-eabi/9.3.1/thumb/v7e-m+fp/hard\libgcc.a(_udivmoddi4.o)
                              d:/st/stm32cubeide_1.5.1/stm32cubeide/plugins/com.st.stm32cube.ide.mcu.externaltools.gnu-tools-for-stm32.9-2020-q2-update.win32_1.5.0.202011040924/tools/bin/../lib/gcc/arm-none-eabi/9.3.1/thumb/v7e-m+fp/hard\libgcc.a(_aeabi_uldivmod.o) (__udivmoddi4)
d:/st/stm32cubeide_1.5.1/stm32cubeide/plugins/com.st.stm32cube.ide.mcu.externaltools.gnu-tools-for-stm32.9-2020-q2-update.win32_1.5.0.202011040924/tools/bin/../lib/gcc/arm-none-eabi/9.3.1/thumb/v7e-m+fp/hard\libgcc.a(_dvmd_tls.o)
                              d:/st/stm32cubeide_1.5.1/stm32cubeide/plugins/com.st.stm32cube.ide.mcu.externaltools.gnu-tools-for-stm32.9-2020-q2-update.win32_1.5.0.202011040924/tools/bin/../lib/gcc/arm-none-eabi/9.3.1/thumb/v7e-m+fp/hard\libgcc.a(_aeabi_uldivmod.o) (__aeabi_ldiv0)

Allocating common symbols
Common symbol       size              file

hspi5               0x58              Core/Src/spi.o
uwTick              0x4               Drivers/STM32F4xx_HAL_Driver/Src/stm32f4xx_hal.o
pFlash              0x20              Drivers/STM32F4xx_HAL_Driver/Src/stm32f4xx_hal_flash.o
hltdc               0xa8              Core/Src/ltdc.o

Discarded input sections

 .text          0x0000000000000000        0x0 d:/st/stm32cubeide_1.5.1/stm32cubeide/plugins/com.st.stm32cube.ide.mcu.externaltools.gnu-tools-for-stm32.9-2020-q2-update.win32_1.5.0.202011040924/tools/bin/../lib/gcc/arm-none-eabi/9.3.1/thumb/v7e-m+fp/hard/crti.o
 .data          0x0000000000000000        0x0 d:/st/stm32cubeide_1.5.1/stm32cubeide/plugins/com.st.stm32cube.ide.mcu.externaltools.gnu-tools-for-stm32.9-2020-q2-update.win32_1.5.0.202011040924/tools/bin/../lib/gcc/arm-none-eabi/9.3.1/thumb/v7e-m+fp/hard/crti.o
[...]
Memory Configuration

Name             Origin             Length             Attributes
CCMRAM           0x0000000010000000 0x0000000000010000 xrw
RAM              0x0000000020000000 0x0000000000030000 xrw
FLASH            0x0000000008000000 0x0000000000200000 xr
*default*        0x0000000000000000 0xffffffffffffffff

Linker script and memory map

LOAD d:/st/stm32cubeide_1.5.1/stm32cubeide/plugins/com.st.stm32cube.ide.mcu.externaltools.gnu-tools-for-stm32.9-2020-q2-update.win32_1.5.0.202011040924/tools/bin/../lib/gcc/arm-none-eabi/9.3.1/thumb/v7e-m+fp/hard/crti.o
LOAD d:/st/stm32cubeide_1.5.1/stm32cubeide/plugins/com.st.stm32cube.ide.mcu.externaltools.gnu-tools-for-stm32.9-2020-q2-update.win32_1.5.0.202011040924/tools/bin/../lib/gcc/arm-none-eabi/9.3.1/thumb/v7e-m+fp/hard/crtbegin.o
LOAD d:/st/stm32cubeide_1.5.1/stm32cubeide/plugins/com.st.stm32cube.ide.mcu.externaltools.gnu-tools-for-stm32.9-2020-q2-update.win32_1.5.0.202011040924/tools/bin/../lib/gcc/arm-none-eabi/9.3.1/../../../../arm-none-eabi/lib/thumb/v7e-m+fp/hard/crt0.o
LOAD Core/Src/gpio.o
LOAD Core/Src/graphic.o
LOAD Core/Src/lcd.o
LOAD Core/Src/ltdc.o
LOAD Core/Src/main.o
LOAD Core/Src/screens.o
LOAD Core/Src/spi.o
LOAD Core/Src/stm32f4xx_hal_msp.o
LOAD Core/Src/stm32f4xx_it.o
LOAD Core/Src/syscalls.o
LOAD Core/Src/sysmem.o
LOAD Core/Src/system_stm32f4xx.o
LOAD Core/Startup/startup_stm32f429zitx.o
LOAD Drivers/STM32F4xx_HAL_Driver/Src/stm32f4xx_hal.o
LOAD Drivers/STM32F4xx_HAL_Driver/Src/stm32f4xx_hal_cortex.o
LOAD Drivers/STM32F4xx_HAL_Driver/Src/stm32f4xx_hal_dma.o
LOAD Drivers/STM32F4xx_HAL_Driver/Src/stm32f4xx_hal_dma_ex.o
LOAD Drivers/STM32F4xx_HAL_Driver/Src/stm32f4xx_hal_dsi.o
LOAD Drivers/STM32F4xx_HAL_Driver/Src/stm32f4xx_hal_exti.o
LOAD Drivers/STM32F4xx_HAL_Driver/Src/stm32f4xx_hal_flash.o
LOAD Drivers/STM32F4xx_HAL_Driver/Src/stm32f4xx_hal_flash_ex.o
LOAD Drivers/STM32F4xx_HAL_Driver/Src/stm32f4xx_hal_flash_ramfunc.o
LOAD Drivers/STM32F4xx_HAL_Driver/Src/stm32f4xx_hal_gpio.o
LOAD Drivers/STM32F4xx_HAL_Driver/Src/stm32f4xx_hal_ltdc.o
LOAD Drivers/STM32F4xx_HAL_Driver/Src/stm32f4xx_hal_ltdc_ex.o
LOAD Drivers/STM32F4xx_HAL_Driver/Src/stm32f4xx_hal_pwr.o
LOAD Drivers/STM32F4xx_HAL_Driver/Src/stm32f4xx_hal_pwr_ex.o
LOAD Drivers/STM32F4xx_HAL_Driver/Src/stm32f4xx_hal_rcc.o
LOAD Drivers/STM32F4xx_HAL_Driver/Src/stm32f4xx_hal_rcc_ex.o
LOAD Drivers/STM32F4xx_HAL_Driver/Src/stm32f4xx_hal_spi.o
LOAD Drivers/STM32F4xx_HAL_Driver/Src/stm32f4xx_hal_tim.o
LOAD Drivers/STM32F4xx_HAL_Driver/Src/stm32f4xx_hal_tim_ex.o
START GROUP
LOAD d:/st/stm32cubeide_1.5.1/stm32cubeide/plugins/com.st.stm32cube.ide.mcu.externaltools.gnu-tools-for-stm32.9-2020-q2-update.win32_1.5.0.202011040924/tools/bin/../lib/gcc/arm-none-eabi/9.3.1/../../../../arm-none-eabi/lib/thumb/v7e-m+fp/hard\libc_nano.a
LOAD d:/st/stm32cubeide_1.5.1/stm32cubeide/plugins/com.st.stm32cube.ide.mcu.externaltools.gnu-tools-for-stm32.9-2020-q2-update.win32_1.5.0.202011040924/tools/bin/../lib/gcc/arm-none-eabi/9.3.1/../../../../arm-none-eabi/lib/thumb/v7e-m+fp/hard\libm.a
END GROUP
START GROUP
LOAD d:/st/stm32cubeide_1.5.1/stm32cubeide/plugins/com.st.stm32cube.ide.mcu.externaltools.gnu-tools-for-stm32.9-2020-q2-update.win32_1.5.0.202011040924/tools/bin/../lib/gcc/arm-none-eabi/9.3.1/thumb/v7e-m+fp/hard\libgcc.a
LOAD d:/st/stm32cubeide_1.5.1/stm32cubeide/plugins/com.st.stm32cube.ide.mcu.externaltools.gnu-tools-for-stm32.9-2020-q2-update.win32_1.5.0.202011040924/tools/bin/../lib/gcc/arm-none-eabi/9.3.1/../../../../arm-none-eabi/lib/thumb/v7e-m+fp/hard\libc_nano.a
END GROUP
START GROUP
LOAD d:/st/stm32cubeide_1.5.1/stm32cubeide/plugins/com.st.stm32cube.ide.mcu.externaltools.gnu-tools-for-stm32.9-2020-q2-update.win32_1.5.0.202011040924/tools/bin/../lib/gcc/arm-none-eabi/9.3.1/thumb/v7e-m+fp/hard\libgcc.a
LOAD d:/st/stm32cubeide_1.5.1/stm32cubeide/plugins/com.st.stm32cube.ide.mcu.externaltools.gnu-tools-for-stm32.9-2020-q2-update.win32_1.5.0.202011040924/tools/bin/../lib/gcc/arm-none-eabi/9.3.1/../../../../arm-none-eabi/lib/thumb/v7e-m+fp/hard\libc_nano.a
LOAD d:/st/stm32cubeide_1.5.1/stm32cubeide/plugins/com.st.stm32cube.ide.mcu.externaltools.gnu-tools-for-stm32.9-2020-q2-update.win32_1.5.0.202011040924/tools/bin/../lib/gcc/arm-none-eabi/9.3.1/../../../../arm-none-eabi/lib/thumb/v7e-m+fp/hard\libnosys.a
END GROUP
START GROUP
LOAD d:/st/stm32cubeide_1.5.1/stm32cubeide/plugins/com.st.stm32cube.ide.mcu.externaltools.gnu-tools-for-stm32.9-2020-q2-update.win32_1.5.0.202011040924/tools/bin/../lib/gcc/arm-none-eabi/9.3.1/thumb/v7e-m+fp/hard\libgcc.a
LOAD d:/st/stm32cubeide_1.5.1/stm32cubeide/plugins/com.st.stm32cube.ide.mcu.externaltools.gnu-tools-for-stm32.9-2020-q2-update.win32_1.5.0.202011040924/tools/bin/../lib/gcc/arm-none-eabi/9.3.1/../../../../arm-none-eabi/lib/thumb/v7e-m+fp/hard\libc_nano.a
LOAD d:/st/stm32cubeide_1.5.1/stm32cubeide/plugins/com.st.stm32cube.ide.mcu.externaltools.gnu-tools-for-stm32.9-2020-q2-update.win32_1.5.0.202011040924/tools/bin/../lib/gcc/arm-none-eabi/9.3.1/../../../../arm-none-eabi/lib/thumb/v7e-m+fp/hard\libnosys.a
END GROUP
LOAD d:/st/stm32cubeide_1.5.1/stm32cubeide/plugins/com.st.stm32cube.ide.mcu.externaltools.gnu-tools-for-stm32.9-2020-q2-update.win32_1.5.0.202011040924/tools/bin/../lib/gcc/arm-none-eabi/9.3.1/thumb/v7e-m+fp/hard/crtend.o
LOAD d:/st/stm32cubeide_1.5.1/stm32cubeide/plugins/com.st.stm32cube.ide.mcu.externaltools.gnu-tools-for-stm32.9-2020-q2-update.win32_1.5.0.202011040924/tools/bin/../lib/gcc/arm-none-eabi/9.3.1/thumb/v7e-m+fp/hard/crtn.o
                0x0000000020030000                _estack = (ORIGIN (RAM) + LENGTH (RAM))
                0x0000000000000200                _Min_Heap_Size = 0x200
                0x0000000000000400                _Min_Stack_Size = 0x400

.isr_vector     0x0000000008000000      0x1ac
                0x0000000008000000                . = ALIGN (0x4)
 *(.isr_vector)
 .isr_vector    0x0000000008000000      0x1ac Core/Startup/startup_stm32f429zitx.o
                0x0000000008000000                g_pfnVectors
                0x00000000080001ac                . = ALIGN (0x4)

.text           0x00000000080001ac     0x457c
                0x00000000080001ac                . = ALIGN (0x4)
 *(.text)
 .text          0x00000000080001ac       0x40 d:/st/stm32cubeide_1.5.1/stm32cubeide/plugins/com.st.stm32cube.ide.mcu.externaltools.gnu-tools-for-stm32.9-2020-q2-update.win32_1.5.0.202011040924/tools/bin/../lib/gcc/arm-none-eabi/9.3.1/thumb/v7e-m+fp/hard/crtbegin.o
 .text          0x00000000080001ec       0x30 d:/st/stm32cubeide_1.5.1/stm32cubeide/plugins/com.st.stm32cube.ide.mcu.externaltools.gnu-tools-for-stm32.9-2020-q2-update.win32_1.5.0.202011040924/tools/bin/../lib/gcc/arm-none-eabi/9.3.1/thumb/v7e-m+fp/hard\libgcc.a(_aeabi_uldivmod.o)
                0x00000000080001ec                __aeabi_uldivmod
 .text          0x000000000800021c      0x2c4 d:/st/stm32cubeide_1.5.1/stm32cubeide/plugins/com.st.stm32cube.ide.mcu.externaltools.gnu-tools-for-stm32.9-2020-q2-update.win32_1.5.0.202011040924/tools/bin/../lib/gcc/arm-none-eabi/9.3.1/thumb/v7e-m+fp/hard\libgcc.a(_udivmoddi4.o)
                0x000000000800021c                __udivmoddi4
 .text          0x00000000080004e0        0x4 d:/st/stm32cubeide_1.5.1/stm32cubeide/plugins/com.st.stm32cube.ide.mcu.externaltools.gnu-tools-for-stm32.9-2020-q2-update.win32_1.5.0.202011040924/tools/bin/../lib/gcc/arm-none-eabi/9.3.1/thumb/v7e-m+fp/hard\libgcc.a(_dvmd_tls.o)
                0x00000000080004e0                __aeabi_idiv0
                0x00000000080004e0                __aeabi_ldiv0
 *(.text*)
 .text.MX_GPIO_Init
                0x00000000080004e4       0xc0 Core/Src/gpio.o
                0x00000000080004e4                MX_GPIO_Init
 .text.LCD_DrawABig
                0x00000000080005a4       0x94 Core/Src/graphic.o
                0x00000000080005a4                LCD_DrawABig
 .text.LCD_DrawBBig
                0x0000000008000638       0xc8 Core/Src/graphic.o
                0x0000000008000638                LCD_DrawBBig
 .text.LCD_DrawCBig
                0x0000000008000700       0x88 Core/Src/graphic.o
                0x0000000008000700                LCD_DrawCBig
 .text.LCD_DrawDBig
                0x0000000008000788       0xa4 Core/Src/graphic.o
                0x0000000008000788                LCD_DrawDBig
 .text.LCD_DrawEBig
                0x000000000800082c       0xa0 Core/Src/graphic.o
                0x000000000800082c                LCD_DrawEBig
 .text.LCD_DrawGBig
                0x00000000080008cc       0xa4 Core/Src/graphic.o
                0x00000000080008cc                LCD_DrawGBig
 .text.LCD_DrawHBig
                0x0000000008000970       0x98 Core/Src/graphic.o
                0x0000000008000970                LCD_DrawHBig
 .text.LCD_DrawIBig
                0x0000000008000a08       0x8c Core/Src/graphic.o
                0x0000000008000a08                LCD_DrawIBig
 .text.LCD_DrawLBig
                0x0000000008000a94       0x80 Core/Src/graphic.o
                0x0000000008000a94                LCD_DrawLBig
 .text.LCD_DrawMBig
                0x0000000008000b14       0xc8 Core/Src/graphic.o
                0x0000000008000b14                LCD_DrawMBig
 .text.LCD_DrawNBig
                0x0000000008000bdc       0xc8 Core/Src/graphic.o
                0x0000000008000bdc                LCD_DrawNBig
 .text.LCD_DrawOBig
                0x0000000008000ca4       0x8c Core/Src/graphic.o
                0x0000000008000ca4                LCD_DrawOBig
 .text.LCD_DrawPBig
                0x0000000008000d30       0xac Core/Src/graphic.o
                0x0000000008000d30                LCD_DrawPBig
 .text.LCD_DrawRBig
                0x0000000008000ddc       0xd0 Core/Src/graphic.o
                0x0000000008000ddc                LCD_DrawRBig
 .text.LCD_DrawSBig
                0x0000000008000eac       0xb0 Core/Src/graphic.o
                0x0000000008000eac                LCD_DrawSBig
 .text.LCD_DrawTBig
                0x0000000008000f5c       0x88 Core/Src/graphic.o
                0x0000000008000f5c                LCD_DrawTBig
 .text.LCD_DrawUBig
                0x0000000008000fe4       0x88 Core/Src/graphic.o
                0x0000000008000fe4                LCD_DrawUBig
 .text.LCD_DrawWBig
                0x000000000800106c      0x138 Core/Src/graphic.o
                0x000000000800106c                LCD_DrawWBig
 .text.LCD_GpioInit
                0x00000000080011a4       0x9c Core/Src/lcd.o
                0x00000000080011a4                LCD_GpioInit
 .text.LCD_LtdcInit
                0x0000000008001240       0x44 Core/Src/lcd.o
                0x0000000008001240                LCD_LtdcInit
 .text.LCD_DispInit_Spi
                0x0000000008001284      0x208 Core/Src/lcd.o
                0x0000000008001284                LCD_DispInit_Spi
 .text.LCD_DispInit_Ltdc
                0x000000000800148c      0x290 Core/Src/lcd.o
                0x000000000800148c                LCD_DispInit_Ltdc
 .text.LCD_WriteCommand
                0x000000000800171c       0x5c Core/Src/lcd.o
                0x000000000800171c                LCD_WriteCommand
 .text.LCD_WriteData
                0x0000000008001778       0x5c Core/Src/lcd.o
                0x0000000008001778                LCD_WriteData
 .text.LCD_WriteGRAM
                0x00000000080017d4       0x30 Core/Src/lcd.o
                0x00000000080017d4                LCD_WriteGRAM
 .text.LCD_ClearScreenLtdc
                0x0000000008001804       0x24 Core/Src/lcd.o
                0x0000000008001804                LCD_ClearScreenLtdc
 .text.MX_LTDC_Init
                0x0000000008001828      0x100 Core/Src/ltdc.o
                0x0000000008001828                MX_LTDC_Init
 .text.HAL_LTDC_MspInit
                0x0000000008001928      0x214 Core/Src/ltdc.o
                0x0000000008001928                HAL_LTDC_MspInit
 .text.main     0x0000000008001b3c       0x2e Core/Src/main.o
                0x0000000008001b3c                main
 *fill*         0x0000000008001b6a        0x2 
 .text.SystemClock_Config
                0x0000000008001b6c      0x118 Core/Src/main.o
                0x0000000008001b6c                SystemClock_Config
 .text.Error_Handler
                0x0000000008001c84        0xe Core/Src/main.o
                0x0000000008001c84                Error_Handler
 *fill*         0x0000000008001c92        0x2 
 .text.initializeGPIONVIC
                0x0000000008001c94       0x4c Core/Src/main.o
                0x0000000008001c94                initializeGPIONVIC
 .text.EXTI0_IRQHandler
                0x0000000008001ce0       0x60 Core/Src/main.o
                0x0000000008001ce0                EXTI0_IRQHandler
 .text.InitialScreen
                0x0000000008001d40      0x140 Core/Src/screens.o
                0x0000000008001d40                InitialScreen
 .text.MenuScreen
                0x0000000008001e80       0xac Core/Src/screens.o
                0x0000000008001e80                MenuScreen
 .text.BluetoothScreen
                0x0000000008001f2c      0x2c0 Core/Src/screens.o
                0x0000000008001f2c                BluetoothScreen
 .text.ScheduleScreen
                0x00000000080021ec      0x17c Core/Src/screens.o
                0x00000000080021ec                ScheduleScreen
 .text.DispensedScreen
                0x0000000008002368      0x1a8 Core/Src/screens.o
                0x0000000008002368                DispensedScreen
 .text.MX_SPI5_Init
                0x0000000008002510       0x70 Core/Src/spi.o
                0x0000000008002510                MX_SPI5_Init
 .text.HAL_SPI_MspInit
                0x0000000008002580       0x90 Core/Src/spi.o
                0x0000000008002580                HAL_SPI_MspInit
 .text.HAL_MspInit
                0x0000000008002610       0x50 Core/Src/stm32f4xx_hal_msp.o
                0x0000000008002610                HAL_MspInit
 .text.NMI_Handler
                0x0000000008002660        0x6 Core/Src/stm32f4xx_it.o
                0x0000000008002660                NMI_Handler
 .text.HardFault_Handler
                0x0000000008002666        0x6 Core/Src/stm32f4xx_it.o
                0x0000000008002666                HardFault_Handler
 .text.MemManage_Handler
                0x000000000800266c        0x6 Core/Src/stm32f4xx_it.o
                0x000000000800266c                MemManage_Handler
 .text.BusFault_Handler
                0x0000000008002672        0x6 Core/Src/stm32f4xx_it.o
                0x0000000008002672                BusFault_Handler
 .text.UsageFault_Handler
                0x0000000008002678        0x6 Core/Src/stm32f4xx_it.o
                0x0000000008002678                UsageFault_Handler
 .text.SVC_Handler
                0x000000000800267e        0xe Core/Src/stm32f4xx_it.o
                0x000000000800267e                SVC_Handler
 .text.DebugMon_Handler
                0x000000000800268c        0xe Core/Src/stm32f4xx_it.o
                0x000000000800268c                DebugMon_Handler
 .text.PendSV_Handler
                0x000000000800269a        0xe Core/Src/stm32f4xx_it.o
                0x000000000800269a                PendSV_Handler
 .text.SysTick_Handler
                0x00000000080026a8        0xc Core/Src/stm32f4xx_it.o
                0x00000000080026a8                SysTick_Handler
 .text.SystemInit
                0x00000000080026b4       0x2c Core/Src/system_stm32f4xx.o
                0x00000000080026b4                SystemInit
 .text.Reset_Handler
                0x00000000080026e0       0x50 Core/Startup/startup_stm32f429zitx.o
                0x00000000080026e0                Reset_Handler
 .text.Default_Handler
                0x0000000008002730        0x2 Core/Startup/startup_stm32f429zitx.o
                0x0000000008002730                RTC_Alarm_IRQHandler
                0x0000000008002730                HASH_RNG_IRQHandler
                0x0000000008002730                EXTI2_IRQHandler
                0x0000000008002730                TIM8_CC_IRQHandler
                0x0000000008002730                UART8_IRQHandler
                0x0000000008002730                SPI4_IRQHandler
                0x0000000008002730                TIM1_CC_IRQHandler
                0x0000000008002730                DMA2_Stream5_IRQHandler
                0x0000000008002730                DMA1_Stream5_IRQHandler
                0x0000000008002730                PVD_IRQHandler
                0x0000000008002730                SDIO_IRQHandler
                0x0000000008002730                TAMP_STAMP_IRQHandler
                0x0000000008002730                CAN2_RX1_IRQHandler
                0x0000000008002730                EXTI3_IRQHandler
                0x0000000008002730                TIM8_TRG_COM_TIM14_IRQHandler
                0x0000000008002730                TIM1_UP_TIM10_IRQHandler
                0x0000000008002730                TIM8_UP_TIM13_IRQHandler
                0x0000000008002730                I2C3_ER_IRQHandler
                0x0000000008002730                I2C2_EV_IRQHandler
                0x0000000008002730                DMA1_Stream2_IRQHandler
                0x0000000008002730                CAN1_RX0_IRQHandler
                0x0000000008002730                FPU_IRQHandler
                0x0000000008002730                OTG_HS_WKUP_IRQHandler
                0x0000000008002730                LTDC_ER_IRQHandler
                0x0000000008002730                CAN2_SCE_IRQHandler
                0x0000000008002730                DMA2_Stream2_IRQHandler
                0x0000000008002730                SPI1_IRQHandler
                0x0000000008002730                TIM6_DAC_IRQHandler
                0x0000000008002730                TIM1_BRK_TIM9_IRQHandler
                0x0000000008002730                DCMI_IRQHandler
                0x0000000008002730                CAN2_RX0_IRQHandler
                0x0000000008002730                DMA2_Stream3_IRQHandler
                0x0000000008002730                USART6_IRQHandler
                0x0000000008002730                USART3_IRQHandler
                0x0000000008002730                CAN1_RX1_IRQHandler
                0x0000000008002730                UART5_IRQHandler
                0x0000000008002730                DMA2_Stream0_IRQHandler
                0x0000000008002730                TIM4_IRQHandler
                0x0000000008002730                I2C1_EV_IRQHandler
                0x0000000008002730                DMA1_Stream6_IRQHandler
                0x0000000008002730                DMA1_Stream1_IRQHandler
                0x0000000008002730                UART4_IRQHandler
                0x0000000008002730                TIM3_IRQHandler
                0x0000000008002730                RCC_IRQHandler
                0x0000000008002730                TIM8_BRK_TIM12_IRQHandler
                0x0000000008002730                Default_Handler
                0x0000000008002730                EXTI15_10_IRQHandler
                0x0000000008002730                ADC_IRQHandler
                0x0000000008002730                DMA1_Stream7_IRQHandler
                0x0000000008002730                SPI5_IRQHandler
                0x0000000008002730                TIM7_IRQHandler
                0x0000000008002730                CAN2_TX_IRQHandler
                0x0000000008002730                TIM5_IRQHandler
                0x0000000008002730                DMA2_Stream7_IRQHandler
                0x0000000008002730                I2C3_EV_IRQHandler
                0x0000000008002730                EXTI9_5_IRQHandler
                0x0000000008002730                RTC_WKUP_IRQHandler
                0x0000000008002730                LTDC_IRQHandler
                0x0000000008002730                ETH_WKUP_IRQHandler
                0x0000000008002730                SPI2_IRQHandler
                0x0000000008002730                OTG_HS_EP1_IN_IRQHandler
                0x0000000008002730                DMA1_Stream0_IRQHandler
                0x0000000008002730                CAN1_TX_IRQHandler
                0x0000000008002730                EXTI4_IRQHandler
                0x0000000008002730                ETH_IRQHandler
                0x0000000008002730                OTG_HS_EP1_OUT_IRQHandler
                0x0000000008002730                WWDG_IRQHandler
                0x0000000008002730                SPI6_IRQHandler
                0x0000000008002730                TIM2_IRQHandler
                0x0000000008002730                OTG_FS_WKUP_IRQHandler
                0x0000000008002730                TIM1_TRG_COM_TIM11_IRQHandler
                0x0000000008002730                OTG_HS_IRQHandler
                0x0000000008002730                DMA2D_IRQHandler
                0x0000000008002730                EXTI1_IRQHandler
                0x0000000008002730                UART7_IRQHandler
                0x0000000008002730                USART2_IRQHandler
                0x0000000008002730                I2C2_ER_IRQHandler
                0x0000000008002730                DMA2_Stream1_IRQHandler
                0x0000000008002730                CAN1_SCE_IRQHandler
                0x0000000008002730                FLASH_IRQHandler
                0x0000000008002730                DMA2_Stream4_IRQHandler
                0x0000000008002730                USART1_IRQHandler
                0x0000000008002730                OTG_FS_IRQHandler
                0x0000000008002730                SPI3_IRQHandler
                0x0000000008002730                DMA1_Stream4_IRQHandler
                0x0000000008002730                I2C1_ER_IRQHandler
                0x0000000008002730                FMC_IRQHandler
                0x0000000008002730                DMA2_Stream6_IRQHandler
                0x0000000008002730                SAI1_IRQHandler
                0x0000000008002730                DMA1_Stream3_IRQHandler
 *fill*         0x0000000008002732        0x2 
 .text.HAL_Init
                0x0000000008002734       0x44 Drivers/STM32F4xx_HAL_Driver/Src/stm32f4xx_hal.o
                0x0000000008002734                HAL_Init
 .text.HAL_InitTick
                0x0000000008002778       0x60 Drivers/STM32F4xx_HAL_Driver/Src/stm32f4xx_hal.o
                0x0000000008002778                HAL_InitTick
 .text.HAL_IncTick
                0x00000000080027d8       0x28 Drivers/STM32F4xx_HAL_Driver/Src/stm32f4xx_hal.o
                0x00000000080027d8                HAL_IncTick
 .text.HAL_GetTick
                0x0000000008002800       0x18 Drivers/STM32F4xx_HAL_Driver/Src/stm32f4xx_hal.o
                0x0000000008002800                HAL_GetTick
 .text.HAL_Delay
                0x0000000008002818       0x48 Drivers/STM32F4xx_HAL_Driver/Src/stm32f4xx_hal.o
                0x0000000008002818                HAL_Delay
 .text.__NVIC_SetPriorityGrouping
                0x0000000008002860       0x48 Drivers/STM32F4xx_HAL_Driver/Src/stm32f4xx_hal_cortex.o
 .text.__NVIC_GetPriorityGrouping
                0x00000000080028a8       0x1c Drivers/STM32F4xx_HAL_Driver/Src/stm32f4xx_hal_cortex.o
 .text.__NVIC_EnableIRQ
                0x00000000080028c4       0x3c Drivers/STM32F4xx_HAL_Driver/Src/stm32f4xx_hal_cortex.o
 .text.__NVIC_SetPriority
                0x0000000008002900       0x54 Drivers/STM32F4xx_HAL_Driver/Src/stm32f4xx_hal_cortex.o
 .text.NVIC_EncodePriority
                0x0000000008002954       0x66 Drivers/STM32F4xx_HAL_Driver/Src/stm32f4xx_hal_cortex.o
 *fill*         0x00000000080029ba        0x2 
 .text.SysTick_Config
                0x00000000080029bc       0x44 Drivers/STM32F4xx_HAL_Driver/Src/stm32f4xx_hal_cortex.o
 .text.HAL_NVIC_SetPriorityGrouping
                0x0000000008002a00       0x16 Drivers/STM32F4xx_HAL_Driver/Src/stm32f4xx_hal_cortex.o
                0x0000000008002a00                HAL_NVIC_SetPriorityGrouping
 .text.HAL_NVIC_SetPriority
                0x0000000008002a16       0x38 Drivers/STM32F4xx_HAL_Driver/Src/stm32f4xx_hal_cortex.o
                0x0000000008002a16                HAL_NVIC_SetPriority
 .text.HAL_NVIC_EnableIRQ
                0x0000000008002a4e       0x1c Drivers/STM32F4xx_HAL_Driver/Src/stm32f4xx_hal_cortex.o
                0x0000000008002a4e                HAL_NVIC_EnableIRQ
 .text.HAL_SYSTICK_Config
                0x0000000008002a6a       0x18 Drivers/STM32F4xx_HAL_Driver/Src/stm32f4xx_hal_cortex.o
                0x0000000008002a6a                HAL_SYSTICK_Config
 *fill*         0x0000000008002a82        0x2 
 .text.HAL_GPIO_Init
                0x0000000008002a84      0x358 Drivers/STM32F4xx_HAL_Driver/Src/stm32f4xx_hal_gpio.o
                0x0000000008002a84                HAL_GPIO_Init
 .text.HAL_GPIO_WritePin
                0x0000000008002ddc       0x32 Drivers/STM32F4xx_HAL_Driver/Src/stm32f4xx_hal_gpio.o
                0x0000000008002ddc                HAL_GPIO_WritePin
 *fill*         0x0000000008002e0e        0x2 
 .text.HAL_GPIO_EXTI_IRQHandler
                0x0000000008002e10       0x30 Drivers/STM32F4xx_HAL_Driver/Src/stm32f4xx_hal_gpio.o
                0x0000000008002e10                HAL_GPIO_EXTI_IRQHandler
 .text.HAL_GPIO_EXTI_Callback
                0x0000000008002e40       0x16 Drivers/STM32F4xx_HAL_Driver/Src/stm32f4xx_hal_gpio.o
                0x0000000008002e40                HAL_GPIO_EXTI_Callback
 *fill*         0x0000000008002e56        0x2 
 .text.HAL_LTDC_Init
                0x0000000008002e58      0x1a8 Drivers/STM32F4xx_HAL_Driver/Src/stm32f4xx_hal_ltdc.o
                0x0000000008002e58                HAL_LTDC_Init
 .text.HAL_LTDC_ConfigLayer
                0x0000000008003000       0x7c Drivers/STM32F4xx_HAL_Driver/Src/stm32f4xx_hal_ltdc.o
                0x0000000008003000                HAL_LTDC_ConfigLayer
 .text.HAL_LTDC_ConfigCLUT
                0x000000000800307c       0xe8 Drivers/STM32F4xx_HAL_Driver/Src/stm32f4xx_hal_ltdc.o
                0x000000000800307c                HAL_LTDC_ConfigCLUT
 .text.HAL_LTDC_EnableCLUT
                0x0000000008003164       0x72 Drivers/STM32F4xx_HAL_Driver/Src/stm32f4xx_hal_ltdc.o
                0x0000000008003164                HAL_LTDC_EnableCLUT
 .text.HAL_LTDC_SetAddress
                0x00000000080031d6       0x6c Drivers/STM32F4xx_HAL_Driver/Src/stm32f4xx_hal_ltdc.o
                0x00000000080031d6                HAL_LTDC_SetAddress
 .text.HAL_LTDC_Reload
                0x0000000008003242       0x5e Drivers/STM32F4xx_HAL_Driver/Src/stm32f4xx_hal_ltdc.o
                0x0000000008003242                HAL_LTDC_Reload
 .text.LTDC_SetConfig
                0x00000000080032a0      0x33a Drivers/STM32F4xx_HAL_Driver/Src/stm32f4xx_hal_ltdc.o
 *fill*         0x00000000080035da        0x2 
 .text.HAL_PWREx_EnableOverDrive
                0x00000000080035dc       0xa0 Drivers/STM32F4xx_HAL_Driver/Src/stm32f4xx_hal_pwr_ex.o
                0x00000000080035dc                HAL_PWREx_EnableOverDrive
 .text.HAL_RCC_OscConfig
                0x000000000800367c      0x4e0 Drivers/STM32F4xx_HAL_Driver/Src/stm32f4xx_hal_rcc.o
                0x000000000800367c                HAL_RCC_OscConfig
 .text.HAL_RCC_ClockConfig
                0x0000000008003b5c      0x1cc Drivers/STM32F4xx_HAL_Driver/Src/stm32f4xx_hal_rcc.o
                0x0000000008003b5c                HAL_RCC_ClockConfig
 .text.HAL_RCC_GetSysClockFreq
                0x0000000008003d28      0x1c4 Drivers/STM32F4xx_HAL_Driver/Src/stm32f4xx_hal_rcc.o
                0x0000000008003d28                HAL_RCC_GetSysClockFreq
 .text.HAL_RCCEx_PeriphCLKConfig
                0x0000000008003eec      0x37c Drivers/STM32F4xx_HAL_Driver/Src/stm32f4xx_hal_rcc_ex.o
                0x0000000008003eec                HAL_RCCEx_PeriphCLKConfig
 .text.HAL_SPI_Init
                0x0000000008004268       0xc8 Drivers/STM32F4xx_HAL_Driver/Src/stm32f4xx_hal_spi.o
                0x0000000008004268                HAL_SPI_Init
 .text.HAL_SPI_Transmit
                0x0000000008004330      0x27a Drivers/STM32F4xx_HAL_Driver/Src/stm32f4xx_hal_spi.o
                0x0000000008004330                HAL_SPI_Transmit
 .text.SPI_WaitFlagStateUntilTimeout
                0x00000000080045aa       0xd2 Drivers/STM32F4xx_HAL_Driver/Src/stm32f4xx_hal_spi.o
 .text.SPI_CheckFlag_BSY
                0x000000000800467c       0x3c Drivers/STM32F4xx_HAL_Driver/Src/stm32f4xx_hal_spi.o
 .text.__libc_init_array
                0x00000000080046b8       0x48 d:/st/stm32cubeide_1.5.1/stm32cubeide/plugins/com.st.stm32cube.ide.mcu.externaltools.gnu-tools-for-stm32.9-2020-q2-update.win32_1.5.0.202011040924/tools/bin/../lib/gcc/arm-none-eabi/9.3.1/../../../../arm-none-eabi/lib/thumb/v7e-m+fp/hard\libc_nano.a(lib_a-init.o)
                0x00000000080046b8                __libc_init_array
 .text.memset   0x0000000008004700       0x10 d:/st/stm32cubeide_1.5.1/stm32cubeide/plugins/com.st.stm32cube.ide.mcu.externaltools.gnu-tools-for-stm32.9-2020-q2-update.win32_1.5.0.202011040924/tools/bin/../lib/gcc/arm-none-eabi/9.3.1/../../../../arm-none-eabi/lib/thumb/v7e-m+fp/hard\libc_nano.a(lib_a-memset.o)
                0x0000000008004700                memset
 *(.glue_7)
 .glue_7        0x0000000008004710        0x0 linker stubs
 *(.glue_7t)
 .glue_7t       0x0000000008004710        0x0 linker stubs
 *(.eh_frame)
 .eh_frame      0x0000000008004710        0x0 d:/st/stm32cubeide_1.5.1/stm32cubeide/plugins/com.st.stm32cube.ide.mcu.externaltools.gnu-tools-for-stm32.9-2020-q2-update.win32_1.5.0.202011040924/tools/bin/../lib/gcc/arm-none-eabi/9.3.1/thumb/v7e-m+fp/hard/crtbegin.o
 *(.init)
 .init          0x0000000008004710        0x4 d:/st/stm32cubeide_1.5.1/stm32cubeide/plugins/com.st.stm32cube.ide.mcu.externaltools.gnu-tools-for-stm32.9-2020-q2-update.win32_1.5.0.202011040924/tools/bin/../lib/gcc/arm-none-eabi/9.3.1/thumb/v7e-m+fp/hard/crti.o
                0x0000000008004710                _init
 .init          0x0000000008004714        0x8 d:/st/stm32cubeide_1.5.1/stm32cubeide/plugins/com.st.stm32cube.ide.mcu.externaltools.gnu-tools-for-stm32.9-2020-q2-update.win32_1.5.0.202011040924/tools/bin/../lib/gcc/arm-none-eabi/9.3.1/thumb/v7e-m+fp/hard/crtn.o
 *(.fini)
 .fini          0x000000000800471c        0x4 d:/st/stm32cubeide_1.5.1/stm32cubeide/plugins/com.st.stm32cube.ide.mcu.externaltools.gnu-tools-for-stm32.9-2020-q2-update.win32_1.5.0.202011040924/tools/bin/../lib/gcc/arm-none-eabi/9.3.1/thumb/v7e-m+fp/hard/crti.o
                0x000000000800471c                _fini
 .fini          0x0000000008004720        0x8 d:/st/stm32cubeide_1.5.1/stm32cubeide/plugins/com.st.stm32cube.ide.mcu.externaltools.gnu-tools-for-stm32.9-2020-q2-update.win32_1.5.0.202011040924/tools/bin/../lib/gcc/arm-none-eabi/9.3.1/thumb/v7e-m+fp/hard/crtn.o
                0x0000000008004728                . = ALIGN (0x4)
                0x0000000008004728                _etext = .

.vfp11_veneer   0x0000000008004728        0x0
 .vfp11_veneer  0x0000000008004728        0x0 linker stubs

.v4_bx          0x0000000008004728        0x0
 .v4_bx         0x0000000008004728        0x0 linker stubs

.iplt           0x0000000008004728        0x0
 .iplt          0x0000000008004728        0x0 d:/st/stm32cubeide_1.5.1/stm32cubeide/plugins/com.st.stm32cube.ide.mcu.externaltools.gnu-tools-for-stm32.9-2020-q2-update.win32_1.5.0.202011040924/tools/bin/../lib/gcc/arm-none-eabi/9.3.1/thumb/v7e-m+fp/hard/crtbegin.o

.rodata         0x0000000008004728      0x410
                0x0000000008004728                . = ALIGN (0x4)
 *(.rodata)
 *(.rodata*)
 .rodata.CLUT   0x0000000008004728      0x400 Core/Src/lcd.o
                0x0000000008004728                CLUT
 .rodata.AHBPrescTable
                0x0000000008004b28       0x10 Core/Src/system_stm32f4xx.o
                0x0000000008004b28                AHBPrescTable
                0x0000000008004b38                . = ALIGN (0x4)

.ARM.extab      0x0000000008004b38        0x0
                0x0000000008004b38                . = ALIGN (0x4)
 *(.ARM.extab* .gnu.linkonce.armextab.*)
                0x0000000008004b38                . = ALIGN (0x4)

.ARM            0x0000000008004b38        0x8
                0x0000000008004b38                . = ALIGN (0x4)
                0x0000000008004b38                __exidx_start = .
 *(.ARM.exidx*)
 .ARM.exidx     0x0000000008004b38        0x8 d:/st/stm32cubeide_1.5.1/stm32cubeide/plugins/com.st.stm32cube.ide.mcu.externaltools.gnu-tools-for-stm32.9-2020-q2-update.win32_1.5.0.202011040924/tools/bin/../lib/gcc/arm-none-eabi/9.3.1/thumb/v7e-m+fp/hard\libgcc.a(_udivmoddi4.o)
                0x0000000008004b40                __exidx_end = .
                0x0000000008004b40                . = ALIGN (0x4)

.rel.dyn        0x0000000008004b40        0x0
 .rel.iplt      0x0000000008004b40        0x0 d:/st/stm32cubeide_1.5.1/stm32cubeide/plugins/com.st.stm32cube.ide.mcu.externaltools.gnu-tools-for-stm32.9-2020-q2-update.win32_1.5.0.202011040924/tools/bin/../lib/gcc/arm-none-eabi/9.3.1/thumb/v7e-m+fp/hard/crtbegin.o

.preinit_array  0x0000000008004b40        0x0
                0x0000000008004b40                . = ALIGN (0x4)
                0x0000000008004b40                PROVIDE (__preinit_array_start = .)
 *(.preinit_array*)
                0x0000000008004b40                PROVIDE (__preinit_array_end = .)
                0x0000000008004b40                . = ALIGN (0x4)

.init_array     0x0000000008004b40        0x4
                0x0000000008004b40                . = ALIGN (0x4)
                0x0000000008004b40                PROVIDE (__init_array_start = .)
 *(SORT_BY_NAME(.init_array.*))
 *(.init_array*)
 .init_array    0x0000000008004b40        0x4 d:/st/stm32cubeide_1.5.1/stm32cubeide/plugins/com.st.stm32cube.ide.mcu.externaltools.gnu-tools-for-stm32.9-2020-q2-update.win32_1.5.0.202011040924/tools/bin/../lib/gcc/arm-none-eabi/9.3.1/thumb/v7e-m+fp/hard/crtbegin.o
                0x0000000008004b44                PROVIDE (__init_array_end = .)
                0x0000000008004b44                . = ALIGN (0x4)

.fini_array     0x0000000008004b44        0x4
                0x0000000008004b44                . = ALIGN (0x4)
                [!provide]                        PROVIDE (__fini_array_start = .)
 *(SORT_BY_NAME(.fini_array.*))
 *(.fini_array*)
 .fini_array    0x0000000008004b44        0x4 d:/st/stm32cubeide_1.5.1/stm32cubeide/plugins/com.st.stm32cube.ide.mcu.externaltools.gnu-tools-for-stm32.9-2020-q2-update.win32_1.5.0.202011040924/tools/bin/../lib/gcc/arm-none-eabi/9.3.1/thumb/v7e-m+fp/hard/crtbegin.o
                [!provide]                        PROVIDE (__fini_array_end = .)
                0x0000000008004b48                . = ALIGN (0x4)
                0x0000000008004b48                _sidata = LOADADDR (.data)

.data           0x0000000020000000    0x12c10 load address 0x0000000008004b48
                0x0000000020000000                . = ALIGN (0x4)
                0x0000000020000000                _sdata = .
 *(.data)
 *(.data*)
 .data.COLOR_LTDC
                0x0000000020000000        0x1 Core/Src/graphic.o
                0x0000000020000000                COLOR_LTDC
 *fill*         0x0000000020000001        0x3 
 .data.GRAM     0x0000000020000004    0x12c00 Core/Src/lcd.o
                0x0000000020000004                GRAM
 .data.SystemCoreClock
                0x0000000020012c04        0x4 Core/Src/system_stm32f4xx.o
                0x0000000020012c04                SystemCoreClock
 .data.uwTickPrio
                0x0000000020012c08        0x4 Drivers/STM32F4xx_HAL_Driver/Src/stm32f4xx_hal.o
                0x0000000020012c08                uwTickPrio
 .data.uwTickFreq
                0x0000000020012c0c        0x1 Drivers/STM32F4xx_HAL_Driver/Src/stm32f4xx_hal.o
                0x0000000020012c0c                uwTickFreq
 *(.RamFunc)
 *(.RamFunc*)
                0x0000000020012c10                . = ALIGN (0x4)
 *fill*         0x0000000020012c0d        0x3 
                0x0000000020012c10                _edata = .

.igot.plt       0x0000000020012c10        0x0 load address 0x0000000008017758
 .igot.plt      0x0000000020012c10        0x0 d:/st/stm32cubeide_1.5.1/stm32cubeide/plugins/com.st.stm32cube.ide.mcu.externaltools.gnu-tools-for-stm32.9-2020-q2-update.win32_1.5.0.202011040924/tools/bin/../lib/gcc/arm-none-eabi/9.3.1/thumb/v7e-m+fp/hard/crtbegin.o
                0x0000000020012c10                . = ALIGN (0x4)

.bss            0x0000000020012c10      0x124 load address 0x0000000008017758
                0x0000000020012c10                _sbss = .
                0x0000000020012c10                __bss_start__ = _sbss
 *(.bss)
 .bss           0x0000000020012c10       0x1c d:/st/stm32cubeide_1.5.1/stm32cubeide/plugins/com.st.stm32cube.ide.mcu.externaltools.gnu-tools-for-stm32.9-2020-q2-update.win32_1.5.0.202011040924/tools/bin/../lib/gcc/arm-none-eabi/9.3.1/thumb/v7e-m+fp/hard/crtbegin.o
 *(.bss*)
 .bss.view_index
                0x0000000020012c2c        0x4 Core/Src/main.o
                0x0000000020012c2c                view_index
 *(COMMON)
 COMMON         0x0000000020012c30       0xa8 Core/Src/ltdc.o
                0x0000000020012c30                hltdc
 COMMON         0x0000000020012cd8       0x58 Core/Src/spi.o
                0x0000000020012cd8                hspi5
 COMMON         0x0000000020012d30        0x4 Drivers/STM32F4xx_HAL_Driver/Src/stm32f4xx_hal.o
                0x0000000020012d30                uwTick
                0x0000000020012d34                . = ALIGN (0x4)
                0x0000000020012d34                _ebss = .
                0x0000000020012d34                __bss_end__ = _ebss

._user_heap_stack
                0x0000000020012d34      0x604 load address 0x0000000008017758
                0x0000000020012d38                . = ALIGN (0x8)
 *fill*         0x0000000020012d34        0x4 
                [!provide]                        PROVIDE (end = .)
                0x0000000020012d38                PROVIDE (_end = .)
                0x0000000020012f38                . = (. + _Min_Heap_Size)
 *fill*         0x0000000020012d38      0x200 
                0x0000000020013338                . = (. + _Min_Stack_Size)
 *fill*         0x0000000020012f38      0x400 
                0x0000000020013338                . = ALIGN (0x8)

/DISCARD/
 libc.a(*)
 libm.a(*)
 libgcc.a(*)

.ARM.attributes
                0x0000000000000000       0x30
 *(.ARM.attributes)
 .ARM.attributes
                0x0000000000000000       0x1e d:/st/stm32cubeide_1.5.1/stm32cubeide/plugins/com.st.stm32cube.ide.mcu.externaltools.gnu-tools-for-stm32.9-2020-q2-update.win32_1.5.0.202011040924/tools/bin/../lib/gcc/arm-none-eabi/9.3.1/thumb/v7e-m+fp/hard/crti.o
 .ARM.attributes
                0x000000000000001e       0x34 d:/st/stm32cubeide_1.5.1/stm32cubeide/plugins/com.st.stm32cube.ide.mcu.externaltools.gnu-tools-for-stm32.9-2020-q2-update.win32_1.5.0.202011040924/tools/bin/../lib/gcc/arm-none-eabi/9.3.1/thumb/v7e-m+fp/hard/crtbegin.o
 .ARM.attributes
                0x0000000000000052       0x34 Core/Src/gpio.o
 .ARM.attributes
                0x0000000000000086       0x34 Core/Src/graphic.o
 .ARM.attributes
                0x00000000000000ba       0x34 Core/Src/lcd.o
 .ARM.attributes
                0x00000000000000ee       0x34 Core/Src/ltdc.o
 .ARM.attributes
                0x0000000000000122       0x34 Core/Src/main.o
 .ARM.attributes
                0x0000000000000156       0x34 Core/Src/screens.o
 .ARM.attributes
                0x000000000000018a       0x34 Core/Src/spi.o
 .ARM.attributes
                0x00000000000001be       0x34 Core/Src/stm32f4xx_hal_msp.o
 .ARM.attributes
                0x00000000000001f2       0x34 Core/Src/stm32f4xx_it.o
 .ARM.attributes
                0x0000000000000226       0x34 Core/Src/system_stm32f4xx.o
 .ARM.attributes
                0x000000000000025a       0x21 Core/Startup/startup_stm32f429zitx.o
 .ARM.attributes
                0x000000000000027b       0x34 Drivers/STM32F4xx_HAL_Driver/Src/stm32f4xx_hal.o
 .ARM.attributes
                0x00000000000002af       0x34 Drivers/STM32F4xx_HAL_Driver/Src/stm32f4xx_hal_cortex.o
 .ARM.attributes
                0x00000000000002e3       0x34 Drivers/STM32F4xx_HAL_Driver/Src/stm32f4xx_hal_gpio.o
 .ARM.attributes
                0x0000000000000317       0x34 Drivers/STM32F4xx_HAL_Driver/Src/stm32f4xx_hal_ltdc.o
 .ARM.attributes
                0x000000000000034b       0x34 Drivers/STM32F4xx_HAL_Driver/Src/stm32f4xx_hal_pwr_ex.o
 .ARM.attributes
                0x000000000000037f       0x34 Drivers/STM32F4xx_HAL_Driver/Src/stm32f4xx_hal_rcc.o
 .ARM.attributes
                0x00000000000003b3       0x34 Drivers/STM32F4xx_HAL_Driver/Src/stm32f4xx_hal_rcc_ex.o
 .ARM.attributes
                0x00000000000003e7       0x34 Drivers/STM32F4xx_HAL_Driver/Src/stm32f4xx_hal_spi.o
 .ARM.attributes
                0x000000000000041b       0x34 d:/st/stm32cubeide_1.5.1/stm32cubeide/plugins/com.st.stm32cube.ide.mcu.externaltools.gnu-tools-for-stm32.9-2020-q2-update.win32_1.5.0.202011040924/tools/bin/../lib/gcc/arm-none-eabi/9.3.1/../../../../arm-none-eabi/lib/thumb/v7e-m+fp/hard\libc_nano.a(lib_a-init.o)
 .ARM.attributes
                0x000000000000044f       0x34 d:/st/stm32cubeide_1.5.1/stm32cubeide/plugins/com.st.stm32cube.ide.mcu.externaltools.gnu-tools-for-stm32.9-2020-q2-update.win32_1.5.0.202011040924/tools/bin/../lib/gcc/arm-none-eabi/9.3.1/../../../../arm-none-eabi/lib/thumb/v7e-m+fp/hard\libc_nano.a(lib_a-memset.o)
 .ARM.attributes
                0x0000000000000483       0x1e d:/st/stm32cubeide_1.5.1/stm32cubeide/plugins/com.st.stm32cube.ide.mcu.externaltools.gnu-tools-for-stm32.9-2020-q2-update.win32_1.5.0.202011040924/tools/bin/../lib/gcc/arm-none-eabi/9.3.1/thumb/v7e-m+fp/hard\libgcc.a(_aeabi_uldivmod.o)
 .ARM.attributes
                0x00000000000004a1       0x34 d:/st/stm32cubeide_1.5.1/stm32cubeide/plugins/com.st.stm32cube.ide.mcu.externaltools.gnu-tools-for-stm32.9-2020-q2-update.win32_1.5.0.202011040924/tools/bin/../lib/gcc/arm-none-eabi/9.3.1/thumb/v7e-m+fp/hard\libgcc.a(_udivmoddi4.o)
 .ARM.attributes
                0x00000000000004d5       0x1e d:/st/stm32cubeide_1.5.1/stm32cubeide/plugins/com.st.stm32cube.ide.mcu.externaltools.gnu-tools-for-stm32.9-2020-q2-update.win32_1.5.0.202011040924/tools/bin/../lib/gcc/arm-none-eabi/9.3.1/thumb/v7e-m+fp/hard\libgcc.a(_dvmd_tls.o)
 .ARM.attributes
                0x00000000000004f3       0x1e d:/st/stm32cubeide_1.5.1/stm32cubeide/plugins/com.st.stm32cube.ide.mcu.externaltools.gnu-tools-for-stm32.9-2020-q2-update.win32_1.5.0.202011040924/tools/bin/../lib/gcc/arm-none-eabi/9.3.1/thumb/v7e-m+fp/hard/crtn.o
OUTPUT(CapstoneTemporary.elf elf32-littlearm)
LOAD linker stubs
LOAD d:/st/stm32cubeide_1.5.1/stm32cubeide/plugins/com.st.stm32cube.ide.mcu.externaltools.gnu-tools-for-stm32.9-2020-q2-update.win32_1.5.0.202011040924/tools/bin/../lib/gcc/arm-none-eabi/9.3.1/../../../../arm-none-eabi/lib/thumb/v7e-m+fp/hard\libc.a
LOAD d:/st/stm32cubeide_1.5.1/stm32cubeide/plugins/com.st.stm32cube.ide.mcu.externaltools.gnu-tools-for-stm32.9-2020-q2-update.win32_1.5.0.202011040924/tools/bin/../lib/gcc/arm-none-eabi/9.3.1/../../../../arm-none-eabi/lib/thumb/v7e-m+fp/hard\libm.a
LOAD d:/st/stm32cubeide_1.5.1/stm32cubeide/plugins/com.st.stm32cube.ide.mcu.externaltools.gnu-tools-for-stm32.9-2020-q2-update.win32_1.5.0.202011040924/tools/bin/../lib/gcc/arm-none-eabi/9.3.1/thumb/v7e-m+fp/hard\libgcc.a

.debug_info     0x0000000000000000     0xce26
 .debug_info    0x0000000000000000      0x424 Core/Src/gpio.o
 .debug_info    0x0000000000000424     0x19c2 Core/Src/graphic.o
 .debug_info    0x0000000000001de6     0x1852 Core/Src/lcd.o
 .debug_info    0x0000000000003638      0x9e7 Core/Src/ltdc.o
 .debug_info    0x000000000000401f     0x131d Core/Src/main.o
 .debug_info    0x000000000000533c      0x230 Core/Src/screens.o
 .debug_info    0x000000000000556c      0xa70 Core/Src/spi.o
 .debug_info    0x0000000000005fdc      0x3b0 Core/Src/stm32f4xx_hal_msp.o
 .debug_info    0x000000000000638c      0x222 Core/Src/stm32f4xx_it.o
 .debug_info    0x00000000000065ae      0x5c0 Core/Src/system_stm32f4xx.o
 .debug_info    0x0000000000006b6e       0x22 Core/Startup/startup_stm32f429zitx.o
 .debug_info    0x0000000000006b90      0xa2a Drivers/STM32F4xx_HAL_Driver/Src/stm32f4xx_hal.o
 .debug_info    0x00000000000075ba      0xf0d Drivers/STM32F4xx_HAL_Driver/Src/stm32f4xx_hal_cortex.o
 .debug_info    0x00000000000084c7      0x84a Drivers/STM32F4xx_HAL_Driver/Src/stm32f4xx_hal_gpio.o
 .debug_info    0x0000000000008d11     0x121e Drivers/STM32F4xx_HAL_Driver/Src/stm32f4xx_hal_ltdc.o
 .debug_info    0x0000000000009f2f      0x7ae Drivers/STM32F4xx_HAL_Driver/Src/stm32f4xx_hal_pwr_ex.o
 .debug_info    0x000000000000a6dd      0x9b2 Drivers/STM32F4xx_HAL_Driver/Src/stm32f4xx_hal_rcc.o
 .debug_info    0x000000000000b08f      0x723 Drivers/STM32F4xx_HAL_Driver/Src/stm32f4xx_hal_rcc_ex.o
 .debug_info    0x000000000000b7b2     0x1674 Drivers/STM32F4xx_HAL_Driver/Src/stm32f4xx_hal_spi.o

.debug_abbrev   0x0000000000000000     0x2079
 .debug_abbrev  0x0000000000000000      0x11d Core/Src/gpio.o
 .debug_abbrev  0x000000000000011d      0x18e Core/Src/graphic.o
 .debug_abbrev  0x00000000000002ab      0x277 Core/Src/lcd.o
 .debug_abbrev  0x0000000000000522      0x193 Core/Src/ltdc.o
 .debug_abbrev  0x00000000000006b5      0x1ed Core/Src/main.o
 .debug_abbrev  0x00000000000008a2       0xff Core/Src/screens.o
 .debug_abbrev  0x00000000000009a1      0x1bb Core/Src/spi.o
 .debug_abbrev  0x0000000000000b5c      0x11d Core/Src/stm32f4xx_hal_msp.o
 .debug_abbrev  0x0000000000000c79       0xd2 Core/Src/stm32f4xx_it.o
 .debug_abbrev  0x0000000000000d4b      0x145 Core/Src/system_stm32f4xx.o
 .debug_abbrev  0x0000000000000e90       0x12 Core/Startup/startup_stm32f429zitx.o
 .debug_abbrev  0x0000000000000ea2      0x1ed Drivers/STM32F4xx_HAL_Driver/Src/stm32f4xx_hal.o
 .debug_abbrev  0x000000000000108f      0x33c Drivers/STM32F4xx_HAL_Driver/Src/stm32f4xx_hal_cortex.o
 .debug_abbrev  0x00000000000013cb      0x1f1 Drivers/STM32F4xx_HAL_Driver/Src/stm32f4xx_hal_gpio.o
 .debug_abbrev  0x00000000000015bc      0x260 Drivers/STM32F4xx_HAL_Driver/Src/stm32f4xx_hal_ltdc.o
 .debug_abbrev  0x000000000000181c      0x1da Drivers/STM32F4xx_HAL_Driver/Src/stm32f4xx_hal_pwr_ex.o
 .debug_abbrev  0x00000000000019f6      0x275 Drivers/STM32F4xx_HAL_Driver/Src/stm32f4xx_hal_rcc.o
 .debug_abbrev  0x0000000000001c6b      0x18f Drivers/STM32F4xx_HAL_Driver/Src/stm32f4xx_hal_rcc_ex.o
 .debug_abbrev  0x0000000000001dfa      0x27f Drivers/STM32F4xx_HAL_Driver/Src/stm32f4xx_hal_spi.o

.debug_aranges  0x0000000000000000      0xa78
 .debug_aranges
                0x0000000000000000       0x20 Core/Src/gpio.o
 .debug_aranges
                0x0000000000000020      0x168 Core/Src/graphic.o
 .debug_aranges
                0x0000000000000188       0x70 Core/Src/lcd.o
 .debug_aranges
                0x00000000000001f8       0x30 Core/Src/ltdc.o
 .debug_aranges
                0x0000000000000228       0x40 Core/Src/main.o
 .debug_aranges
                0x0000000000000268       0x40 Core/Src/screens.o
 .debug_aranges
                0x00000000000002a8       0x30 Core/Src/spi.o
 .debug_aranges
                0x00000000000002d8       0x20 Core/Src/stm32f4xx_hal_msp.o
 .debug_aranges
                0x00000000000002f8       0x60 Core/Src/stm32f4xx_it.o
 .debug_aranges
                0x0000000000000358       0x28 Core/Src/system_stm32f4xx.o
 .debug_aranges
                0x0000000000000380       0x28 Core/Startup/startup_stm32f429zitx.o
 .debug_aranges
                0x00000000000003a8      0x100 Drivers/STM32F4xx_HAL_Driver/Src/stm32f4xx_hal.o
 .debug_aranges
                0x00000000000004a8      0x118 Drivers/STM32F4xx_HAL_Driver/Src/stm32f4xx_hal_cortex.o
 .debug_aranges
                0x00000000000005c0       0x58 Drivers/STM32F4xx_HAL_Driver/Src/stm32f4xx_hal_gpio.o
 .debug_aranges
                0x0000000000000618      0x158 Drivers/STM32F4xx_HAL_Driver/Src/stm32f4xx_hal_ltdc.o
 .debug_aranges
                0x0000000000000770       0x60 Drivers/STM32F4xx_HAL_Driver/Src/stm32f4xx_hal_pwr_ex.o
 .debug_aranges
                0x00000000000007d0       0x88 Drivers/STM32F4xx_HAL_Driver/Src/stm32f4xx_hal_rcc.o
 .debug_aranges
                0x0000000000000858       0x58 Drivers/STM32F4xx_HAL_Driver/Src/stm32f4xx_hal_rcc_ex.o
 .debug_aranges
                0x00000000000008b0      0x1c8 Drivers/STM32F4xx_HAL_Driver/Src/stm32f4xx_hal_spi.o

.debug_ranges   0x0000000000000000      0x950
 .debug_ranges  0x0000000000000000       0x10 Core/Src/gpio.o
 .debug_ranges  0x0000000000000010      0x158 Core/Src/graphic.o
 .debug_ranges  0x0000000000000168       0x60 Core/Src/lcd.o
 .debug_ranges  0x00000000000001c8       0x20 Core/Src/ltdc.o
 .debug_ranges  0x00000000000001e8       0x30 Core/Src/main.o
 .debug_ranges  0x0000000000000218       0x30 Core/Src/screens.o
 .debug_ranges  0x0000000000000248       0x20 Core/Src/spi.o
 .debug_ranges  0x0000000000000268       0x10 Core/Src/stm32f4xx_hal_msp.o
 .debug_ranges  0x0000000000000278       0x50 Core/Src/stm32f4xx_it.o
 .debug_ranges  0x00000000000002c8       0x18 Core/Src/system_stm32f4xx.o
 .debug_ranges  0x00000000000002e0       0x20 Core/Startup/startup_stm32f429zitx.o
 .debug_ranges  0x0000000000000300       0xf0 Drivers/STM32F4xx_HAL_Driver/Src/stm32f4xx_hal.o
 .debug_ranges  0x00000000000003f0      0x108 Drivers/STM32F4xx_HAL_Driver/Src/stm32f4xx_hal_cortex.o
 .debug_ranges  0x00000000000004f8       0x48 Drivers/STM32F4xx_HAL_Driver/Src/stm32f4xx_hal_gpio.o
 .debug_ranges  0x0000000000000540      0x148 Drivers/STM32F4xx_HAL_Driver/Src/stm32f4xx_hal_ltdc.o
 .debug_ranges  0x0000000000000688       0x50 Drivers/STM32F4xx_HAL_Driver/Src/stm32f4xx_hal_pwr_ex.o
 .debug_ranges  0x00000000000006d8       0x78 Drivers/STM32F4xx_HAL_Driver/Src/stm32f4xx_hal_rcc.o
 .debug_ranges  0x0000000000000750       0x48 Drivers/STM32F4xx_HAL_Driver/Src/stm32f4xx_hal_rcc_ex.o
 .debug_ranges  0x0000000000000798      0x1b8 Drivers/STM32F4xx_HAL_Driver/Src/stm32f4xx_hal_spi.o

.debug_macro    0x0000000000000000    0x24052
 .debug_macro   0x0000000000000000      0x1ed Core/Src/gpio.o
 .debug_macro   0x00000000000001ed      0xaa8 Core/Src/gpio.o
 .debug_macro   0x0000000000000c95      0x294 Core/Src/gpio.o
 .debug_macro   0x0000000000000f29       0x2e Core/Src/gpio.o
 .debug_macro   0x0000000000000f57       0x28 Core/Src/gpio.o
 .debug_macro   0x0000000000000f7f       0x22 Core/Src/gpio.o
 .debug_macro   0x0000000000000fa1       0x8e Core/Src/gpio.o
 .debug_macro   0x000000000000102f       0x51 Core/Src/gpio.o
 .debug_macro   0x0000000000001080      0x103 Core/Src/gpio.o
 .debug_macro   0x0000000000001183       0x6a Core/Src/gpio.o
 .debug_macro   0x00000000000011ed      0x1df Core/Src/gpio.o
 .debug_macro   0x00000000000013cc       0x1c Core/Src/gpio.o
 .debug_macro   0x00000000000013e8       0x22 Core/Src/gpio.o
 .debug_macro   0x000000000000140a       0xdf Core/Src/gpio.o
 .debug_macro   0x00000000000014e9     0x102d Core/Src/gpio.o
 .debug_macro   0x0000000000002516      0x11f Core/Src/gpio.o
 .debug_macro   0x0000000000002635    0x17f69 Core/Src/gpio.o
 .debug_macro   0x000000000001a59e       0x43 Core/Src/gpio.o
 .debug_macro   0x000000000001a5e1     0x36c9 Core/Src/gpio.o
 .debug_macro   0x000000000001dcaa      0x174 Core/Src/gpio.o
 .debug_macro   0x000000000001de1e       0x5a Core/Src/gpio.o
 .debug_macro   0x000000000001de78      0xca5 Core/Src/gpio.o
 .debug_macro   0x000000000001eb1d      0x9fe Core/Src/gpio.o
 .debug_macro   0x000000000001f51b      0x117 Core/Src/gpio.o
 .debug_macro   0x000000000001f632      0x157 Core/Src/gpio.o
 .debug_macro   0x000000000001f789       0x27 Core/Src/gpio.o
 .debug_macro   0x000000000001f7b0      0x182 Core/Src/gpio.o
 .debug_macro   0x000000000001f932      0x287 Core/Src/gpio.o
 .debug_macro   0x000000000001fbb9       0x5f Core/Src/gpio.o
 .debug_macro   0x000000000001fc18      0x236 Core/Src/gpio.o
 .debug_macro   0x000000000001fe4e      0x132 Core/Src/gpio.o
 .debug_macro   0x000000000001ff80      0x41d Core/Src/gpio.o
 .debug_macro   0x000000000002039d       0x2e Core/Src/gpio.o
 .debug_macro   0x00000000000203cb      0x198 Core/Src/gpio.o
 .debug_macro   0x0000000000020563       0xd6 Core/Src/gpio.o
 .debug_macro   0x0000000000020639      0x11a Core/Src/gpio.o
 .debug_macro   0x0000000000020753       0xe2 Core/Src/gpio.o
 .debug_macro   0x0000000000020835       0x89 Core/Src/gpio.o
 .debug_macro   0x00000000000208be      0x202 Core/Src/gpio.o
 .debug_macro   0x0000000000020ac0      0x134 Core/Src/gpio.o
 .debug_macro   0x0000000000020bf4      0x4c9 Core/Src/gpio.o
 .debug_macro   0x00000000000210bd      0x1ec Core/Src/graphic.o
 .debug_macro   0x00000000000212a9       0x2e Core/Src/graphic.o
 .debug_macro   0x00000000000212d7      0x3a6 Core/Src/lcd.o
 .debug_macro   0x000000000002167d      0x1fc Core/Src/lcd.o
 .debug_macro   0x0000000000021879       0x52 Core/Src/lcd.o
 .debug_macro   0x00000000000218cb       0x18 Core/Src/lcd.o
 .debug_macro   0x00000000000218e3       0x3c Core/Src/lcd.o
 .debug_macro   0x000000000002191f       0x34 Core/Src/lcd.o
 .debug_macro   0x0000000000021953       0x16 Core/Src/lcd.o
 .debug_macro   0x0000000000021969       0x35 Core/Src/lcd.o
 .debug_macro   0x000000000002199e      0x333 Core/Src/lcd.o
 .debug_macro   0x0000000000021cd1       0x10 Core/Src/lcd.o
 .debug_macro   0x0000000000021ce1       0x16 Core/Src/lcd.o
 .debug_macro   0x0000000000021cf7       0x43 Core/Src/lcd.o
 .debug_macro   0x0000000000021d3a       0x34 Core/Src/lcd.o
 .debug_macro   0x0000000000021d6e       0x10 Core/Src/lcd.o
 .debug_macro   0x0000000000021d7e       0x58 Core/Src/lcd.o
 .debug_macro   0x0000000000021dd6       0x71 Core/Src/lcd.o
 .debug_macro   0x0000000000021e47       0x1c Core/Src/lcd.o
 .debug_macro   0x0000000000021e63      0x12a Core/Src/lcd.o
 .debug_macro   0x0000000000021f8d       0x10 Core/Src/lcd.o
 .debug_macro   0x0000000000021f9d       0x1c Core/Src/lcd.o
 .debug_macro   0x0000000000021fb9       0x52 Core/Src/lcd.o
 .debug_macro   0x000000000002200b       0x22 Core/Src/lcd.o
 .debug_macro   0x000000000002202d       0x10 Core/Src/lcd.o
 .debug_macro   0x000000000002203d       0x40 Core/Src/lcd.o
 .debug_macro   0x000000000002207d       0xd5 Core/Src/lcd.o
 .debug_macro   0x0000000000022152       0x1c Core/Src/lcd.o
 .debug_macro   0x000000000002216e       0x3d Core/Src/lcd.o
 .debug_macro   0x00000000000221ab       0x16 Core/Src/lcd.o
 .debug_macro   0x00000000000221c1      0x145 Core/Src/lcd.o
 .debug_macro   0x0000000000022306       0x16 Core/Src/lcd.o
 .debug_macro   0x000000000002231c       0x20 Core/Src/lcd.o
 .debug_macro   0x000000000002233c      0x1ed Core/Src/ltdc.o
 .debug_macro   0x0000000000022529      0x222 Core/Src/main.o
 .debug_macro   0x000000000002274b      0x1f6 Core/Src/screens.o
 .debug_macro   0x0000000000022941      0x1ed Core/Src/spi.o
 .debug_macro   0x0000000000022b2e      0x1e3 Core/Src/stm32f4xx_hal_msp.o
 .debug_macro   0x0000000000022d11      0x1ed Core/Src/stm32f4xx_it.o
 .debug_macro   0x0000000000022efe      0x1da Core/Src/system_stm32f4xx.o
 .debug_macro   0x00000000000230d8      0x234 Drivers/STM32F4xx_HAL_Driver/Src/stm32f4xx_hal.o
 .debug_macro   0x000000000002330c      0x1d4 Drivers/STM32F4xx_HAL_Driver/Src/stm32f4xx_hal_cortex.o
 .debug_macro   0x00000000000234e0      0x20a Drivers/STM32F4xx_HAL_Driver/Src/stm32f4xx_hal_gpio.o
 .debug_macro   0x00000000000236ea      0x1d4 Drivers/STM32F4xx_HAL_Driver/Src/stm32f4xx_hal_ltdc.o
 .debug_macro   0x00000000000238be      0x1ec Drivers/STM32F4xx_HAL_Driver/Src/stm32f4xx_hal_pwr_ex.o
 .debug_macro   0x0000000000023aaa      0x1f8 Drivers/STM32F4xx_HAL_Driver/Src/stm32f4xx_hal_rcc.o
 .debug_macro   0x0000000000023ca2      0x1d4 Drivers/STM32F4xx_HAL_Driver/Src/stm32f4xx_hal_rcc_ex.o
 .debug_macro   0x0000000000023e76      0x1dc Drivers/STM32F4xx_HAL_Driver/Src/stm32f4xx_hal_spi.o

.debug_line     0x0000000000000000     0xdbdb
 .debug_line    0x0000000000000000      0x6c8 Core/Src/gpio.o
 .debug_line    0x00000000000006c8     0x1f43 Core/Src/graphic.o
 .debug_line    0x000000000000260b      0xb38 Core/Src/lcd.o
 .debug_line    0x0000000000003143      0x7da Core/Src/ltdc.o
 .debug_line    0x000000000000391d      0x7f1 Core/Src/main.o
 .debug_line    0x000000000000410e      0x8b2 Core/Src/screens.o
 .debug_line    0x00000000000049c0      0x738 Core/Src/spi.o
 .debug_line    0x00000000000050f8      0x6c9 Core/Src/stm32f4xx_hal_msp.o
 .debug_line    0x00000000000057c1      0x78a Core/Src/stm32f4xx_it.o
 .debug_line    0x0000000000005f4b      0x74f Core/Src/system_stm32f4xx.o
 .debug_line    0x000000000000669a       0x85 Core/Startup/startup_stm32f429zitx.o
 .debug_line    0x000000000000671f      0x9e5 Drivers/STM32F4xx_HAL_Driver/Src/stm32f4xx_hal.o
 .debug_line    0x0000000000007104      0xc5e Drivers/STM32F4xx_HAL_Driver/Src/stm32f4xx_hal_cortex.o
 .debug_line    0x0000000000007d62      0xb5f Drivers/STM32F4xx_HAL_Driver/Src/stm32f4xx_hal_gpio.o
 .debug_line    0x00000000000088c1     0x16e4 Drivers/STM32F4xx_HAL_Driver/Src/stm32f4xx_hal_ltdc.o
 .debug_line    0x0000000000009fa5      0x8de Drivers/STM32F4xx_HAL_Driver/Src/stm32f4xx_hal_pwr_ex.o
 .debug_line    0x000000000000a883      0xd14 Drivers/STM32F4xx_HAL_Driver/Src/stm32f4xx_hal_rcc.o
 .debug_line    0x000000000000b597      0xb80 Drivers/STM32F4xx_HAL_Driver/Src/stm32f4xx_hal_rcc_ex.o
 .debug_line    0x000000000000c117     0x1ac4 Drivers/STM32F4xx_HAL_Driver/Src/stm32f4xx_hal_spi.o

.debug_str      0x0000000000000000    0xd3ac2
 .debug_str     0x0000000000000000    0xcc51d Core/Src/gpio.o
                                      0xcc7a3 (size before relaxing)
 .debug_str     0x00000000000cc51d      0x2e8 Core/Src/graphic.o
                                      0xcc954 (size before relaxing)
 .debug_str     0x00000000000cc805     0x4e15 Core/Src/lcd.o
                                      0xd171d (size before relaxing)
 .debug_str     0x00000000000d161a       0x8f Core/Src/ltdc.o
                                      0xccb25 (size before relaxing)
 .debug_str     0x00000000000d16a9      0x7b2 Core/Src/main.o
                                      0xcd708 (size before relaxing)
 .debug_str     0x00000000000d1e5b       0x5e Core/Src/screens.o
                                      0xcc747 (size before relaxing)
 .debug_str     0x00000000000d1eb9       0x4b Core/Src/spi.o
                                      0xccc89 (size before relaxing)
 .debug_str     0x00000000000d1f04       0x2c Core/Src/stm32f4xx_hal_msp.o
                                      0xcc7a5 (size before relaxing)
 .debug_str     0x00000000000d1f30       0xbd Core/Src/stm32f4xx_it.o
                                      0xcc720 (size before relaxing)
 .debug_str     0x00000000000d1fed       0xc4 Core/Src/system_stm32f4xx.o
                                      0xcb8f1 (size before relaxing)
 .debug_str     0x00000000000d20b1       0x36 Core/Startup/startup_stm32f429zitx.o
                                         0x7a (size before relaxing)
 .debug_str     0x00000000000d20e7      0x5c8 Drivers/STM32F4xx_HAL_Driver/Src/stm32f4xx_hal.o
                                      0xcc45d (size before relaxing)
 .debug_str     0x00000000000d26af      0x399 Drivers/STM32F4xx_HAL_Driver/Src/stm32f4xx_hal_cortex.o
                                      0xcc1fe (size before relaxing)
 .debug_str     0x00000000000d2a48      0x20c Drivers/STM32F4xx_HAL_Driver/Src/stm32f4xx_hal_gpio.o
                                      0xcbb30 (size before relaxing)
 .debug_str     0x00000000000d2c54      0x4a3 Drivers/STM32F4xx_HAL_Driver/Src/stm32f4xx_hal_ltdc.o
                                      0xcbf37 (size before relaxing)
 .debug_str     0x00000000000d30f7      0x135 Drivers/STM32F4xx_HAL_Driver/Src/stm32f4xx_hal_pwr_ex.o
                                      0xcbad4 (size before relaxing)
 .debug_str     0x00000000000d322c      0x259 Drivers/STM32F4xx_HAL_Driver/Src/stm32f4xx_hal_rcc.o
                                      0xcbcde (size before relaxing)
 .debug_str     0x00000000000d3485      0x145 Drivers/STM32F4xx_HAL_Driver/Src/stm32f4xx_hal_rcc_ex.o
                                      0xcbacf (size before relaxing)
 .debug_str     0x00000000000d35ca      0x4f8 Drivers/STM32F4xx_HAL_Driver/Src/stm32f4xx_hal_spi.o
                                      0xcc0c7 (size before relaxing)

.comment        0x0000000000000000       0x53
 .comment       0x0000000000000000       0x53 Core/Src/gpio.o
                                         0x54 (size before relaxing)
 .comment       0x0000000000000053       0x54 Core/Src/graphic.o
 .comment       0x0000000000000053       0x54 Core/Src/lcd.o
 .comment       0x0000000000000053       0x54 Core/Src/ltdc.o
 .comment       0x0000000000000053       0x54 Core/Src/main.o
 .comment       0x0000000000000053       0x54 Core/Src/screens.o
 .comment       0x0000000000000053       0x54 Core/Src/spi.o
 .comment       0x0000000000000053       0x54 Core/Src/stm32f4xx_hal_msp.o
 .comment       0x0000000000000053       0x54 Core/Src/stm32f4xx_it.o
 .comment       0x0000000000000053       0x54 Core/Src/system_stm32f4xx.o
 .comment       0x0000000000000053       0x54 Drivers/STM32F4xx_HAL_Driver/Src/stm32f4xx_hal.o
 .comment       0x0000000000000053       0x54 Drivers/STM32F4xx_HAL_Driver/Src/stm32f4xx_hal_cortex.o
 .comment       0x0000000000000053       0x54 Drivers/STM32F4xx_HAL_Driver/Src/stm32f4xx_hal_gpio.o
 .comment       0x0000000000000053       0x54 Drivers/STM32F4xx_HAL_Driver/Src/stm32f4xx_hal_ltdc.o
 .comment       0x0000000000000053       0x54 Drivers/STM32F4xx_HAL_Driver/Src/stm32f4xx_hal_pwr_ex.o
 .comment       0x0000000000000053       0x54 Drivers/STM32F4xx_HAL_Driver/Src/stm32f4xx_hal_rcc.o
 .comment       0x0000000000000053       0x54 Drivers/STM32F4xx_HAL_Driver/Src/stm32f4xx_hal_rcc_ex.o
 .comment       0x0000000000000053       0x54 Drivers/STM32F4xx_HAL_Driver/Src/stm32f4xx_hal_spi.o

.debug_frame    0x0000000000000000     0x289c
 .debug_frame   0x0000000000000000       0x38 Core/Src/gpio.o
 .debug_frame   0x0000000000000038      0x60c Core/Src/graphic.o
 .debug_frame   0x0000000000000644      0x188 Core/Src/lcd.o
 .debug_frame   0x00000000000007cc       0x7c Core/Src/ltdc.o
 .debug_frame   0x0000000000000848       0xb4 Core/Src/main.o
 .debug_frame   0x00000000000008fc       0xc8 Core/Src/screens.o
 .debug_frame   0x00000000000009c4       0x74 Core/Src/spi.o
 .debug_frame   0x0000000000000a38       0x34 Core/Src/stm32f4xx_hal_msp.o
 .debug_frame   0x0000000000000a6c      0x104 Core/Src/stm32f4xx_it.o
 .debug_frame   0x0000000000000b70       0x58 Core/Src/system_stm32f4xx.o
 .debug_frame   0x0000000000000bc8      0x3b4 Drivers/STM32F4xx_HAL_Driver/Src/stm32f4xx_hal.o
 .debug_frame   0x0000000000000f7c      0x498 Drivers/STM32F4xx_HAL_Driver/Src/stm32f4xx_hal_cortex.o
 .debug_frame   0x0000000000001414      0x14c Drivers/STM32F4xx_HAL_Driver/Src/stm32f4xx_hal_gpio.o
 .debug_frame   0x0000000000001560      0x61c Drivers/STM32F4xx_HAL_Driver/Src/stm32f4xx_hal_ltdc.o
 .debug_frame   0x0000000000001b7c      0x14c Drivers/STM32F4xx_HAL_Driver/Src/stm32f4xx_hal_pwr_ex.o
 .debug_frame   0x0000000000001cc8      0x1f0 Drivers/STM32F4xx_HAL_Driver/Src/stm32f4xx_hal_rcc.o
 .debug_frame   0x0000000000001eb8      0x13c Drivers/STM32F4xx_HAL_Driver/Src/stm32f4xx_hal_rcc_ex.o
 .debug_frame   0x0000000000001ff4      0x7fc Drivers/STM32F4xx_HAL_Driver/Src/stm32f4xx_hal_spi.o
 .debug_frame   0x00000000000027f0       0x2c d:/st/stm32cubeide_1.5.1/stm32cubeide/plugins/com.st.stm32cube.ide.mcu.externaltools.gnu-tools-for-stm32.9-2020-q2-update.win32_1.5.0.202011040924/tools/bin/../lib/gcc/arm-none-eabi/9.3.1/../../../../arm-none-eabi/lib/thumb/v7e-m+fp/hard\libc_nano.a(lib_a-init.o)
 .debug_frame   0x000000000000281c       0x20 d:/st/stm32cubeide_1.5.1/stm32cubeide/plugins/com.st.stm32cube.ide.mcu.externaltools.gnu-tools-for-stm32.9-2020-q2-update.win32_1.5.0.202011040924/tools/bin/../lib/gcc/arm-none-eabi/9.3.1/../../../../arm-none-eabi/lib/thumb/v7e-m+fp/hard\libc_nano.a(lib_a-memset.o)
 .debug_frame   0x000000000000283c       0x2c d:/st/stm32cubeide_1.5.1/stm32cubeide/plugins/com.st.stm32cube.ide.mcu.externaltools.gnu-tools-for-stm32.9-2020-q2-update.win32_1.5.0.202011040924/tools/bin/../lib/gcc/arm-none-eabi/9.3.1/thumb/v7e-m+fp/hard\libgcc.a(_aeabi_uldivmod.o)
 .debug_frame   0x0000000000002868       0x34 d:/st/stm32cubeide_1.5.1/stm32cubeide/plugins/com.st.stm32cube.ide.mcu.externaltools.gnu-tools-for-stm32.9-2020-q2-update.win32_1.5.0.202011040924/tools/bin/../lib/gcc/arm-none-eabi/9.3.1/thumb/v7e-m+fp/hard\libgcc.a(_udivmoddi4.o)
